Component: ARM Compiler 5.06 update 7 (build 960) Tool: armlink [4d3601]

==============================================================================

Section Cross References

    main.o(.text) refers to rtx_kernel.o(.text) for osKernelGetState
    main.o(.text) refers to stm32f4xx_hal_rcc.o(.text) for HAL_RCC_OscConfig
    main.o(.text) refers to stm32f4xx_hal.o(.text) for HAL_GetREVID
    main.o(.text) refers to system_stm32f4xx_1.o(.text) for SystemCoreClockUpdate
    main.o(.text) refers to i2c_prueba_temp.o(.text) for Init_temp_sensor
    main.o(.text) refers to system_stm32f4xx_1.o(.data) for SystemCoreClock
    main.o(.text) refers to main.o(.data) for .data
    http_server.o(.text) refers to consumo.o(.text) for ADC_StartConversion
    http_server.o(.text) refers to rtx_thread.o(.text) for osThreadFlagsSet
    http_server.o(.text) refers to rtx_msgqueue.o(.text) for osMessageQueueNew
    http_server.o(.text) refers to strcpy.o(.text) for strcpy
    http_server.o(.text) refers to ctype_o.o(.text) for __rt_ctype_table
    http_server.o(.text) refers to memseta.o(.text) for __aeabi_memclr
    http_server.o(.text) refers to printfa.o(i.__0sprintf) for __2sprintf
    http_server.o(.text) refers to strlen.o(.text) for strlen
    http_server.o(.text) refers to strtoul.o(.text) for strtoul
    http_server.o(.text) refers to strncpy.o(.text) for strncpy
    http_server.o(.text) refers to net_sys.o(i.netInitialize) for netInitialize
    http_server.o(.text) refers to principal.o(.text) for Init_Thread_principal
    http_server.o(.text) refers to http_server.o(.data) for .data
    http_server.o(.text) refers to http_server.o(.bss) for .bss
    http_server.o(.text) refers to principal.o(.data) for tid_Thread_principal
    http_server.o(.constdata) refers to http_server.o(.bss) for app_main_stk
    http_server_cgi.o(.text) refers to net_http_server.o(i.netCGI_GetEnvVar) for netCGI_GetEnvVar
    http_server_cgi.o(.text) refers to net_addr.o(i.netIP_aton) for netIP_aton
    http_server_cgi.o(.text) refers to net_sys.o(i.netIF_SetOption) for netIF_SetOption
    http_server_cgi.o(.text) refers to strncmp.o(.text) for strncmp
    http_server_cgi.o(.text) refers to strcmp.o(.text) for strcmp
    http_server_cgi.o(.text) refers to leds.o(.text) for Led_verde_reset
    http_server_cgi.o(.text) refers to strcpy.o(.text) for strcpy
    http_server_cgi.o(.text) refers to rtx_thread.o(.text) for osThreadFlagsSet
    http_server_cgi.o(.text) refers to memseta.o(.text) for __aeabi_memclr
    http_server_cgi.o(.text) refers to printfa.o(i.__0sprintf) for __2sprintf
    http_server_cgi.o(.text) refers to http_server_cgi.o(.bss) for .bss
    http_server_cgi.o(.text) refers to http_server_cgi.o(.data) for .data
    http_server_cgi.o(.text) refers to http_server.o(.data) for consumo
    http_server_cgi.o(.text) refers to http_server.o(.data) for TID_Usuarios
    http_server_cgi.o(.text) refers to http_server.o(.bss) for add_text
    http_server_cgi.o(.text) refers to rtc.o(.bss) for rtc_date_time
    http_server_cgi.o(.text) refers to rtx_msgqueue.o(.text) for osMessageQueueGet
    http_server_cgi.o(.text) refers to memcpya.o(.text) for __aeabi_memcpy
    http_server_cgi.o(.text) refers to http_server.o(.text) for get_button
    leds.o(.text) refers to stm32f4xx_hal_gpio.o(.text) for HAL_GPIO_Init
    leds.o(.text) refers to leds.o(.bss) for .bss
    web.o(.text) refers to web.o(.constdata) for .constdata
    web.o(.constdata) refers to web.o(.constdata) for imageFileData
    rtc.o(.text) refers to stm32f4xx_hal_cortex.o(.text) for HAL_NVIC_EnableIRQ
    rtc.o(.text) refers to stm32f4xx_hal_rtc.o(.text) for HAL_RTC_SetAlarm_IT
    rtc.o(.text) refers to localtime.o(.text) for localtime
    rtc.o(.text) refers to memcpya.o(.text) for __aeabi_memcpy4
    rtc.o(.text) refers to net_sntp_client_core.o(i.netSNTPc_GetTime) for netSNTPc_GetTime
    rtc.o(.text) refers to rtx_timer.o(.text) for osTimerNew
    rtc.o(.text) refers to printfa.o(i.__0sprintf) for __2sprintf
    rtc.o(.text) refers to rtx_thread.o(.text) for osThreadFlagsSet
    rtc.o(.text) refers to stm32f4xx_hal_pwr.o(.text) for HAL_PWR_EnableBkUpAccess
    rtc.o(.text) refers to stm32f4xx_hal_rcc.o(.text) for HAL_RCC_OscConfig
    rtc.o(.text) refers to stm32f4xx_hal_rcc_ex.o(.text) for HAL_RCCEx_PeriphCLKConfig
    rtc.o(.text) refers to rtc.o(.bss) for .bss
    rtc.o(.text) refers to rtc.o(.data) for .data
    rtc.o(.text) refers to principal.o(.data) for tid_Thread_principal
    lcd.o(.text) refers to stm32f4xx_hal_tim.o(.text) for HAL_TIM_Base_Init
    lcd.o(.text) refers to rtx_thread.o(.text) for osThreadFlagsSet
    lcd.o(.text) refers to stm32f4xx_hal_gpio.o(.text) for HAL_GPIO_Init
    lcd.o(.text) refers to lcd.o(.data) for .data
    lcd.o(.text) refers to spi_stm32f4xx.o(.constdata) for Driver_SPI1
    lcd.o(.text) refers to lcd.o(.bss) for .bss
    lcd.o(.text) refers to lcd.o(.constdata) for .constdata
[...]
    net_ip4_is_subcast                       0x08019df1   Thumb Code    38  net_ip4.o(i.net_ip4_is_subcast)
    net_ip4_reass_frame                      0x08019e17   Thumb Code    14  net_ip4.o(i.net_ip4_reass_frame)
    net_ip4_send_frame                       0x08019e25   Thumb Code   340  net_ip4.o(i.net_ip4_send_frame)
    net_ip4_tx_offl_hl                       0x08019f89   Thumb Code    42  net_ip4.o(i.net_ip4_tx_offl_hl)
    net_ip6_chk_frame                        0x08019fb5   Thumb Code   236  net_ip6.o(i.net_ip6_chk_frame)
    net_ip6_chksum                           0x0801a0b5   Thumb Code    50  net_ip6.o(i.net_ip6_chksum)
    net_ip6_collect_mcast                    0x0801a0e9   Thumb Code   118  net_ip6.o(i.net_ip6_collect_mcast)
    net_ip6_find_route                       0x0801a165   Thumb Code    56  net_ip6.o(i.net_ip6_find_route)
    net_ip6_get_local                        0x0801a1ad   Thumb Code    74  net_ip6.o(i.net_ip6_get_local)
    net_ip6_init                             0x0801a201   Thumb Code    20  net_ip6.o(i.net_ip6_init)
    net_ip6_send_frame                       0x0801a21d   Thumb Code   192  net_ip6.o(i.net_ip6_send_frame)
    net_ip6_tx_offl_hl                       0x0801a2e9   Thumb Code    30  net_ip6.o(i.net_ip6_tx_offl_hl)
    net_itoa                                 0x0801a307   Thumb Code     8  net_common.o(i.net_itoa)
    net_itoa_n0                              0x0801a30f   Thumb Code     6  net_common.o(i.net_itoa_n0)
    net_loop_iface_init                      0x0801a315   Thumb Code    40  net_loopback.o(i.net_loop_iface_init)
    net_loop_iface_run                       0x0801a345   Thumb Code   176  net_loopback.o(i.net_loop_iface_run)
    net_loop_send_frame                      0x0801a401   Thumb Code   104  net_loopback.o(i.net_loop_send_frame)
    net_mem_alloc                            0x0801a471   Thumb Code   178  net_mem.o(i.net_mem_alloc)
    net_mem_avail                            0x0801a531   Thumb Code    22  net_mem.o(i.net_mem_avail)
    net_mem_free                             0x0801a54d   Thumb Code   152  net_mem.o(i.net_mem_free)
    net_mem_init                             0x0801a5f1   Thumb Code    98  net_mem.o(i.net_mem_init)
    net_mem_shrink                           0x0801a661   Thumb Code    62  net_mem.o(i.net_mem_shrink)
    net_nbns_client_init                     0x0801a6a9   Thumb Code    82  net_nbns_client.o(i.net_nbns_client_init)
    net_ndp_cache_find                       0x0801a70d   Thumb Code   438  net_ndp.o(i.net_ndp_cache_find)
    net_ndp_cache_init                       0x0801a8d1   Thumb Code   114  net_ndp.o(i.net_ndp_cache_init)
    net_ndp_cache_refresh                    0x0801a951   Thumb Code   112  net_ndp.o(i.net_ndp_cache_refresh)
    net_ndp_cache_run                        0x0801a9c9   Thumb Code    22  net_ndp.o(i.net_ndp_cache_run)
    net_ndp_enqueue                          0x0801a9e5   Thumb Code   108  net_ndp.o(i.net_ndp_enqueue)
    net_ndp_process                          0x0801aa55   Thumb Code   872  net_ndp.o(i.net_ndp_process)
    net_path                                 0x0801adc9   Thumb Code    52  net_sys.o(i.net_path)
    net_ping_client_init                     0x0801ae01   Thumb Code    22  net_ping_core.o(i.net_ping_client_init)
    net_ping_client_run                      0x0801ae21   Thumb Code   110  net_ping_core.o(i.net_ping_client_run)
    net_rand32                               0x0801aea1   Thumb Code    18  net_sys.o(i.net_rand32)
    net_sntp_client_init                     0x0801aebd   Thumb Code    80  net_sntp_client_core.o(i.net_sntp_client_init)
    net_sntp_client_run                      0x0801af19   Thumb Code    76  net_sntp_client_core.o(i.net_sntp_client_run)
    net_sntp_client_start                    0x0801af71   Thumb Code   312  net_sntp_client_core.o(i.net_sntp_client_start)
    net_strcasecmp                           0x0801b0b9   Thumb Code    46  net_common.o(i.net_strcasecmp)
    net_strchr                               0x0801b0e7   Thumb Code    22  net_common.o(i.net_strchr)
    net_strcmp                               0x0801b0fd   Thumb Code    26  net_common.o(i.net_strcmp)
    net_strcpy                               0x0801b117   Thumb Code    18  net_common.o(i.net_strcpy)
    net_strnchr                              0x0801b129   Thumb Code    28  net_common.o(i.net_strnchr)
    net_strncpy                              0x0801b145   Thumb Code    26  net_common.o(i.net_strncpy)
    net_strtoupper                           0x0801b15f   Thumb Code    32  net_common.o(i.net_strtoupper)
    net_sys_lock                             0x0801b181   Thumb Code     8  net_sys.o(i.net_sys_lock)
    net_sys_resume                           0x0801b18d   Thumb Code    22  net_sys.o(i.net_sys_resume)
    net_sys_tick                             0x0801b1a5   Thumb Code    16  net_sys.o(i.net_sys_tick)
    net_sys_unlock                           0x0801b1b9   Thumb Code     8  net_sys.o(i.net_sys_unlock)
    net_sys_wakeup                           0x0801b1c5   Thumb Code    26  net_sys.o(i.net_sys_wakeup)
    net_tcp_abort                            0x0801b1e5   Thumb Code   122  net_tcp.o(i.net_tcp_abort)
    net_tcp_close                            0x0801b269   Thumb Code   218  net_tcp.o(i.net_tcp_close)
    net_tcp_get_buf                          0x0801b34d   Thumb Code    46  net_tcp.o(i.net_tcp_get_buf)
    net_tcp_get_mss                          0x0801b37d   Thumb Code    34  net_tcp.o(i.net_tcp_get_mss)
    net_tcp_get_socket                       0x0801b3a5   Thumb Code   104  net_tcp.o(i.net_tcp_get_socket)
    net_tcp_get_state                        0x0801b415   Thumb Code    40  net_tcp.o(i.net_tcp_get_state)
    net_tcp_listen                           0x0801b441   Thumb Code   168  net_tcp.o(i.net_tcp_listen)
    net_tcp_process                          0x0801b4f1   Thumb Code  1956  net_tcp.o(i.net_tcp_process)
    net_tcp_send                             0x0801bc99   Thumb Code   336  net_tcp.o(i.net_tcp_send)
    net_tcp_set_option                       0x0801bdf5   Thumb Code   288  net_tcp.o(i.net_tcp_set_option)
    net_tcp_socket_init                      0x0801bf21   Thumb Code    30  net_tcp.o(i.net_tcp_socket_init)
    net_tcp_socket_run                       0x0801bf49   Thumb Code   938  net_tcp.o(i.net_tcp_socket_run)
    net_udp_close                            0x0801c309   Thumb Code    62  net_udp.o(i.net_udp_close)
    net_udp_get_buf                          0x0801c351   Thumb Code    46  net_udp.o(i.net_udp_get_buf)
    net_udp_get_socket                       0x0801c381   Thumb Code   102  net_udp.o(i.net_udp_get_socket)
    net_udp_open                             0x0801c3f1   Thumb Code   160  net_udp.o(i.net_udp_open)
    net_udp_process                          0x0801c49d   Thumb Code   322  net_udp.o(i.net_udp_process)
    net_udp_send                             0x0801c5f5   Thumb Code    18  net_udp.o(i.net_udp_send)
    net_udp_send_if                          0x0801c609   Thumb Code   540  net_udp.o(i.net_udp_send_if)
    net_udp_socket_init                      0x0801c835   Thumb Code    30  net_udp.o(i.net_udp_socket_init)
    net_ultoa                                0x0801c859   Thumb Code     8  net_common.o(i.net_ultoa)
    net_xtoul                                0x0801c861   Thumb Code    76  net_common.o(i.net_xtoul)
    imageLastModified                        0x0801d660   Data           4  web.o(.constdata)
    Arial12x12                               0x08108934   Data        2400  lcd.o(.constdata)
    osRtxUserSVC                             0x08109368   Data           4  rtx_lib.o(.constdata)
    Driver_ETH_PHY0                          0x08109370   Data          32  phy_lan8742a.o(.constdata)
    Driver_ETH_MAC0                          0x081093e0   Data          68  emac_stm32f4xx.o(.constdata)
    Driver_I2C1                              0x0810945c   Data          48  i2c_stm32f4xx.o(.constdata)
    Driver_SPI1                              0x08109598   Data          44  spi_stm32f4xx.o(.constdata)
    Driver_SPI2                              0x081095c4   Data          44  spi_stm32f4xx.o(.constdata)
    Driver_SPI4                              0x081095f0   Data          44  spi_stm32f4xx.o(.constdata)
    EventRecorderInfo                        0x0810961c   Data          24  eventrecorder.o(.constdata)
    AHBPrescTable                            0x0810963c   Data          16  system_stm32f4xx_1.o(.constdata)
    APBPrescTable                            0x0810964c   Data           8  system_stm32f4xx_1.o(.constdata)
    net_sys_config                           0x081096fc   Data          28  net_config.o(.constdata)
    net_eth0_if_config                       0x081097b0   Data          44  net_config.o(.constdata)
    net_eth_list                             0x081097dc   Data           8  net_config.o(.constdata)
    net_if_list_lan                          0x081097e4   Data           8  net_config.o(.constdata)
    net_if_list_all                          0x081097ec   Data           8  net_config.o(.constdata)
    net_if_inet_def                          0x081097f4   Data           8  net_config.o(.constdata)
    net_if_link_def                          0x081097fc   Data           8  net_config.o(.constdata)
    net_arp_list                             0x08109804   Data           8  net_config.o(.constdata)
    net_icmp_list                            0x0810980c   Data           8  net_config.o(.constdata)
    net_ndp_list                             0x08109814   Data           8  net_config.o(.constdata)
    net_icmp6_list                           0x0810981c   Data           8  net_config.o(.constdata)
    net_dhcp6_list                           0x08109824   Data           8  net_config.o(.constdata)
    net_udp_config                           0x0810982c   Data          12  net_config.o(.constdata)
    net_tcp_config                           0x08109838   Data          24  net_config.o(.constdata)
    net_http_config                          0x08109850   Data          52  net_config.o(.constdata)
    net_sntp_config                          0x08109884   Data           8  net_config.o(.constdata)
    netif_setopt_func                        0x081098e4   Data          16  net_config.o(.constdata)
    net_loop_if_config                       0x081098f4   Data          44  net_loopback.o(.constdata)
    net_http_auth_basic_func                 0x08109a40   Data          24  net_http_server_auth.o(.constdata)
    net_ping_payload                         0x08109a58   Data          18  net_ping_core.o(.constdata)
    net_addr_unspec                          0x08109a6a   Data          16  net_addr.o(.constdata)
    net_addr_bcast                           0x08109a7a   Data           6  net_addr.o(.constdata)
    net_addr4_loopback                       0x08109a80   Data           4  net_ip4.o(.constdata)
    net_addr6_all_nodes                      0x08109a84   Data          16  net_ip6.o(.constdata)
    net_addr6_loopback                       0x08109a94   Data          16  net_ip6.o(.constdata)
    net_addr6_all_routers                    0x08109aa4   Data          16  net_ip6.o(.constdata)
    net_http_error                           0x08109ab4   Data          24  net_http_server_err.o(.constdata)
    net_lib_version                          0x08109b5c   Data           4  net_version.o(.constdata)
    network_ip4ip6_debug_v7.15.0             0x08109b5c   Data           4  net_version.o(.constdata)
    __ctype_table                            0x08109b60   Data         129  ctype_o.o(.constdata)
    osRtxConfig                              0x08109f38   Data         112  rtx_lib.o(.rodata)
    os_cb_sections                           0x08109fa8   Data          56  rtx_lib.o(.rodata)
    Region$$Table$$Base                      0x08109fe0   Number         0  anon$$obj.o(Region$$Table)
    Region$$Table$$Limit                     0x0810a010   Number         0  anon$$obj.o(Region$$Table)
    .bss.os.msgqueue.cb$$Base                0x20008044   Number         0  rtx_lib.o(.bss.os.msgqueue.cb)
    .bss.os.msgqueue.cb$$Limit               0x20008078   Number         0  rtx_lib.o(.bss.os.msgqueue.cb)
    .bss.os.mutex.cb$$Base                   0x200080c8   Number         0  net_config.o(.bss.os.mutex.cb)
    .bss.os.mutex.cb$$Limit                  0x20008100   Number         0  net_config.o(.bss.os.mutex.cb)
    .bss.os.semaphore.cb$$Base               0x20008100   Number         0  net_config.o(.bss.os.semaphore.cb)
    .bss.os.semaphore.cb$$Limit              0x20008110   Number         0  net_config.o(.bss.os.semaphore.cb)
    .bss.os.thread.cb$$Base                  0x20008110   Number         0  rtx_lib.o(.bss.os.thread.cb)
    .bss.os.thread.cb$$Limit                 0x20008220   Number         0  net_config.o(.bss.os.thread.cb)
    .bss.os.timer.cb$$Base                   0x20008620   Number         0  net_config.o(.bss.os.timer.cb)
    .bss.os.timer.cb$$Limit                  0x20008640   Number         0  net_config.o(.bss.os.timer.cb)
    mid_MsgQueueUsers                        0x2000864c   Data           4  http_server.o(.data)
    mid_MsgQueueAlerts                       0x20008650   Data           4  http_server.o(.data)
    TID_Usuarios                             0x20008654   Data           4  http_server.o(.data)
    consumo                                  0x20008658   Data           1  http_server.o(.data)
    alarm_enabled                            0x2000865c   Data           1  rtc.o(.data)
    positionL1                               0x20008668   Data           1  lcd.o(.data)
    positionL2                               0x20008669   Data           1  lcd.o(.data)
    SPIdrv                                   0x2000866c   Data           4  lcd.o(.data)
    tid_Th_LCD                               0x20008670   Data           4  lcd.o(.data)
    mid_MsgQueueLCD                          0x20008674   Data           4  lcd.o(.data)
    tid_Thread_principal                     0x2000867c   Data           4  principal.o(.data)
    tid_Thread_sensor                        0x200086cc   Data           4  sensors.o(.data)
    tid_Th_zumbador                          0x200086e8   Data           4  zumbador.o(.data)
    proximidad_enable                        0x20008700   Data           1  proximidad.o(.data)
    Drivers_I2C                              0x20008750   Data          84  nak_driver_i2c.o(.data)
    id_timer__measureTemperature             0x200087a4   Data           4  i2c_prueba_temp.o(.data)
    id_thread__measureTemperature            0x200087a8   Data           4  i2c_prueba_temp.o(.data)
    uwTickFreq                               0x200087ac   Data           1  stm32f4xx_hal.o(.data)
    uwTickPrio                               0x200087b0   Data           4  stm32f4xx_hal.o(.data)
    uwTick                                   0x200087b4   Data           4  stm32f4xx_hal.o(.data)
    SystemCoreClock                          0x200087b8   Data           4  system_stm32f4xx_1.o(.data)
    net_eth0_icmp_control                    0x200087d0   Data           1  net_icmp.o(.data)
    net_eth0_icmp6_control                   0x200087d1   Data           1  net_icmp6.o(.data)
    __stdout                                 0x200087f4   Data           4  stdout.o(.data)
    osRtxInfo                                0x200087fc   Data         164  rtx_kernel.o(.data.os)
    add_text                                 0x200088a0   Data          63  http_server.o(.bss)
    delete_text                              0x200088df   Data         105  http_server.o(.bss)
    users                                    0x20008965   Data         120  http_server_cgi.o(.bss)
    alerts                                   0x200089dd   Data          96  http_server_cgi.o(.bss)
    horaSNTP                                 0x20008b80   Data          44  rtc.o(.bss)
    rtc_date_time                            0x20008bac   Data          42  rtc.o(.bss)
    buffer                                   0x20008bd6   Data         512  lcd.o(.bss)
    net_eth0_if_control                      0x2000f314   Data         160  net_eth.o(.bss)
    net_eth0_arp_control                     0x2000f3b4   Data          24  net_arp.o(.bss)
    net_eth0_ndp_control                     0x2000f3cc   Data          68  net_ndp.o(.bss)
    net_eth0_dhcp6_control                   0x2000f42c   Data          68  net_dhcp6_client.o(.bss)
    net_http_control                         0x2000f4f4   Data          20  net_http_server.o(.bss)
    net_sntp_control                         0x2000f508   Data          44  net_sntp_client_core.o(.bss)
    net_ping_control                         0x2000f534   Data          44  net_ping_core.o(.bss)
    net_sys_control                          0x2000f570   Data          28  net_sys.o(.bss)
    net_dbg_buf                              0x2000f598   Data          36  net_sys.o(.bss)
    __initial_sp                             0x2000fa58   Data           0  startup_stm32f429xx.o(STACK)



==============================================================================

Memory Map of the image

  Image Entry point : 0x080001ad

  Load Region LR_IROM1 (Base: 0x08000000, Size: 0x001128b0, Max: 0x00200000, ABSOLUTE, COMPRESSED[0x0010a158])

    Execution Region ER_IROM1 (Exec base: 0x08000000, Load base: 0x08000000, Size: 0x0010a010, Max: 0x00200000, ABSOLUTE)

    Exec Addr    Load Addr    Size         Type   Attr      Idx    E Section Name        Object

    0x08000000   0x08000000   0x000001ac   Data   RO         2100    RESET               startup_stm32f429xx.o
    0x080001ac   0x080001ac   0x00000000   Code   RO         3270  * .ARM.Collect$$$$00000000  mc_w.l(entry.o)
    0x080001ac   0x080001ac   0x00000004   Code   RO         3650    .ARM.Collect$$$$00000001  mc_w.l(entry2.o)
    0x080001b0   0x080001b0   0x00000004   Code   RO         3653    .ARM.Collect$$$$00000004  mc_w.l(entry5.o)
    0x080001b4   0x080001b4   0x00000000   Code   RO         3655    .ARM.Collect$$$$00000008  mc_w.l(entry7b.o)
    0x080001b4   0x080001b4   0x00000000   Code   RO         3657    .ARM.Collect$$$$0000000A  mc_w.l(entry8b.o)
    0x080001b4   0x080001b4   0x00000008   Code   RO         3658    .ARM.Collect$$$$0000000B  mc_w.l(entry9a.o)
    0x080001bc   0x080001bc   0x00000004   Code   RO         3665    .ARM.Collect$$$$0000000E  mc_w.l(entry12b.o)
    0x080001c0   0x080001c0   0x00000000   Code   RO         3660    .ARM.Collect$$$$0000000F  mc_w.l(entry10a.o)
    0x080001c0   0x080001c0   0x00000000   Code   RO         3662    .ARM.Collect$$$$00000011  mc_w.l(entry11a.o)
    0x080001c0   0x080001c0   0x00000004   Code   RO         3651    .ARM.Collect$$$$00002712  mc_w.l(entry2.o)
    0x080001c4   0x080001c4   0x00000148   Code   RO         1152    .emb_text           rtx_mempool.o
    0x0800030c   0x0800030c   0x00000148   Code   RO         1183    .emb_text           rtx_msgqueue.o
    0x08000454   0x08000454   0x00000148   Code   RO         1248    .emb_text           rtx_semaphore.o
    0x0800059c   0x0800059c   0x00000148   Code   RO         1279    .emb_text           rtx_system.o
    0x080006e4   0x080006e4   0x00000148   Code   RO         1313    .emb_text           rtx_thread.o
    0x0800082c   0x0800082c   0x00000074   Code   RO         1575    .emb_text           eventrecorder.o
    0x080008a0   0x080008a0   0x00000104   Code   RO            4    .text               main.o
    0x080009a4   0x080009a4   0x0000048c   Code   RO          180    .text               http_server.o
    0x08000e30   0x08000e30   0x00000744   Code   RO          255    .text               http_server_cgi.o
    0x08001574   0x08001574   0x00000100   Code   RO          299    .text               leds.o
    0x08001674   0x08001674   0x00000078   Code   RO          322    .text               web.o
    0x080016ec   0x080016ec   0x0000025c   Code   RO          342    .text               rtc.o
    0x08001948   0x08001948   0x00000498   Code   RO          378    .text               lcd.o
    0x08001de0   0x08001de0   0x000007dc   Code   RO          459    .text               principal.o
    0x080025bc   0x080025bc   0x00000104   Code   RO          518    .text               temp.o
    0x080026c0   0x080026c0   0x00000148   Code   RO          545    .text               sensors.o
    0x08002808   0x08002808   0x00000164   Code   RO          576    .text               zumbador.o
    0x0800296c   0x0800296c   0x00000400   Code   RO          604    .text               teclado.o
    0x08002d6c   0x08002d6c   0x00000184   Code   RO          634    .text               gas.o
    0x08002ef0   0x08002ef0   0x00000070   Code   RO          662    .text               proximidad.o
    0x08002f60   0x08002f60   0x00000b38   Code   RO          691    .text               flash.o
    0x08003a98   0x08003a98   0x00000544   Code   RO          722    .text               rfid.o
    0x08003fdc   0x08003fdc   0x00000190   Code   RO          750    .text               servomotor.o
    0x0800416c   0x0800416c   0x00000210   Code   RO          777    .text               consumo.o
    0x0800437c   0x0800437c   0x00000224   Code   RO          802    .text               nak_driver_i2c.o
    0x080045a0   0x080045a0   0x00000064   Code   RO          824    .text               i2c_prueba_temp.o
    0x08004604   0x08004604   0x00000094   Code   RO          897    .text               irq_armv7m.o
    0x08004698   0x08004698   0x00000104   Code   RO          905    .text               rtx_delay.o
    0x0800479c   0x0800479c   0x00000958   Code   RO         1000    .text               rtx_evr.o
    0x080050f4   0x080050f4   0x000006cc   Code   RO         1025    .text               rtx_kernel.o
    0x080057c0   0x080057c0   0x00000018   Code   RO         1073    .text               rtx_lib.o
    0x080057d8   0x080057d8   0x00000124   Code   RO         1122    .text               rtx_memory.o
    0x080058fc   0x080058fc   0x00000678   Code   RO         1153    .text               rtx_mempool.o
    0x08005f74   0x08005f74   0x000009bc   Code   RO         1184    .text               rtx_msgqueue.o
    0x08006930   0x08006930   0x00000558   Code   RO         1218    .text               rtx_mutex.o
    0x08006e88   0x08006e88   0x00000450   Code   RO         1249    .text               rtx_semaphore.o
    0x080072d8   0x080072d8   0x00000154   Code   RO         1280    .text               rtx_system.o
    0x0800742c   0x0800742c   0x000011d4   Code   RO         1314    .text               rtx_thread.o
    0x08008600   0x08008600   0x00000480   Code   RO         1348    .text               rtx_timer.o
    0x08008a80   0x08008a80   0x000000c4   Code   RO         1378    .text               os_systick.o
    0x08008b44   0x08008b44   0x00000004   Code   RO         1404    .text               rtx_config.o
    0x08008b48   0x08008b48   0x000001ac   Code   RO         1425    .text               phy_lan8742a.o
    0x08008cf4   0x08008cf4   0x000009e8   Code   RO         1453    .text               emac_stm32f4xx.o
    0x080096dc   0x080096dc   0x00001254   Code   RO         1492    .text               i2c_stm32f4xx.o
    0x0800a930   0x0800a930   0x00000cdc   Code   RO         1524    .text               spi_stm32f4xx.o
    0x0800b60c   0x0800b60c   0x00000538   Code   RO         1576    .text               eventrecorder.o
    0x0800bb44   0x0800bb44   0x000001c8   Code   RO         1610    .text               stm32f4xx_hal.o
    0x0800bd0c   0x0800bd0c   0x00000ab8   Code   RO         1640    .text               stm32f4xx_hal_adc.o
    0x0800c7c4   0x0800c7c4   0x00000724   Code   RO         1664    .text               stm32f4xx_hal_adc_ex.o
    0x0800cee8   0x0800cee8   0x00000298   Code   RO         1688    .text               stm32f4xx_hal_cortex.o
    0x0800d180   0x0800d180   0x00000718   Code   RO         1716    .text               stm32f4xx_hal_dma.o
    0x0800d898   0x0800d898   0x00000364   Code   RO         1765    .text               stm32f4xx_hal_gpio.o
    0x0800dbfc   0x0800dbfc   0x00000178   Code   RO         1837    .text               stm32f4xx_hal_pwr.o
    0x0800dd74   0x0800dd74   0x00000760   Code   RO         1885    .text               stm32f4xx_hal_rcc.o
    0x0800e4d4   0x0800e4d4   0x000005e4   Code   RO         1909    .text               stm32f4xx_hal_rcc_ex.o
    0x0800eab8   0x0800eab8   0x00000970   Code   RO         1933    .text               stm32f4xx_hal_rtc.o
    0x0800f428   0x0800f428   0x00000b0c   Code   RO         1957    .text               stm32f4xx_hal_rtc_ex.o
    0x0800ff34   0x0800ff34   0x000023d2   Code   RO         2029    .text               stm32f4xx_hal_tim.o
    0x08012306   0x08012306   0x00000002   PAD
    0x08012308   0x08012308   0x00000bb0   Code   RO         2053    .text               stm32f4xx_hal_tim_ex.o
    0x08012eb8   0x08012eb8   0x00000024   Code   RO         2101    .text               startup_stm32f429xx.o
    0x08012edc   0x08012edc   0x00000094   Code   RO         2108    .text               system_stm32f4xx_1.o
    0x08012f70   0x08012f70   0x00000170   Code   RO         2137    .text               net_config.o
    0x080130e0   0x080130e0   0x00000152   Code   RO         2235    .text               net_debug.o
    0x08013232   0x08013232   0x00000062   Code   RO         3273    .text               mc_w.l(uldiv.o)
    0x08013294   0x08013294   0x00000008   Code   RO         3275    .text               mc_w.l(ctype_o.o)
    0x0801329c   0x0801329c   0x00000094   Code   RO         3305    .text               mc_w.l(localtime.o)
    0x08013330   0x08013330   0x00000024   Code   RO         3309    .text               mc_w.l(memcpya.o)
    0x08013354   0x08013354   0x00000024   Code   RO         3311    .text               mc_w.l(memseta.o)
    0x08013378   0x08013378   0x00000018   Code   RO         3313    .text               mc_w.l(strncpy.o)
    0x08013390   0x08013390   0x0000000e   Code   RO         3315    .text               mc_w.l(strlen.o)
    0x0801339e   0x0801339e   0x0000001c   Code   RO         3317    .text               mc_w.l(strcmp.o)
    0x080133ba   0x080133ba   0x0000001a   Code   RO         3319    .text               mc_w.l(memcmp.o)
    0x080133d4   0x080133d4   0x00000012   Code   RO         3321    .text               mc_w.l(strcpy.o)
    0x080133e6   0x080133e6   0x0000001e   Code   RO         3323    .text               mc_w.l(strncmp.o)
    0x08013404   0x08013404   0x00000072   Code   RO         3622    .text               mc_w.l(strtoul.o)
    0x08013476   0x08013476   0x00000064   Code   RO         3624    .text               mf_w.l(fmul.o)
    0x080134da   0x080134da   0x00000018   Code   RO         3626    .text               mf_w.l(fscalb.o)
    0x080134f2   0x080134f2   0x0000014e   Code   RO         3628    .text               mf_w.l(dadd.o)
    0x08013640   0x08013640   0x000000e4   Code   RO         3630    .text               mf_w.l(dmul.o)
    0x08013724   0x08013724   0x000000de   Code   RO         3632    .text               mf_w.l(ddiv.o)
    0x08013802   0x08013802   0x0000002e   Code   RO         3634    .text               mf_w.l(dscalb.o)
    0x08013830   0x08013830   0x0000000a   Code   RO         3636    .text               mf_w.l(ffltui.o)
    0x0801383a   0x0801383a   0x00000022   Code   RO         3638    .text               mf_w.l(dflti.o)
    0x0801385c   0x0801385c   0x00000026   Code   RO         3642    .text               mf_w.l(f2d.o)
    0x08013882   0x08013882   0x00000002   PAD
    0x08013884   0x08013884   0x00000030   Code   RO         3646    .text               mf_w.l(cdrcmple.o)
    0x080138b4   0x080138b4   0x00000038   Code   RO         3648    .text               mf_w.l(d2f.o)
    0x080138ec   0x080138ec   0x0000002c   Code   RO         3669    .text               mc_w.l(uidiv.o)
    0x08013918   0x08013918   0x0000001e   Code   RO         3671    .text               mc_w.l(llshl.o)
    0x08013936   0x08013936   0x00000020   Code   RO         3673    .text               mc_w.l(llushr.o)
    0x08013956   0x08013956   0x00000024   Code   RO         3675    .text               mc_w.l(llsshr.o)
    0x0801397a   0x0801397a   0x0000009e   Code   RO         3690    .text               mc_w.l(_strtoul.o)
    0x08013a18   0x08013a18   0x00000000   Code   RO         3694    .text               mc_w.l(iusefp.o)
    0x08013a18   0x08013a18   0x0000006e   Code   RO         3695    .text               mf_w.l(fepilogue.o)
    0x08013a86   0x08013a86   0x000000ba   Code   RO         3697    .text               mf_w.l(depilogue.o)
    0x08013b40   0x08013b40   0x00000030   Code   RO         3701    .text               mf_w.l(dfixul.o)
    0x08013b70   0x08013b70   0x00000024   Code   RO         3703    .text               mc_w.l(init.o)
    0x08013b94   0x08013b94   0x00000000   Code   RO         3705    .text               mc_w.l(semi.o)
    0x08013b94   0x08013b94   0x0000001c   Code   RO         3708    .text               mc_w.l(_chval.o)
    0x08013bb0   0x08013bb0   0x00000000   Code   RO         3712    .text               mc_w.l(iusesemip.o)
    0x08013bb0   0x08013bb0   0x00000056   Code   RO         3723    .text               mc_w.l(__dczerorl2.o)
    0x08013c06   0x08013c06   0x00000002   PAD
    0x08013c08   0x08013c08   0x00000020   Code   RO         3560    i.__0printf         mc_w.l(printfa.o)
    0x08013c28   0x08013c28   0x00000028   Code   RO         3562    i.__0sprintf        mc_w.l(printfa.o)
    0x08013c50   0x08013c50   0x00000008   Code   RO         3679    i.__aeabi_errno_addr  mc_w.l(errno.o)
    0x08013c58   0x08013c58   0x0000000e   Code   RO         3717    i.__scatterload_copy  mc_w.l(handlers.o)
    0x08013c66   0x08013c66   0x00000002   Code   RO         3718    i.__scatterload_null  mc_w.l(handlers.o)
    0x08013c68   0x08013c68   0x0000000e   Code   RO         3719    i.__scatterload_zeroinit  mc_w.l(handlers.o)
    0x08013c76   0x08013c76   0x00000002   PAD
    0x08013c78   0x08013c78   0x00000184   Code   RO         3567    i._fp_digits        mc_w.l(printfa.o)
    0x08013dfc   0x08013dfc   0x000006b4   Code   RO         3568    i._printf_core      mc_w.l(printfa.o)
    0x080144b0   0x080144b0   0x00000024   Code   RO         3569    i._printf_post_padding  mc_w.l(printfa.o)
    0x080144d4   0x080144d4   0x0000002e   Code   RO         3570    i._printf_pre_padding  mc_w.l(printfa.o)
    0x08014502   0x08014502   0x0000000a   Code   RO         3572    i._sputc            mc_w.l(printfa.o)
    0x0801450c   0x0801450c   0x00000054   Code   RO         2755    i.add_server_id     Net_Dbg_CM3_L.lib(net_http_server.o)
    0x08014560   0x08014560   0x0000005c   Code   RO         2324    i.arp_cache_alloc   Net_Dbg_CM3_L.lib(net_arp.o)
    0x080145bc   0x080145bc   0x00000170   Code   RO         2325    i.arp_cache_run     Net_Dbg_CM3_L.lib(net_arp.o)
    0x0801472c   0x0801472c   0x00000038   Code   RO         2326    i.arp_is_cacheable  Net_Dbg_CM3_L.lib(net_arp.o)
    0x08014764   0x08014764   0x00000088   Code   RO         2327    i.arp_probe_run     Net_Dbg_CM3_L.lib(net_arp.o)
    0x080147ec   0x080147ec   0x000000d8   Code   RO         2329    i.arp_proc_response  Net_Dbg_CM3_L.lib(net_arp.o)
    0x080148c4   0x080148c4   0x0000001a   Code   RO         2330    i.arp_que_free      Net_Dbg_CM3_L.lib(net_arp.o)
    0x080148de   0x080148de   0x00000002   PAD
    0x080148e0   0x080148e0   0x000000a0   Code   RO         2331    i.arp_send_reply    Net_Dbg_CM3_L.lib(net_arp.o)
    0x08014980   0x08014980   0x000000d0   Code   RO         2332    i.arp_send_request  Net_Dbg_CM3_L.lib(net_arp.o)
    0x08014a50   0x08014a50   0x00000068   Code   RO         2333    i.arp_sender_valid  Net_Dbg_CM3_L.lib(net_arp.o)
    0x08014ab8   0x08014ab8   0x0000006c   Code   RO         2699    i.check_client_id   Net_Dbg_CM3_L.lib(net_dhcp6_client.o)
    0x08014b24   0x08014b24   0x0000018c   Code   RO         2756    i.chk_post_req      Net_Dbg_CM3_L.lib(net_http_server.o)
    0x08014cb0   0x08014cb0   0x00000028   Code   RO         3180    i.crc32_8bit        Net_Dbg_CM3_L.lib(net_common.o)
    0x08014cd8   0x08014cd8   0x00000394   Code   RO         2700    i.dhcp6_client_run  Net_Dbg_CM3_L.lib(net_dhcp6_client.o)
    0x0801506c   0x0801506c   0x00000058   Code   RO         2701    i.dhcp6_client_start  Net_Dbg_CM3_L.lib(net_dhcp6_client.o)
    0x080150c4   0x080150c4   0x000004b8   Code   RO         2703    i.dhcp6_listener    Net_Dbg_CM3_L.lib(net_dhcp6_client.o)
    0x0801557c   0x0801557c   0x000001f8   Code   RO         2704    i.dhcp6_send_message  Net_Dbg_CM3_L.lib(net_dhcp6_client.o)
    0x08015774   0x08015774   0x0000009a   Code   RO         2268    i.eth_check_link    Net_Dbg_CM3_L.lib(net_eth.o)
    0x0801580e   0x0801580e   0x00000002   PAD
    0x08015810   0x08015810   0x00000020   Code   RO         2269    i.eth_if_map        Net_Dbg_CM3_L.lib(net_eth.o)
    0x08015830   0x08015830   0x00000304   Code   RO         2270    i.eth_iface_init    Net_Dbg_CM3_L.lib(net_eth.o)
    0x08015b34   0x08015b34   0x00000290   Code   RO         2271    i.eth_iface_run     Net_Dbg_CM3_L.lib(net_eth.o)
    0x08015dc4   0x08015dc4   0x00000008   Code   RO         2273    i.eth_lock          Net_Dbg_CM3_L.lib(net_eth.o)
    0x08015dcc   0x08015dcc   0x0000001c   Code   RO         2274    i.eth_mtu_limit     Net_Dbg_CM3_L.lib(net_eth.o)
    0x08015de8   0x08015de8   0x00000048   Code   RO         2275    i.eth_opt_len       Net_Dbg_CM3_L.lib(net_eth.o)
    0x08015e30   0x08015e30   0x00000088   Code   RO         2276    i.eth_receive       Net_Dbg_CM3_L.lib(net_eth.o)
    0x08015eb8   0x08015eb8   0x00000008   Code   RO         2277    i.eth_unlock        Net_Dbg_CM3_L.lib(net_eth.o)
    0x08015ec0   0x08015ec0   0x00000012   Code   RO         3666    i.fputc             mc_w.l(fputc.o)
    0x08015ed2   0x08015ed2   0x00000028   Code   RO         2757    i.get_next_field    Net_Dbg_CM3_L.lib(net_http_server.o)
    0x08015efa   0x08015efa   0x00000032   Code   RO         2758    i.get_next_par      Net_Dbg_CM3_L.lib(net_http_server.o)
    0x08015f2c   0x08015f2c   0x0000005c   Code   RO         2705    i.get_tout          Net_Dbg_CM3_L.lib(net_dhcp6_client.o)
    0x08015f88   0x08015f88   0x00000022   Code   RO         2759    i.hex2byte          Net_Dbg_CM3_L.lib(net_http_server.o)
    0x08015faa   0x08015faa   0x00000002   PAD
    0x08015fac   0x08015fac   0x0000036c   Code   RO         2760    i.http_add_header   Net_Dbg_CM3_L.lib(net_http_server.o)
    0x08016318   0x08016318   0x00000050   Code   RO         2880    i.http_auth_basic_add  Net_Dbg_CM3_L.lib(net_http_server_auth.o)
    0x08016368   0x08016368   0x00000090   Code   RO         2881    i.http_auth_basic_parse  Net_Dbg_CM3_L.lib(net_http_server_auth.o)
    0x080163f8   0x080163f8   0x00000002   Code   RO         2887    i.http_auth_dummy   Net_Dbg_CM3_L.lib(net_http_server_auth.o)
    0x080163fa   0x080163fa   0x00000002   PAD
    0x080163fc   0x080163fc   0x00000024   Code   RO         2888    i.http_auth_init    Net_Dbg_CM3_L.lib(net_http_server_auth.o)
    0x08016420   0x08016420   0x000001cc   Code   RO         2761    i.http_error_msg    Net_Dbg_CM3_L.lib(net_http_server.o)
    0x080165ec   0x080165ec   0x00000078   Code   RO         2762    i.http_get_ftype    Net_Dbg_CM3_L.lib(net_http_server.o)
    0x08016664   0x08016664   0x0000005e   Code   RO         2763    i.http_kill_session  Net_Dbg_CM3_L.lib(net_http_server.o)
    0x080166c2   0x080166c2   0x00000002   PAD
    0x080166c4   0x080166c4   0x000002a8   Code   RO         2764    i.http_listener     Net_Dbg_CM3_L.lib(net_http_server.o)
    0x0801696c   0x0801696c   0x00000184   Code   RO         2765    i.http_open_file    Net_Dbg_CM3_L.lib(net_http_server.o)
    0x08016af0   0x08016af0   0x0000011c   Code   RO         2766    i.http_parse_header  Net_Dbg_CM3_L.lib(net_http_server.o)
    0x08016c0c   0x08016c0c   0x000001a8   Code   RO         2767    i.http_proc_multipart  Net_Dbg_CM3_L.lib(net_http_server.o)
    0x08016db4   0x08016db4   0x00000138   Code   RO         2768    i.http_proc_post    Net_Dbg_CM3_L.lib(net_http_server.o)
    0x08016eec   0x08016eec   0x00000468   Code   RO         2769    i.http_server_run   Net_Dbg_CM3_L.lib(net_http_server.o)
    0x08017354   0x08017354   0x00000060   Code   RO         2770    i.http_server_start  Net_Dbg_CM3_L.lib(net_http_server.o)
    0x080173b4   0x080173b4   0x00000020   Code   RO         2772    i.http_strcpy       Net_Dbg_CM3_L.lib(net_http_server.o)
    0x080173d4   0x080173d4   0x000000ac   Code   RO         2773    i.http_to_utc       Net_Dbg_CM3_L.lib(net_http_server.o)
    0x08017480   0x08017480   0x0000001a   Code   RO         3181    i.i2str             Net_Dbg_CM3_L.lib(net_common.o)
    0x0801749a   0x0801749a   0x0000000c   Code   RO         3078    i.ip4_get_chksum    Net_Dbg_CM3_L.lib(net_ip4.o)
    0x080174a6   0x080174a6   0x00000028   Code   RO         3079    i.ip4_get_mtu       Net_Dbg_CM3_L.lib(net_ip4.o)
    0x080174ce   0x080174ce   0x00000002   PAD
    0x080174d0   0x080174d0   0x0000000c   Code   RO         3157    i.mem_lock          Net_Dbg_CM3_L.lib(net_mem.o)
    0x080174dc   0x080174dc   0x0000000c   Code   RO         3158    i.mem_unlock        Net_Dbg_CM3_L.lib(net_mem.o)
    0x080174e8   0x080174e8   0x000001a4   Code   RO         2741    i.nbns_listener     Net_Dbg_CM3_L.lib(net_nbns_client.o)
    0x0801768c   0x0801768c   0x00000120   Code   RO         2391    i.ndp_cache_add     Net_Dbg_CM3_L.lib(net_ndp.o)
    0x080177ac   0x080177ac   0x00000072   Code   RO         2392    i.ndp_cache_alloc   Net_Dbg_CM3_L.lib(net_ndp.o)
    0x0801781e   0x0801781e   0x00000002   PAD
    0x08017820   0x08017820   0x00000078   Code   RO         2393    i.ndp_cache_delete  Net_Dbg_CM3_L.lib(net_ndp.o)
    0x08017898   0x08017898   0x0000016c   Code   RO         2394    i.ndp_cache_run     Net_Dbg_CM3_L.lib(net_ndp.o)
    0x08017a04   0x08017a04   0x0000002c   Code   RO         2395    i.ndp_check_frame   Net_Dbg_CM3_L.lib(net_ndp.o)
    0x08017a30   0x08017a30   0x00000012   Code   RO         2396    i.ndp_next_opt      Net_Dbg_CM3_L.lib(net_ndp.o)
    0x08017a42   0x08017a42   0x00000002   PAD
    0x08017a44   0x08017a44   0x000000e4   Code   RO         2397    i.ndp_prefix_add    Net_Dbg_CM3_L.lib(net_ndp.o)
    0x08017b28   0x08017b28   0x0000009c   Code   RO         2398    i.ndp_probe_run     Net_Dbg_CM3_L.lib(net_ndp.o)
    0x08017bc4   0x08017bc4   0x000000fc   Code   RO         2400    i.ndp_proc_response  Net_Dbg_CM3_L.lib(net_ndp.o)
    0x08017cc0   0x08017cc0   0x0000001a   Code   RO         2401    i.ndp_que_free      Net_Dbg_CM3_L.lib(net_ndp.o)
    0x08017cda   0x08017cda   0x00000002   PAD
    0x08017cdc   0x08017cdc   0x00000038   Code   RO         2402    i.ndp_router_remove  Net_Dbg_CM3_L.lib(net_ndp.o)
    0x08017d14   0x08017d14   0x0000009c   Code   RO         2403    i.ndp_send_reply    Net_Dbg_CM3_L.lib(net_ndp.o)
    0x08017db0   0x08017db0   0x000000bc   Code   RO         2404    i.ndp_send_request  Net_Dbg_CM3_L.lib(net_ndp.o)
    0x08017e6c   0x08017e6c   0x000001a0   Code   RO         2405    i.ndp_slaac_run     Net_Dbg_CM3_L.lib(net_ndp.o)
    0x0801800c   0x0801800c   0x00000004   Code   RO         2774    i.netCGI_Charset    Net_Dbg_CM3_L.lib(net_http_server.o)
    0x08018010   0x08018010   0x00000004   Code   RO         2775    i.netCGI_ContentType  Net_Dbg_CM3_L.lib(net_http_server.o)
    0x08018014   0x08018014   0x00000004   Code   RO         2776    i.netCGI_CustomHeader  Net_Dbg_CM3_L.lib(net_http_server.o)
    0x08018018   0x08018018   0x0000006c   Code   RO         2777    i.netCGI_GetEnvVar  Net_Dbg_CM3_L.lib(net_http_server.o)
    0x08018084   0x08018084   0x00000004   Code   RO         2780    i.netCGI_Redirect   Net_Dbg_CM3_L.lib(net_http_server.o)
    0x08018088   0x08018088   0x00000004   Code   RO         2782    i.netCGX_ContentType  Net_Dbg_CM3_L.lib(net_http_server.o)
    0x0801808c   0x0801808c   0x00000064   Code   RO         2961    i.netCore_Thread    Net_Dbg_CM3_L.lib(net_sys.o)
    0x080180f0   0x080180f0   0x00000002   Code   RO         2708    i.netDHCP6_Notify   Net_Dbg_CM3_L.lib(net_dhcp6_client.o)
    0x080180f2   0x080180f2   0x00000002   Code   RO         2278    i.netETH_Notify     Net_Dbg_CM3_L.lib(net_eth.o)
    0x080180f4   0x080180f4   0x00000002   Code   RO         2279    i.netETH_ReceiveRaw  Net_Dbg_CM3_L.lib(net_eth.o)
    0x080180f6   0x080180f6   0x00000072   Code   RO         2281    i.netETH_Thread     Net_Dbg_CM3_L.lib(net_eth.o)
    0x08018168   0x08018168   0x00000004   Code   RO         2783    i.netHTTPs_AcceptClient  Net_Dbg_CM3_L.lib(net_http_server.o)
    0x0801816c   0x0801816c   0x00000004   Code   RO         2889    i.netHTTPs_CheckAccount  Net_Dbg_CM3_L.lib(net_http_server_auth.o)
    0x08018170   0x08018170   0x00000004   Code   RO         2785    i.netHTTPs_FileAccess  Net_Dbg_CM3_L.lib(net_http_server.o)
    0x08018174   0x08018174   0x00000084   Code   RO         2964    i.netIF_SetOption   Net_Dbg_CM3_L.lib(net_sys.o)
    0x080181f8   0x080181f8   0x0000001a   Code   RO         3014    i.netIP_aton        Net_Dbg_CM3_L.lib(net_addr.o)
    0x08018212   0x08018212   0x00000002   PAD
    0x08018214   0x08018214   0x000000ac   Code   RO         2965    i.netInitialize     Net_Dbg_CM3_L.lib(net_sys.o)
    0x080182c0   0x080182c0   0x0000008c   Code   RO         3016    i.netMAC_aton       Net_Dbg_CM3_L.lib(net_addr.o)
    0x0801834c   0x0801834c   0x0000001c   Code   RO         2914    i.netSNTPc_GetTime  Net_Dbg_CM3_L.lib(net_sntp_client_core.o)
    0x08018368   0x08018368   0x0000007c   Code   RO         3018    i.net_addr4_aton    Net_Dbg_CM3_L.lib(net_addr.o)
    0x080183e4   0x080183e4   0x0000001e   Code   RO         3020    i.net_addr4_to_mac  Net_Dbg_CM3_L.lib(net_addr.o)
    0x08018402   0x08018402   0x00000002   PAD
    0x08018404   0x08018404   0x000000e6   Code   RO         3021    i.net_addr6_aton    Net_Dbg_CM3_L.lib(net_addr.o)
    0x080184ea   0x080184ea   0x00000028   Code   RO         3022    i.net_addr6_comp    Net_Dbg_CM3_L.lib(net_addr.o)
    0x08018512   0x08018512   0x00000012   Code   RO         3023    i.net_addr6_copy    Net_Dbg_CM3_L.lib(net_addr.o)
    0x08018524   0x08018524   0x0000004c   Code   RO         3024    i.net_addr6_create  Net_Dbg_CM3_L.lib(net_addr.o)
    0x08018570   0x08018570   0x00000028   Code   RO         3025    i.net_addr6_get_solicited  Net_Dbg_CM3_L.lib(net_addr.o)
    0x08018598   0x08018598   0x00000018   Code   RO         3026    i.net_addr6_is_linklocal  Net_Dbg_CM3_L.lib(net_addr.o)
    0x080185b0   0x080185b0   0x0000006e   Code   RO         3027    i.net_addr6_is_onlink  Net_Dbg_CM3_L.lib(net_addr.o)
    0x0801861e   0x0801861e   0x00000048   Code   RO         3028    i.net_addr6_is_solicited  Net_Dbg_CM3_L.lib(net_addr.o)
    0x08018666   0x08018666   0x00000018   Code   RO         3029    i.net_addr6_is_unspec  Net_Dbg_CM3_L.lib(net_addr.o)
    0x0801867e   0x0801867e   0x0000000e   Code   RO         3031    i.net_addr6_to_mac  Net_Dbg_CM3_L.lib(net_addr.o)
    0x0801868c   0x0801868c   0x0000002c   Code   RO         3032    i.net_addr_comp     Net_Dbg_CM3_L.lib(net_addr.o)
    0x080186b8   0x080186b8   0x00000026   Code   RO         3033    i.net_addr_copy     Net_Dbg_CM3_L.lib(net_addr.o)
    0x080186de   0x080186de   0x0000001a   Code   RO         3034    i.net_addr_find_route  Net_Dbg_CM3_L.lib(net_addr.o)
    0x080186f8   0x080186f8   0x00000020   Code   RO         3036    i.net_addr_get_local  Net_Dbg_CM3_L.lib(net_addr.o)
    0x08018718   0x08018718   0x00000022   Code   RO         3037    i.net_addr_is_unspec  Net_Dbg_CM3_L.lib(net_addr.o)
    0x0801873a   0x0801873a   0x00000002   PAD
    0x0801873c   0x0801873c   0x0000011c   Code   RO         2341    i.net_arp_cache_add  Net_Dbg_CM3_L.lib(net_arp.o)
    0x08018858   0x08018858   0x000000bc   Code   RO         2342    i.net_arp_cache_early  Net_Dbg_CM3_L.lib(net_arp.o)
    0x08018914   0x08018914   0x000000ec   Code   RO         2343    i.net_arp_cache_find  Net_Dbg_CM3_L.lib(net_arp.o)
    0x08018a00   0x08018a00   0x00000048   Code   RO         2344    i.net_arp_cache_init  Net_Dbg_CM3_L.lib(net_arp.o)
    0x08018a48   0x08018a48   0x0000001c   Code   RO         2345    i.net_arp_cache_run  Net_Dbg_CM3_L.lib(net_arp.o)
    0x08018a64   0x08018a64   0x00000078   Code   RO         2347    i.net_arp_enqueue   Net_Dbg_CM3_L.lib(net_arp.o)
    0x08018adc   0x08018adc   0x00000020   Code   RO         2349    i.net_arp_notify    Net_Dbg_CM3_L.lib(net_arp.o)
    0x08018afc   0x08018afc   0x00000224   Code   RO         2351    i.net_arp_process   Net_Dbg_CM3_L.lib(net_arp.o)
    0x08018d20   0x08018d20   0x00000042   Code   RO         3182    i.net_atoi          Net_Dbg_CM3_L.lib(net_common.o)
    0x08018d62   0x08018d62   0x00000002   PAD
    0x08018d64   0x08018d64   0x00000078   Code   RO         3248    i.net_base64_decode  Net_Dbg_CM3_L.lib(net_base64.o)
    0x08018ddc   0x08018ddc   0x00000030   Code   RO         3184    i.net_chksum_buf    Net_Dbg_CM3_L.lib(net_common.o)
    0x08018e0c   0x08018e0c   0x0000001e   Code   RO         3185    i.net_crc_buf       Net_Dbg_CM3_L.lib(net_common.o)
    0x08018e2a   0x08018e2a   0x00000002   PAD
    0x08018e2c   0x08018e2c   0x00000088   Code   RO         2709    i.net_dhcp6_client_init  Net_Dbg_CM3_L.lib(net_dhcp6_client.o)
    0x08018eb4   0x08018eb4   0x0000001c   Code   RO         2710    i.net_dhcp6_client_run  Net_Dbg_CM3_L.lib(net_dhcp6_client.o)
    0x08018ed0   0x08018ed0   0x0000000e   Code   RO         2282    i.net_eth_callback  Net_Dbg_CM3_L.lib(net_eth.o)
    0x08018ede   0x08018ede   0x00000068   Code   RO         2283    i.net_eth_config_mcast  Net_Dbg_CM3_L.lib(net_eth.o)
    0x08018f46   0x08018f46   0x00000002   PAD
    0x08018f48   0x08018f48   0x0000001c   Code   RO         2286    i.net_eth_iface_init  Net_Dbg_CM3_L.lib(net_eth.o)
    0x08018f64   0x08018f64   0x0000001c   Code   RO         2287    i.net_eth_iface_run  Net_Dbg_CM3_L.lib(net_eth.o)
    0x08018f80   0x08018f80   0x000000a8   Code   RO         2289    i.net_eth_output    Net_Dbg_CM3_L.lib(net_eth.o)
    0x08019028   0x08019028   0x000001e0   Code   RO         2290    i.net_eth_send_frame  Net_Dbg_CM3_L.lib(net_eth.o)
    0x08019208   0x08019208   0x00000270   Code   RO         2291    i.net_eth_set_option  Net_Dbg_CM3_L.lib(net_eth.o)
    0x08019478   0x08019478   0x000000e8   Code   RO         2804    i.net_http_server_init  Net_Dbg_CM3_L.lib(net_http_server.o)
    0x08019560   0x08019560   0x00000028   Code   RO         2805    i.net_http_server_run  Net_Dbg_CM3_L.lib(net_http_server.o)
    0x08019588   0x08019588   0x00000018   Code   RO         2499    i.net_icmp6_init    Net_Dbg_CM3_L.lib(net_icmp6.o)
    0x080195a0   0x080195a0   0x00000238   Code   RO         2500    i.net_icmp6_process  Net_Dbg_CM3_L.lib(net_icmp6.o)
    0x080197d8   0x080197d8   0x00000084   Code   RO         2501    i.net_icmp6_send    Net_Dbg_CM3_L.lib(net_icmp6.o)
    0x0801985c   0x0801985c   0x00000058   Code   RO         2502    i.net_icmp6_send_echo  Net_Dbg_CM3_L.lib(net_icmp6.o)
    0x080198b4   0x080198b4   0x00000018   Code   RO         2479    i.net_icmp_init     Net_Dbg_CM3_L.lib(net_icmp.o)
    0x080198cc   0x080198cc   0x000001c8   Code   RO         2480    i.net_icmp_process  Net_Dbg_CM3_L.lib(net_icmp.o)
    0x08019a94   0x08019a94   0x000000a0   Code   RO         2481    i.net_icmp_send_echo  Net_Dbg_CM3_L.lib(net_icmp.o)
    0x08019b34   0x08019b34   0x0000000c   Code   RO         2969    i.net_if_map_all    Net_Dbg_CM3_L.lib(net_sys.o)
    0x08019b40   0x08019b40   0x0000018c   Code   RO         3080    i.net_ip4_chk_frame  Net_Dbg_CM3_L.lib(net_ip4.o)
    0x08019ccc   0x08019ccc   0x0000002c   Code   RO         3081    i.net_ip4_chksum    Net_Dbg_CM3_L.lib(net_ip4.o)
    0x08019cf8   0x08019cf8   0x00000006   Code   RO         3082    i.net_ip4_chksum_buf  Net_Dbg_CM3_L.lib(net_ip4.o)
    0x08019cfe   0x08019cfe   0x00000002   PAD
    0x08019d00   0x08019d00   0x00000080   Code   RO         3084    i.net_ip4_find_route  Net_Dbg_CM3_L.lib(net_ip4.o)
    0x08019d80   0x08019d80   0x0000002c   Code   RO         3085    i.net_ip4_get_local  Net_Dbg_CM3_L.lib(net_ip4.o)
    0x08019dac   0x08019dac   0x00000024   Code   RO         3086    i.net_ip4_init      Net_Dbg_CM3_L.lib(net_ip4.o)
    0x08019dd0   0x08019dd0   0x00000020   Code   RO         3087    i.net_ip4_is_onlink  Net_Dbg_CM3_L.lib(net_ip4.o)
    0x08019df0   0x08019df0   0x00000026   Code   RO         3088    i.net_ip4_is_subcast  Net_Dbg_CM3_L.lib(net_ip4.o)
    0x08019e16   0x08019e16   0x0000000e   Code   RO         3089    i.net_ip4_reass_frame  Net_Dbg_CM3_L.lib(net_ip4.o)
    0x08019e24   0x08019e24   0x00000164   Code   RO         3090    i.net_ip4_send_frame  Net_Dbg_CM3_L.lib(net_ip4.o)
    0x08019f88   0x08019f88   0x0000002a   Code   RO         3092    i.net_ip4_tx_offl_hl  Net_Dbg_CM3_L.lib(net_ip4.o)
    0x08019fb2   0x08019fb2   0x00000002   PAD
    0x08019fb4   0x08019fb4   0x00000100   Code   RO         3118    i.net_ip6_chk_frame  Net_Dbg_CM3_L.lib(net_ip6.o)
    0x0801a0b4   0x0801a0b4   0x00000032   Code   RO         3119    i.net_ip6_chksum    Net_Dbg_CM3_L.lib(net_ip6.o)
    0x0801a0e6   0x0801a0e6   0x00000002   PAD
    0x0801a0e8   0x0801a0e8   0x0000007c   Code   RO         3120    i.net_ip6_collect_mcast  Net_Dbg_CM3_L.lib(net_ip6.o)
    0x0801a164   0x0801a164   0x00000048   Code   RO         3122    i.net_ip6_find_route  Net_Dbg_CM3_L.lib(net_ip6.o)
    0x0801a1ac   0x0801a1ac   0x00000054   Code   RO         3123    i.net_ip6_get_local  Net_Dbg_CM3_L.lib(net_ip6.o)
    0x0801a200   0x0801a200   0x0000001c   Code   RO         3124    i.net_ip6_init      Net_Dbg_CM3_L.lib(net_ip6.o)
    0x0801a21c   0x0801a21c   0x000000cc   Code   RO         3125    i.net_ip6_send_frame  Net_Dbg_CM3_L.lib(net_ip6.o)
    0x0801a2e8   0x0801a2e8   0x0000001e   Code   RO         3127    i.net_ip6_tx_offl_hl  Net_Dbg_CM3_L.lib(net_ip6.o)
    0x0801a306   0x0801a306   0x00000008   Code   RO         3186    i.net_itoa          Net_Dbg_CM3_L.lib(net_common.o)
    0x0801a30e   0x0801a30e   0x00000006   Code   RO         3188    i.net_itoa_n0       Net_Dbg_CM3_L.lib(net_common.o)
    0x0801a314   0x0801a314   0x00000030   Code   RO         2461    i.net_loop_iface_init  Net_Dbg_CM3_L.lib(net_loopback.o)
    0x0801a344   0x0801a344   0x000000bc   Code   RO         2462    i.net_loop_iface_run  Net_Dbg_CM3_L.lib(net_loopback.o)
    0x0801a400   0x0801a400   0x00000070   Code   RO         2464    i.net_loop_send_frame  Net_Dbg_CM3_L.lib(net_loopback.o)
    0x0801a470   0x0801a470   0x000000c0   Code   RO         3159    i.net_mem_alloc     Net_Dbg_CM3_L.lib(net_mem.o)
    0x0801a530   0x0801a530   0x0000001c   Code   RO         3160    i.net_mem_avail     Net_Dbg_CM3_L.lib(net_mem.o)
    0x0801a54c   0x0801a54c   0x000000a4   Code   RO         3161    i.net_mem_free      Net_Dbg_CM3_L.lib(net_mem.o)
    0x0801a5f0   0x0801a5f0   0x00000070   Code   RO         3162    i.net_mem_init      Net_Dbg_CM3_L.lib(net_mem.o)
    0x0801a660   0x0801a660   0x00000048   Code   RO         3163    i.net_mem_shrink    Net_Dbg_CM3_L.lib(net_mem.o)
    0x0801a6a8   0x0801a6a8   0x00000064   Code   RO         2742    i.net_nbns_client_init  Net_Dbg_CM3_L.lib(net_nbns_client.o)
    0x0801a70c   0x0801a70c   0x000001c4   Code   RO         2412    i.net_ndp_cache_find  Net_Dbg_CM3_L.lib(net_ndp.o)
    0x0801a8d0   0x0801a8d0   0x00000080   Code   RO         2413    i.net_ndp_cache_init  Net_Dbg_CM3_L.lib(net_ndp.o)
    0x0801a950   0x0801a950   0x00000078   Code   RO         2415    i.net_ndp_cache_refresh  Net_Dbg_CM3_L.lib(net_ndp.o)
    0x0801a9c8   0x0801a9c8   0x0000001c   Code   RO         2416    i.net_ndp_cache_run  Net_Dbg_CM3_L.lib(net_ndp.o)
    0x0801a9e4   0x0801a9e4   0x00000070   Code   RO         2418    i.net_ndp_enqueue   Net_Dbg_CM3_L.lib(net_ndp.o)
    0x0801aa54   0x0801aa54   0x00000374   Code   RO         2420    i.net_ndp_process   Net_Dbg_CM3_L.lib(net_ndp.o)
    0x0801adc8   0x0801adc8   0x00000038   Code   RO         2971    i.net_path          Net_Dbg_CM3_L.lib(net_sys.o)
    0x0801ae00   0x0801ae00   0x00000020   Code   RO         2942    i.net_ping_client_init  Net_Dbg_CM3_L.lib(net_ping_core.o)
    0x0801ae20   0x0801ae20   0x00000080   Code   RO         2943    i.net_ping_client_run  Net_Dbg_CM3_L.lib(net_ping_core.o)
    0x0801aea0   0x0801aea0   0x0000001c   Code   RO         2972    i.net_rand32        Net_Dbg_CM3_L.lib(net_sys.o)
    0x0801aebc   0x0801aebc   0x0000005c   Code   RO         2916    i.net_sntp_client_init  Net_Dbg_CM3_L.lib(net_sntp_client_core.o)
    0x0801af18   0x0801af18   0x00000058   Code   RO         2917    i.net_sntp_client_run  Net_Dbg_CM3_L.lib(net_sntp_client_core.o)
    0x0801af70   0x0801af70   0x00000148   Code   RO         2918    i.net_sntp_client_start  Net_Dbg_CM3_L.lib(net_sntp_client_core.o)
    0x0801b0b8   0x0801b0b8   0x0000002e   Code   RO         3189    i.net_strcasecmp    Net_Dbg_CM3_L.lib(net_common.o)
    0x0801b0e6   0x0801b0e6   0x00000016   Code   RO         3190    i.net_strchr        Net_Dbg_CM3_L.lib(net_common.o)
    0x0801b0fc   0x0801b0fc   0x0000001a   Code   RO         3191    i.net_strcmp        Net_Dbg_CM3_L.lib(net_common.o)
    0x0801b116   0x0801b116   0x00000012   Code   RO         3192    i.net_strcpy        Net_Dbg_CM3_L.lib(net_common.o)
    0x0801b128   0x0801b128   0x0000001c   Code   RO         3194    i.net_strnchr       Net_Dbg_CM3_L.lib(net_common.o)
    0x0801b144   0x0801b144   0x0000001a   Code   RO         3195    i.net_strncpy       Net_Dbg_CM3_L.lib(net_common.o)
    0x0801b15e   0x0801b15e   0x00000020   Code   RO         3196    i.net_strtoupper    Net_Dbg_CM3_L.lib(net_common.o)
    0x0801b17e   0x0801b17e   0x00000002   PAD
    0x0801b180   0x0801b180   0x0000000c   Code   RO         2973    i.net_sys_lock      Net_Dbg_CM3_L.lib(net_sys.o)
    0x0801b18c   0x0801b18c   0x00000016   Code   RO         2974    i.net_sys_resume    Net_Dbg_CM3_L.lib(net_sys.o)
    0x0801b1a2   0x0801b1a2   0x00000002   PAD
    0x0801b1a4   0x0801b1a4   0x00000014   Code   RO         2976    i.net_sys_tick      Net_Dbg_CM3_L.lib(net_sys.o)
    0x0801b1b8   0x0801b1b8   0x0000000c   Code   RO         2977    i.net_sys_unlock    Net_Dbg_CM3_L.lib(net_sys.o)
    0x0801b1c4   0x0801b1c4   0x00000020   Code   RO         2979    i.net_sys_wakeup    Net_Dbg_CM3_L.lib(net_sys.o)
    0x0801b1e4   0x0801b1e4   0x00000084   Code   RO         2592    i.net_tcp_abort     Net_Dbg_CM3_L.lib(net_tcp.o)
    0x0801b268   0x0801b268   0x000000e4   Code   RO         2595    i.net_tcp_close     Net_Dbg_CM3_L.lib(net_tcp.o)
    0x0801b34c   0x0801b34c   0x0000002e   Code   RO         2598    i.net_tcp_get_buf   Net_Dbg_CM3_L.lib(net_tcp.o)
    0x0801b37a   0x0801b37a   0x00000002   PAD
    0x0801b37c   0x0801b37c   0x00000028   Code   RO         2601    i.net_tcp_get_mss   Net_Dbg_CM3_L.lib(net_tcp.o)
    0x0801b3a4   0x0801b3a4   0x00000070   Code   RO         2605    i.net_tcp_get_socket  Net_Dbg_CM3_L.lib(net_tcp.o)
    0x0801b414   0x0801b414   0x0000002c   Code   RO         2606    i.net_tcp_get_state  Net_Dbg_CM3_L.lib(net_tcp.o)
    0x0801b440   0x0801b440   0x000000b0   Code   RO         2608    i.net_tcp_listen    Net_Dbg_CM3_L.lib(net_tcp.o)
    0x0801b4f0   0x0801b4f0   0x000007a8   Code   RO         2610    i.net_tcp_process   Net_Dbg_CM3_L.lib(net_tcp.o)
    0x0801bc98   0x0801bc98   0x0000015c   Code   RO         2614    i.net_tcp_send      Net_Dbg_CM3_L.lib(net_tcp.o)
    0x0801bdf4   0x0801bdf4   0x0000012c   Code   RO         2616    i.net_tcp_set_option  Net_Dbg_CM3_L.lib(net_tcp.o)
    0x0801bf20   0x0801bf20   0x00000028   Code   RO         2617    i.net_tcp_socket_init  Net_Dbg_CM3_L.lib(net_tcp.o)
    0x0801bf48   0x0801bf48   0x000003c0   Code   RO         2618    i.net_tcp_socket_run  Net_Dbg_CM3_L.lib(net_tcp.o)
    0x0801c308   0x0801c308   0x00000048   Code   RO         2526    i.net_udp_close     Net_Dbg_CM3_L.lib(net_udp.o)
    0x0801c350   0x0801c350   0x0000002e   Code   RO         2529    i.net_udp_get_buf   Net_Dbg_CM3_L.lib(net_udp.o)
    0x0801c37e   0x0801c37e   0x00000002   PAD
    0x0801c380   0x0801c380   0x00000070   Code   RO         2532    i.net_udp_get_socket  Net_Dbg_CM3_L.lib(net_udp.o)
    0x0801c3f0   0x0801c3f0   0x000000ac   Code   RO         2534    i.net_udp_open      Net_Dbg_CM3_L.lib(net_udp.o)
    0x0801c49c   0x0801c49c   0x00000158   Code   RO         2535    i.net_udp_process   Net_Dbg_CM3_L.lib(net_udp.o)
    0x0801c5f4   0x0801c5f4   0x00000012   Code   RO         2537    i.net_udp_send      Net_Dbg_CM3_L.lib(net_udp.o)
    0x0801c606   0x0801c606   0x00000002   PAD
    0x0801c608   0x0801c608   0x0000022c   Code   RO         2538    i.net_udp_send_if   Net_Dbg_CM3_L.lib(net_udp.o)
    0x0801c834   0x0801c834   0x00000024   Code   RO         2540    i.net_udp_socket_init  Net_Dbg_CM3_L.lib(net_udp.o)
    0x0801c858   0x0801c858   0x00000008   Code   RO         3197    i.net_ultoa         Net_Dbg_CM3_L.lib(net_common.o)
    0x0801c860   0x0801c860   0x0000004c   Code   RO         3201    i.net_xtoul         Net_Dbg_CM3_L.lib(net_common.o)
    0x0801c8ac   0x0801c8ac   0x0000001c   Code   RO         2946    i.ping_send_req     Net_Dbg_CM3_L.lib(net_ping_core.o)
    0x0801c8c8   0x0801c8c8   0x00000104   Code   RO         2712    i.proc_opt_ia_na    Net_Dbg_CM3_L.lib(net_dhcp6_client.o)
    0x0801c9cc   0x0801c9cc   0x00000058   Code   RO         2808    i.proc_req_line     Net_Dbg_CM3_L.lib(net_http_server.o)
    0x0801ca24   0x0801ca24   0x000000a0   Code   RO         2809    i.read_script_line  Net_Dbg_CM3_L.lib(net_http_server.o)
    0x0801cac4   0x0801cac4   0x00000048   Code   RO         2810    i.search_delim      Net_Dbg_CM3_L.lib(net_http_server.o)
    0x0801cb0c   0x0801cb0c   0x00000070   Code   RO         2713    i.select_server     Net_Dbg_CM3_L.lib(net_dhcp6_client.o)
    0x0801cb7c   0x0801cb7c   0x000000fc   Code   RO         2920    i.sntp_listener     Net_Dbg_CM3_L.lib(net_sntp_client_core.o)
    0x0801cc78   0x0801cc78   0x0000003c   Code   RO         2921    i.sntp_send_message  Net_Dbg_CM3_L.lib(net_sntp_client_core.o)
    0x0801ccb4   0x0801ccb4   0x00000018   Code   RO         2923    i.sntp_stop         Net_Dbg_CM3_L.lib(net_sntp_client_core.o)
    0x0801cccc   0x0801cccc   0x00000018   Code   RO         2980    i.sys_map_if        Net_Dbg_CM3_L.lib(net_sys.o)
    0x0801cce4   0x0801cce4   0x0000004c   Code   RO         2981    i.sys_proc_tick     Net_Dbg_CM3_L.lib(net_sys.o)
    0x0801cd30   0x0801cd30   0x00000110   Code   RO         2620    i.tcp_map_socket    Net_Dbg_CM3_L.lib(net_tcp.o)
    0x0801ce40   0x0801ce40   0x00000084   Code   RO         2621    i.tcp_parse_opt     Net_Dbg_CM3_L.lib(net_tcp.o)
    0x0801cec4   0x0801cec4   0x0000011c   Code   RO         2622    i.tcp_proc_acknr    Net_Dbg_CM3_L.lib(net_tcp.o)
    0x0801cfe0   0x0801cfe0   0x000000ac   Code   RO         2623    i.tcp_proc_dupack   Net_Dbg_CM3_L.lib(net_tcp.o)
    0x0801d08c   0x0801d08c   0x0000001a   Code   RO         2624    i.tcp_que_free      Net_Dbg_CM3_L.lib(net_tcp.o)
    0x0801d0a6   0x0801d0a6   0x0000001a   Code   RO         2625    i.tcp_que_init      Net_Dbg_CM3_L.lib(net_tcp.o)
    0x0801d0c0   0x0801d0c0   0x000000ac   Code   RO         2626    i.tcp_que_resend    Net_Dbg_CM3_L.lib(net_tcp.o)
    0x0801d16c   0x0801d16c   0x00000090   Code   RO         2627    i.tcp_send_ctrl     Net_Dbg_CM3_L.lib(net_tcp.o)
    0x0801d1fc   0x0801d1fc   0x0000007c   Code   RO         2628    i.tcp_send_data     Net_Dbg_CM3_L.lib(net_tcp.o)
    0x0801d278   0x0801d278   0x00000090   Code   RO         2629    i.tcp_send_reset    Net_Dbg_CM3_L.lib(net_tcp.o)
    0x0801d308   0x0801d308   0x00000044   Code   RO         2630    i.tcp_set_cwnd      Net_Dbg_CM3_L.lib(net_tcp.o)
    0x0801d34c   0x0801d34c   0x00000074   Code   RO         2631    i.tcp_transit       Net_Dbg_CM3_L.lib(net_tcp.o)
    0x0801d3c0   0x0801d3c0   0x0000010c   Code   RO         2632    i.tcp_write         Net_Dbg_CM3_L.lib(net_tcp.o)
    0x0801d4cc   0x0801d4cc   0x0000002c   Code   RO         2542    i.udp_port_in_use   Net_Dbg_CM3_L.lib(net_udp.o)
    0x0801d4f8   0x0801d4f8   0x00000044   Code   RO         3202    i.ul2str            Net_Dbg_CM3_L.lib(net_common.o)
    0x0801d53c   0x0801d53c   0x00000124   Code   RO         2811    i.utc_to_http       Net_Dbg_CM3_L.lib(net_http_server.o)
    0x0801d660   0x0801d660   0x00000004   Data   RO          323    .constdata          web.o
    0x0801d664   0x0801d664   0x000eb136   Data   RO          324    .constdata          web.o
    0x0810879a   0x0810879a   0x00000002   PAD
    0x0810879c   0x0810879c   0x00000198   Data   RO          325    .constdata          web.o
    0x08108934   0x08108934   0x00000960   Data   RO          380    .constdata          lcd.o
    0x08109294   0x08109294   0x00000010   Data   RO          605    .constdata          teclado.o
    0x081092a4   0x081092a4   0x00000063   Data   RO          693    .constdata          flash.o
    0x08109307   0x08109307   0x00000001   PAD
    0x08109308   0x08109308   0x00000024   Data   RO         1082    .constdata          rtx_lib.o
    0x0810932c   0x0810932c   0x00000024   Data   RO         1083    .constdata          rtx_lib.o
    0x08109350   0x08109350   0x00000018   Data   RO         1084    .constdata          rtx_lib.o
    0x08109368   0x08109368   0x00000004   Data   RO         1086    .constdata          rtx_lib.o
    0x0810936c   0x0810936c   0x00000004   Data   RO         1427    .constdata          phy_lan8742a.o
    0x08109370   0x08109370   0x00000020   Data   RO         1428    .constdata          phy_lan8742a.o
    0x08109390   0x08109390   0x00000050   Data   RO         1455    .constdata          emac_stm32f4xx.o
    0x081093e0   0x081093e0   0x00000044   Data   RO         1456    .constdata          emac_stm32f4xx.o
    0x08109424   0x08109424   0x00000038   Data   RO         1494    .constdata          i2c_stm32f4xx.o
    0x0810945c   0x0810945c   0x00000030   Data   RO         1495    .constdata          i2c_stm32f4xx.o
    0x0810948c   0x0810948c   0x0000008c   Data   RO         1531    .constdata          spi_stm32f4xx.o
    0x08109518   0x08109518   0x00000010   Data   RO         1532    .constdata          spi_stm32f4xx.o
    0x08109528   0x08109528   0x00000010   Data   RO         1533    .constdata          spi_stm32f4xx.o
    0x08109538   0x08109538   0x00000010   Data   RO         1534    .constdata          spi_stm32f4xx.o
    0x08109548   0x08109548   0x00000010   Data   RO         1535    .constdata          spi_stm32f4xx.o
    0x08109558   0x08109558   0x00000010   Data   RO         1536    .constdata          spi_stm32f4xx.o
    0x08109568   0x08109568   0x00000010   Data   RO         1537    .constdata          spi_stm32f4xx.o
    0x08109578   0x08109578   0x00000010   Data   RO         1538    .constdata          spi_stm32f4xx.o
    0x08109588   0x08109588   0x00000010   Data   RO         1539    .constdata          spi_stm32f4xx.o
    0x08109598   0x08109598   0x0000002c   Data   RO         1540    .constdata          spi_stm32f4xx.o
    0x081095c4   0x081095c4   0x0000002c   Data   RO         1541    .constdata          spi_stm32f4xx.o
    0x081095f0   0x081095f0   0x0000002c   Data   RO         1542    .constdata          spi_stm32f4xx.o
    0x0810961c   0x0810961c   0x00000018   Data   RO         1578    .constdata          eventrecorder.o
    0x08109634   0x08109634   0x00000008   Data   RO         1717    .constdata          stm32f4xx_hal_dma.o
    0x0810963c   0x0810963c   0x00000010   Data   RO         2109    .constdata          system_stm32f4xx_1.o
    0x0810964c   0x0810964c   0x00000008   Data   RO         2110    .constdata          system_stm32f4xx_1.o
    0x08109654   0x08109654   0x000000a8   Data   RO         2154    .constdata          net_config.o
    0x081096fc   0x081096fc   0x0000001c   Data   RO         2155    .constdata          net_config.o
    0x08109718   0x08109718   0x00000014   Data   RO         2156    .constdata          net_config.o
    0x0810972c   0x0810972c   0x0000000c   Data   RO         2157    .constdata          net_config.o
    0x08109738   0x08109738   0x00000028   Data   RO         2158    .constdata          net_config.o
    0x08109760   0x08109760   0x00000010   Data   RO         2159    .constdata          net_config.o
    0x08109770   0x08109770   0x0000000c   Data   RO         2160    .constdata          net_config.o
    0x0810977c   0x0810977c   0x00000014   Data   RO         2161    .constdata          net_config.o
    0x08109790   0x08109790   0x00000020   Data   RO         2162    .constdata          net_config.o
    0x081097b0   0x081097b0   0x0000002c   Data   RO         2163    .constdata          net_config.o
    0x081097dc   0x081097dc   0x00000008   Data   RO         2164    .constdata          net_config.o
    0x081097e4   0x081097e4   0x00000008   Data   RO         2165    .constdata          net_config.o
    0x081097ec   0x081097ec   0x00000008   Data   RO         2166    .constdata          net_config.o
    0x081097f4   0x081097f4   0x00000008   Data   RO         2167    .constdata          net_config.o
    0x081097fc   0x081097fc   0x00000008   Data   RO         2168    .constdata          net_config.o
    0x08109804   0x08109804   0x00000008   Data   RO         2169    .constdata          net_config.o
    0x0810980c   0x0810980c   0x00000008   Data   RO         2170    .constdata          net_config.o
    0x08109814   0x08109814   0x00000008   Data   RO         2171    .constdata          net_config.o
    0x0810981c   0x0810981c   0x00000008   Data   RO         2172    .constdata          net_config.o
    0x08109824   0x08109824   0x00000008   Data   RO         2173    .constdata          net_config.o
    0x0810982c   0x0810982c   0x0000000c   Data   RO         2174    .constdata          net_config.o
    0x08109838   0x08109838   0x00000018   Data   RO         2175    .constdata          net_config.o
    0x08109850   0x08109850   0x00000034   Data   RO         2176    .constdata          net_config.o
    0x08109884   0x08109884   0x00000008   Data   RO         2177    .constdata          net_config.o
    0x0810988c   0x0810988c   0x00000030   Data   RO         2178    .constdata          net_config.o
    0x081098bc   0x081098bc   0x00000028   Data   RO         2179    .constdata          net_config.o
    0x081098e4   0x081098e4   0x00000010   Data   RO         2182    .constdata          net_config.o
    0x081098f4   0x081098f4   0x0000002c   Data   RO         2465    .constdata          Net_Dbg_CM3_L.lib(net_loopback.o)
    0x08109920   0x08109920   0x0000000c   Data   RO         2466    .constdata          Net_Dbg_CM3_L.lib(net_loopback.o)
    0x0810992c   0x0810992c   0x00000010   Data   RO         2718    .constdata          Net_Dbg_CM3_L.lib(net_dhcp6_client.o)
    0x0810993c   0x0810993c   0x00000008   Data   RO         2744    .constdata          Net_Dbg_CM3_L.lib(net_nbns_client.o)
    0x08109944   0x08109944   0x000000fa   Data   RO         2813    .constdata          Net_Dbg_CM3_L.lib(net_http_server.o)
    0x08109a3e   0x08109a3e   0x00000002   PAD
    0x08109a40   0x08109a40   0x00000018   Data   RO         2892    .constdata          Net_Dbg_CM3_L.lib(net_http_server_auth.o)
    0x08109a58   0x08109a58   0x00000012   Data   RO         2948    .constdata          Net_Dbg_CM3_L.lib(net_ping_core.o)
    0x08109a6a   0x08109a6a   0x00000010   Data   RO         3041    .constdata          Net_Dbg_CM3_L.lib(net_addr.o)
    0x08109a7a   0x08109a7a   0x00000006   Data   RO         3042    .constdata          Net_Dbg_CM3_L.lib(net_addr.o)
    0x08109a80   0x08109a80   0x00000004   Data   RO         3094    .constdata          Net_Dbg_CM3_L.lib(net_ip4.o)
    0x08109a84   0x08109a84   0x00000020   Data   RO         3129    .constdata          Net_Dbg_CM3_L.lib(net_ip6.o)
    0x08109aa4   0x08109aa4   0x00000010   Data   RO         3130    .constdata          Net_Dbg_CM3_L.lib(net_ip6.o)
    0x08109ab4   0x08109ab4   0x00000018   Data   RO         3149    .constdata          Net_Dbg_CM3_L.lib(net_http_server_err.o)
    0x08109acc   0x08109acc   0x00000090   Data   RO         3250    .constdata          Net_Dbg_CM3_L.lib(net_base64.o)
    0x08109b5c   0x08109b5c   0x00000004   Data   RO         3259    .constdata          Net_Dbg_CM3_L.lib(net_version.o)
    0x08109b60   0x08109b60   0x00000081   Data   RO         3276    .constdata          mc_w.l(ctype_o.o)
    0x08109be1   0x08109be1   0x00000003   PAD
    0x08109be4   0x08109be4   0x00000004   Data   RO         3277    .constdata          mc_w.l(ctype_o.o)
    0x08109be8   0x08109be8   0x0000000c   Data   RO         3307    .constdata          mc_w.l(localtime.o)
    0x08109bf4   0x08109bf4   0x00000078   Data   RO         2183    .conststring        net_config.o
    0x08109c6c   0x08109c6c   0x0000000d   Data   RO         2184    .conststring        net_config.o
    0x08109c79   0x08109c79   0x00000003   PAD
    0x08109c7c   0x08109c7c   0x0000003c   Data   RO         2185    .conststring        net_config.o
    0x08109cb8   0x08109cb8   0x0000003d   Data   RO         2186    .conststring        net_config.o
    0x08109cf5   0x08109cf5   0x00000003   PAD
    0x08109cf8   0x08109cf8   0x0000001d   Data   RO         2187    .conststring        net_config.o
    0x08109d15   0x08109d15   0x00000003   PAD
    0x08109d18   0x08109d18   0x0000000d   Data   RO         2188    .conststring        net_config.o
    0x08109d25   0x08109d25   0x00000003   PAD
    0x08109d28   0x08109d28   0x00000203   Data   RO         3150    .conststring        Net_Dbg_CM3_L.lib(net_http_server_err.o)
    0x08109f2b   0x08109f2b   0x00000001   PAD
    0x08109f2c   0x08109f2c   0x0000000b   Data   RO         1026    .conststrlit        rtx_kernel.o
    0x08109f37   0x08109f37   0x00000001   PAD
    0x08109f38   0x08109f38   0x000000a8   Data   RO         1087    .rodata             rtx_lib.o
    0x08109fe0   0x08109fe0   0x00000030   Data   RO         3716    Region$$Table       anon$$obj.o


    Execution Region RW_IRAM2 (Exec base: 0x10000000, Load base: 0x0810a158, Size: 0x000004a4, Max: 0x00010000, ABSOLUTE)

    Exec Addr    Load Addr    Size         Type   Attr      Idx    E Section Name        Object

    0x10000000        -       0x000004a4   Zero   RW         1577    .bss.noinit         eventrecorder.o


    Execution Region RW_IRAM1 (Exec base: 0x20000000, Load base: 0x0810a010, Size: 0x0000fa58, Max: 0x00030000, ABSOLUTE, COMPRESSED[0x00000148])

    Exec Addr    Load Addr    Size         Type   Attr      Idx    E Section Name        Object

    0x20000000   COMPRESSED   0x00008000   Data   RW         1074    .bss.os             rtx_lib.o
    0x20008000   COMPRESSED   0x00000040   Data   RW         1075    .bss.os             rtx_lib.o
    0x20008040   COMPRESSED   0x00000001   Data   RW         1379    .bss.os             os_systick.o
    0x20008041   COMPRESSED   0x00000003   PAD
    0x20008044   COMPRESSED   0x00000034   Data   RW         1076    .bss.os.msgqueue.cb  rtx_lib.o
    0x20008078   COMPRESSED   0x00000050   Data   RW         1077    .bss.os.msgqueue.mem  rtx_lib.o
    0x200080c8   COMPRESSED   0x0000001c   Data   RW         2148    .bss.os.mutex.cb    net_config.o
    0x200080e4   COMPRESSED   0x0000001c   Data   RW         2149    .bss.os.mutex.cb    net_config.o
    0x20008100   COMPRESSED   0x00000010   Data   RW         2150    .bss.os.semaphore.cb  net_config.o
    0x20008110   COMPRESSED   0x00000044   Data   RW         1078    .bss.os.thread.cb   rtx_lib.o
    0x20008154   COMPRESSED   0x00000044   Data   RW         1079    .bss.os.thread.cb   rtx_lib.o
    0x20008198   COMPRESSED   0x00000044   Data   RW         2151    .bss.os.thread.cb   net_config.o
    0x200081dc   COMPRESSED   0x00000044   Data   RW         2152    .bss.os.thread.cb   net_config.o
    0x20008220   COMPRESSED   0x00000200   Data   RW         1080    .bss.os.thread.idle.stack  rtx_lib.o
    0x20008420   COMPRESSED   0x00000200   Data   RW         1081    .bss.os.thread.timer.stack  rtx_lib.o
    0x20008620   COMPRESSED   0x00000020   Data   RW         2153    .bss.os.timer.cb    net_config.o
    0x20008640   COMPRESSED   0x00000004   Data   RW            5    .data               main.o
    0x20008644   COMPRESSED   0x00000014   Data   RW          185    .data               http_server.o
    0x20008658   COMPRESSED   0x00000001   Data   RW          187    .data               http_server.o
    0x20008659   COMPRESSED   0x00000001   Data   RW          257    .data               http_server_cgi.o
    0x2000865a   COMPRESSED   0x00000002   PAD
    0x2000865c   COMPRESSED   0x0000000c   Data   RW          344    .data               rtc.o
    0x20008668   COMPRESSED   0x00000010   Data   RW          381    .data               lcd.o
    0x20008678   COMPRESSED   0x00000049   Data   RW          461    .data               principal.o
    0x200086c1   COMPRESSED   0x00000003   PAD
    0x200086c4   COMPRESSED   0x00000008   Data   RW          519    .data               temp.o
    0x200086cc   COMPRESSED   0x00000018   Data   RW          546    .data               sensors.o
    0x200086e4   COMPRESSED   0x0000000c   Data   RW          578    .data               zumbador.o
    0x200086f0   COMPRESSED   0x0000000c   Data   RW          607    .data               teclado.o
    0x200086fc   COMPRESSED   0x00000004   Data   RW          636    .data               gas.o
    0x20008700   COMPRESSED   0x00000001   Data   RW          664    .data               proximidad.o
    0x20008701   COMPRESSED   0x00000003   PAD
    0x20008704   COMPRESSED   0x00000010   Data   RW          695    .data               flash.o
    0x20008714   COMPRESSED   0x00000022   Data   RW          724    .data               rfid.o
    0x20008736   COMPRESSED   0x00000002   PAD
    0x20008738   COMPRESSED   0x00000010   Data   RW          752    .data               servomotor.o
    0x20008748   COMPRESSED   0x00000008   Data   RW          779    .data               consumo.o
    0x20008750   COMPRESSED   0x00000054   Data   RW          803    .data               nak_driver_i2c.o
    0x200087a4   COMPRESSED   0x00000008   Data   RW          825    .data               i2c_prueba_temp.o
    0x200087ac   COMPRESSED   0x0000000c   Data   RW         1611    .data               stm32f4xx_hal.o
    0x200087b8   COMPRESSED   0x00000004   Data   RW         2111    .data               system_stm32f4xx_1.o
    0x200087bc   COMPRESSED   0x00000004   Data   RW         2189    .data               net_config.o
    0x200087c0   COMPRESSED   0x00000006   Data   RW         2190    .data               net_config.o
    0x200087c6   COMPRESSED   0x00000004   Data   RW         2191    .data               net_config.o
    0x200087ca   COMPRESSED   0x00000002   PAD
    0x200087cc   COMPRESSED   0x00000004   Data   RW         2467    .data               Net_Dbg_CM3_L.lib(net_loopback.o)
    0x200087d0   COMPRESSED   0x00000001   Data   RW         2482    .data               Net_Dbg_CM3_L.lib(net_icmp.o)
    0x200087d1   COMPRESSED   0x00000001   Data   RW         2503    .data               Net_Dbg_CM3_L.lib(net_icmp6.o)
    0x200087d2   COMPRESSED   0x00000002   Data   RW         2544    .data               Net_Dbg_CM3_L.lib(net_udp.o)
    0x200087d4   COMPRESSED   0x00000004   Data   RW         2635    .data               Net_Dbg_CM3_L.lib(net_tcp.o)
    0x200087d8   COMPRESSED   0x00000002   Data   RW         2719    .data               Net_Dbg_CM3_L.lib(net_dhcp6_client.o)
    0x200087da   COMPRESSED   0x00000001   Data   RW         2745    .data               Net_Dbg_CM3_L.lib(net_nbns_client.o)
    0x200087db   COMPRESSED   0x00000001   PAD
    0x200087dc   COMPRESSED   0x0000000c   Data   RW         2814    .data               Net_Dbg_CM3_L.lib(net_http_server.o)
    0x200087e8   COMPRESSED   0x00000008   Data   RW         3095    .data               Net_Dbg_CM3_L.lib(net_ip4.o)
    0x200087f0   COMPRESSED   0x00000004   Data   RW         3131    .data               Net_Dbg_CM3_L.lib(net_ip6.o)
    0x200087f4   COMPRESSED   0x00000004   Data   RW         3668    .data               mc_w.l(stdout.o)
    0x200087f8   COMPRESSED   0x00000004   Data   RW         3682    .data               mc_w.l(errno.o)
    0x200087fc   COMPRESSED   0x000000a4   Data   RW         1027    .data.os            rtx_kernel.o
    0x200088a0        -       0x000000c5   Zero   RW          182    .bss                http_server.o
    0x20008965        -       0x000001a8   Zero   RW          256    .bss                http_server_cgi.o
    0x20008b0d   COMPRESSED   0x00000003   PAD
    0x20008b10        -       0x00000014   Zero   RW          300    .bss                leds.o
    0x20008b24        -       0x000000b2   Zero   RW          343    .bss                rtc.o
    0x20008bd6        -       0x00000200   Zero   RW          379    .bss                lcd.o
    0x20008dd6   COMPRESSED   0x00000002   PAD
    0x20008dd8        -       0x00000172   Zero   RW          460    .bss                principal.o
    0x20008f4a   COMPRESSED   0x00000002   PAD
    0x20008f4c        -       0x00000040   Zero   RW          577    .bss                zumbador.o
    0x20008f8c        -       0x00000048   Zero   RW          635    .bss                gas.o
    0x20008fd4        -       0x00000014   Zero   RW          663    .bss                proximidad.o
    0x20008fe8        -       0x0000004c   Zero   RW          692    .bss                flash.o
    0x20009034        -       0x00000014   Zero   RW          723    .bss                rfid.o
    0x20009048        -       0x00000070   Zero   RW          751    .bss                servomotor.o
    0x200090b8        -       0x00000048   Zero   RW          778    .bss                consumo.o
    0x20009100        -       0x0000000c   Zero   RW         1426    .bss                phy_lan8742a.o
    0x2000910c        -       0x000024cc   Zero   RW         1454    .bss                emac_stm32f4xx.o
    0x2000b5d8        -       0x00000028   Zero   RW         1493    .bss                i2c_stm32f4xx.o
    0x2000b600        -       0x00000010   Zero   RW         1525    .bss                spi_stm32f4xx.o
    0x2000b610        -       0x00000010   Zero   RW         1526    .bss                spi_stm32f4xx.o
    0x2000b620        -       0x00000010   Zero   RW         1527    .bss                spi_stm32f4xx.o
    0x2000b630        -       0x0000001c   Zero   RW         1528    .bss                spi_stm32f4xx.o
    0x2000b64c        -       0x0000001c   Zero   RW         1529    .bss                spi_stm32f4xx.o
    0x2000b668        -       0x0000001c   Zero   RW         1530    .bss                spi_stm32f4xx.o
    0x2000b684   COMPRESSED   0x00000004   PAD
    0x2000b688        -       0x00000400   Zero   RW         2138    .bss                net_config.o
    0x2000ba88        -       0x00000400   Zero   RW         2139    .bss                net_config.o
    0x2000be88        -       0x00002ee0   Zero   RW         2140    .bss                net_config.o
    0x2000ed68        -       0x000000c8   Zero   RW         2141    .bss                net_config.o
    0x2000ee30        -       0x00000018   Zero   RW         2142    .bss                net_config.o
    0x2000ee48        -       0x000000a0   Zero   RW         2143    .bss                net_config.o
    0x2000eee8        -       0x00000064   Zero   RW         2144    .bss                net_config.o
    0x2000ef4c        -       0x00000050   Zero   RW         2145    .bss                net_config.o
    0x2000ef9c        -       0x00000228   Zero   RW         2146    .bss                net_config.o
    0x2000f1c4        -       0x00000150   Zero   RW         2147    .bss                net_config.o
    0x2000f314        -       0x000000a0   Zero   RW         2292    .bss                Net_Dbg_CM3_L.lib(net_eth.o)
    0x2000f3b4        -       0x00000018   Zero   RW         2352    .bss                Net_Dbg_CM3_L.lib(net_arp.o)
    0x2000f3cc        -       0x00000044   Zero   RW         2421    .bss                Net_Dbg_CM3_L.lib(net_ndp.o)
    0x2000f410        -       0x0000001c   Zero   RW         2543    .bss                Net_Dbg_CM3_L.lib(net_udp.o)
    0x2000f42c        -       0x00000044   Zero   RW         2714    .bss                Net_Dbg_CM3_L.lib(net_dhcp6_client.o)
    0x2000f470        -       0x00000098   Zero   RW         2812    .bss                Net_Dbg_CM3_L.lib(net_http_server.o)
    0x2000f508        -       0x0000002c   Zero   RW         2924    .bss                Net_Dbg_CM3_L.lib(net_sntp_client_core.o)
    0x2000f534        -       0x0000002c   Zero   RW         2947    .bss                Net_Dbg_CM3_L.lib(net_ping_core.o)
    0x2000f560        -       0x00000038   Zero   RW         2982    .bss                Net_Dbg_CM3_L.lib(net_sys.o)
    0x2000f598        -       0x00000024   Zero   RW         2983    .bss                Net_Dbg_CM3_L.lib(net_sys.o)
    0x2000f5bc        -       0x0000005c   Zero   RW         3040    .bss                Net_Dbg_CM3_L.lib(net_addr.o)
    0x2000f618        -       0x00000014   Zero   RW         3165    .bss                Net_Dbg_CM3_L.lib(net_mem.o)
    0x2000f62c        -       0x0000002c   Zero   RW         3306    .bss                mc_w.l(localtime.o)
    0x2000f658        -       0x00000400   Zero   RW         2098    STACK               startup_stm32f429xx.o


==============================================================================

Image component sizes


      Code (inc. data)   RO Data    RW Data    ZI Data      Debug   Object Name

       528         40          0          8         72       3366   consumo.o
      2536        156        148          0       9420      47646   emac_stm32f4xx.o
      1452         40         24          0       1188      17416   eventrecorder.o
      2872         80         99         16         76      12540   flash.o
       388         46          0          4         72       2729   gas.o
      1164        152          0         21        197      21400   http_server.o
      1860        332          0          1        424       8969   http_server_cgi.o
       100         10          0          8          0       1159   i2c_prueba_temp.o
      4692        100        104          0         40      15950   i2c_stm32f4xx.o
       148          8          0          0          0        624   irq_armv7m.o
      1176         56       2400         16        512       5940   lcd.o
       256         14          0          0         20       1842   leds.o
       260         22          0          4          0     801631   main.o
       548         30          0         84          0       8211   nak_driver_i2c.o
       368         24        968        254      15500      32849   net_config.o
       338          0          0          0          0        838   net_debug.o
       196         12          0          1          0       1972   os_systick.o
       428         10         36          0         12       6898   phy_lan8742a.o
      2012        166          0         73        370      10392   principal.o
       112         26          0          1         20       1375   proximidad.o
      1348         96          0         34         20       7165   rfid.o
       604         68          0         12        178       4342   rtc.o
         4          0          0          0          0        591   rtx_config.o
       260         14          0          0          0      17922   rtx_delay.o
      2392         88          0          0          0      45213   rtx_evr.o
      1740         96         11        164          0      28052   rtx_kernel.o
        24          0        268      34124          0       9855   rtx_lib.o
       292          0          0          0          0       3823   rtx_memory.o
      1984         48          0          0          0      15184   rtx_mempool.o
      2820         58          0          0          0      23696   rtx_msgqueue.o
      1368         30          0          0          0      10150   rtx_mutex.o
      1432         34          0          0          0      11920   rtx_semaphore.o
       668         18          0          0          0       8509   rtx_system.o
      4892        124          0          0          0      33661   rtx_thread.o
      1152         34          0          0          0      10253   rtx_timer.o
       328         18          0         24          0       2269   sensors.o
       400         30          0         16        112       2531   servomotor.o
      3292         98        400          0        132      49591   spi_stm32f4xx.o
        36          8        428          0       1024        828   startup_stm32f429xx.o
       456         38          0         12          0      11431   stm32f4xx_hal.o
      2744         92          0          0          0       8835   stm32f4xx_hal_adc.o
      1828         42          0          0          0       6542   stm32f4xx_hal_adc_ex.o
       664         10          0          0          0      36146   stm32f4xx_hal_cortex.o
      1816         28          8          0          0       7649   stm32f4xx_hal_dma.o
       868         54          0          0          0       3999   stm32f4xx_hal_gpio.o
       376         20          0          0          0       3627   stm32f4xx_hal_pwr.o
      1888         66          0          0          0       6151   stm32f4xx_hal_rcc.o
      1508         80          0          0          0       4705   stm32f4xx_hal_rcc_ex.o
      2416         24          0          0          0       8717   stm32f4xx_hal_rtc.o
      2828         22          0          0          0      13701   stm32f4xx_hal_rtc_ex.o
      9170        166          0          0          0      37644   stm32f4xx_hal_tim.o
      2992         62          0          0          0      13672   stm32f4xx_hal_tim_ex.o
       148         20         24          4          0       1769   system_stm32f4xx_1.o
      1024         36         16         12          0       3429   teclado.o
       260         14          0          8          0       2128   temp.o
       120         10     963282          0          0       1736   web.o
       356         24          0         12         64       2502   zumbador.o

    ----------------------------------------------------------------------
     77934       2994     968280      34928      29464    1463685   Object Totals
         0          0         48          0          0          0   (incl. Generated)
         2          0         16         15         11          0   (incl. Padding)

    ----------------------------------------------------------------------

      Code (inc. data)   RO Data    RW Data    ZI Data      Debug   Library Member Name

      1142         18         22          0         92       1356   net_addr.o
      2874        144          0          0         24       1548   net_arp.o
       120          6        144          0          0         84   net_base64.o
       574          6          0          0          0       1260   net_common.o
      3454        144         16          2         68        944   net_dhcp6_client.o
      3430        122          0          0        160       1516   net_eth.o
      6690       1238        250         12        152       2568   net_http_server.o
       266         66         24          0          0        368   net_http_server_auth.o
         0          0        539          0          0          0   net_http_server_err.o
       640         48          0          1          0        236   net_icmp.o
       812         60          0          1          0        332   net_icmp6.o
      1188         82          4          8          0        956   net_ip4.o
       848         72         48          4          0        644   net_ip6.o
       348         28         56          4          0        256   net_loopback.o
       592         64          0          0         20        564   net_mem.o
       520         44          8          1          0        188   net_nbns_client.o
      4150        176          0          0         68       1848   net_ndp.o
       188         32         18          0         44        220   net_ping_core.o
       872         70          0          0         44        584   net_sntp_client_core.o
       698         76          0          0         92        928   net_sys.o
      6334        270          0          4          0       2232   net_tcp.o
      1400         80          0          2         28        772   net_udp.o
         0          0          4          0          0          0   net_version.o
        86          0          0          0          0          0   __dczerorl2.o
        28          0          0          0          0         68   _chval.o
       158          0          0          0          0         92   _strtoul.o
         8          4        133          0          0         68   ctype_o.o
         0          0          0          0          0          0   entry.o
         0          0          0          0          0          0   entry10a.o
         0          0          0          0          0          0   entry11a.o
         4          0          0          0          0          0   entry12b.o
         8          4          0          0          0          0   entry2.o
         4          0          0          0          0          0   entry5.o
         0          0          0          0          0          0   entry7b.o
         0          0          0          0          0          0   entry8b.o
         8          4          0          0          0          0   entry9a.o
         8          4          0          4          0         68   errno.o
        18          0          0          0          0         80   fputc.o
        30          0          0          0          0          0   handlers.o
        36          8          0          0          0         68   init.o
         0          0          0          0          0          0   iusefp.o
         0          0          0          0          0          0   iusesemip.o
        30          0          0          0          0         68   llshl.o
        36          0          0          0          0         68   llsshr.o
        32          0          0          0          0         68   llushr.o
       148         10         12          0         44         76   localtime.o
        26          0          0          0          0         80   memcmp.o
        36          0          0          0          0         68   memcpya.o
        36          0          0          0          0        108   memseta.o
      2268         96          0          0          0        616   printfa.o
         0          0          0          0          0          0   semi.o
         0          0          0          4          0          0   stdout.o
        28          0          0          0          0         76   strcmp.o
        18          0          0          0          0         68   strcpy.o
        14          0          0          0          0         68   strlen.o
        30          0          0          0          0         80   strncmp.o
        24          0          0          0          0         76   strncpy.o
       114          0          0          0          0         92   strtoul.o
        44          0          0          0          0         80   uidiv.o
        98          0          0          0          0         92   uldiv.o
        48          0          0          0          0         68   cdrcmple.o
        56          0          0          0          0         88   d2f.o
       334          0          0          0          0        148   dadd.o
       222          0          0          0          0        100   ddiv.o
       186          0          0          0          0        176   depilogue.o
        48          0          0          0          0         68   dfixul.o
        34          0          0          0          0         76   dflti.o
       228          0          0          0          0         96   dmul.o
        46          0          0          0          0         80   dscalb.o
        38          0          0          0          0         68   f2d.o
       110          0          0          0          0        168   fepilogue.o
        10          0          0          0          0         68   ffltui.o
       100          0          0          0          0         76   fmul.o
        24          0          0          0          0         68   fscalb.o

    ----------------------------------------------------------------------
     42054       2976       1284         48        836      22980   Library Totals
        52          0          6          1          0          0   (incl. Padding)

    ----------------------------------------------------------------------

      Code (inc. data)   RO Data    RW Data    ZI Data      Debug   Library Name

     37140       2846       1133         39        792      19404   Net_Dbg_CM3_L.lib
      3378        130        145          8         44       2228   mc_w.l
      1484          0          0          0          0       1348   mf_w.l

    ----------------------------------------------------------------------
     42054       2976       1284         48        836      22980   Library Totals

    ----------------------------------------------------------------------

==============================================================================


      Code (inc. data)   RO Data    RW Data    ZI Data      Debug   

    119988       5970     969564      34976      30300    1467137   Grand Totals
    119988       5970     969564        328      30300    1467137   ELF Image Totals (compressed)
    119988       5970     969564        328          0          0   ROM Totals

==============================================================================

    Total RO  Size (Code + RO Data)              1089552 (1064.02kB)
    Total RW  Size (RW Data + ZI Data)             65276 (  63.75kB)
    Total ROM Size (Code + RO Data + RW Data)    1089880 (1064.34kB)

==============================================================================

