Component: ARM Compiler 5.06 update 7 (build 960) Tool: armlink [4d3601]

==============================================================================

Section Cross References

    main.o(.text) refers to rtx_kernel.o(.text) for osKernelGetState
    main.o(.text) refers to stm32f4xx_hal_rcc.o(.text) for HAL_RCC_OscConfig
    main.o(.text) refers to stm32f4xx_hal.o(.text) for HAL_GetREVID
    main.o(.text) refers to system_stm32f4xx_1.o(.text) for SystemCoreClockUpdate
    main.o(.text) refers to rtx_thread.o(.text) for osThreadNew
    main.o(.text) refers to system_stm32f4xx_1.o(.data) for SystemCoreClock
    main.o(.text) refers to main.o(.data) for .data
    main.o(.text) refers to http_server.o(.constdata) for app_main_attr
    main.o(.text) refers to http_server.o(.text) for app_main
    http_server.o(.text) refers to consumo.o(.text) for ADC_StartConversion
    http_server.o(.text) refers to rtx_thread.o(.text) for osThreadFlagsSet
    http_server.o(.text) refers to rtx_msgqueue.o(.text) for osMessageQueueNew
    http_server.o(.text) refers to strcpy.o(.text) for strcpy
    http_server.o(.text) refers to ctype_o.o(.text) for __rt_ctype_table
    http_server.o(.text) refers to memseta.o(.text) for __aeabi_memclr
    http_server.o(.text) refers to printfa.o(i.__0sprintf) for __2sprintf
    http_server.o(.text) refers to strlen.o(.text) for strlen
    http_server.o(.text) refers to strtoul.o(.text) for strtoul
    http_server.o(.text) refers to strncpy.o(.text) for strncpy
    http_server.o(.text) refers to net_sys.o(i.netInitialize) for netInitialize
    http_server.o(.text) refers to principal.o(.text) for Init_Thread_principal
    http_server.o(.text) refers to http_server.o(.data) for .data
    http_server.o(.text) refers to http_server.o(.bss) for .bss
    http_server.o(.text) refers to principal.o(.data) for tid_Thread_principal
    http_server.o(.constdata) refers to http_server.o(.bss) for app_main_stk
    http_server_cgi.o(.text) refers to net_http_server.o(i.netCGI_GetEnvVar) for netCGI_GetEnvVar
    http_server_cgi.o(.text) refers to net_addr.o(i.netIP_aton) for netIP_aton
    http_server_cgi.o(.text) refers to net_sys.o(i.netIF_SetOption) for netIF_SetOption
    http_server_cgi.o(.text) refers to strncmp.o(.text) for strncmp
    http_server_cgi.o(.text) refers to strcmp.o(.text) for strcmp
    http_server_cgi.o(.text) refers to leds.o(.text) for Led_verde_reset
    http_server_cgi.o(.text) refers to strcpy.o(.text) for strcpy
    http_server_cgi.o(.text) refers to rtx_thread.o(.text) for osThreadFlagsSet
    http_server_cgi.o(.text) refers to memseta.o(.text) for __aeabi_memclr
    http_server_cgi.o(.text) refers to printfa.o(i.__0sprintf) for __2sprintf
    http_server_cgi.o(.text) refers to http_server_cgi.o(.bss) for .bss
    http_server_cgi.o(.text) refers to http_server_cgi.o(.data) for .data
    http_server_cgi.o(.text) refers to http_server.o(.data) for consumo
    http_server_cgi.o(.text) refers to http_server.o(.data) for TID_Usuarios
    http_server_cgi.o(.text) refers to http_server.o(.bss) for add_text
    http_server_cgi.o(.text) refers to rtc.o(.bss) for rtc_date_time
    http_server_cgi.o(.text) refers to rtx_msgqueue.o(.text) for osMessageQueueGet
    http_server_cgi.o(.text) refers to memcpya.o(.text) for __aeabi_memcpy
    leds.o(.text) refers to stm32f4xx_hal_gpio.o(.text) for HAL_GPIO_Init
    leds.o(.text) refers to leds.o(.bss) for .bss
    web.o(.text) refers to web.o(.constdata) for .constdata
    web.o(.constdata) refers to web.o(.constdata) for imageFileData
    rtc.o(.text) refers to stm32f4xx_hal_cortex.o(.text) for HAL_NVIC_EnableIRQ
    rtc.o(.text) refers to stm32f4xx_hal_rtc.o(.text) for HAL_RTC_SetAlarm_IT
    rtc.o(.text) refers to localtime.o(.text) for localtime
    rtc.o(.text) refers to memcpya.o(.text) for __aeabi_memcpy4
    rtc.o(.text) refers to net_sntp_client_core.o(i.netSNTPc_GetTime) for netSNTPc_GetTime
    rtc.o(.text) refers to rtx_timer.o(.text) for osTimerNew
    rtc.o(.text) refers to printfa.o(i.__0sprintf) for __2sprintf
    rtc.o(.text) refers to rtx_thread.o(.text) for osThreadFlagsSet
    rtc.o(.text) refers to stm32f4xx_hal_pwr.o(.text) for HAL_PWR_EnableBkUpAccess
    rtc.o(.text) refers to stm32f4xx_hal_rcc.o(.text) for HAL_RCC_OscConfig
    rtc.o(.text) refers to stm32f4xx_hal_rcc_ex.o(.text) for HAL_RCCEx_PeriphCLKConfig
    rtc.o(.text) refers to rtc.o(.bss) for .bss
    rtc.o(.text) refers to rtc.o(.data) for .data
    rtc.o(.text) refers to principal.o(.data) for tid_Thread_principal
    lcd.o(.text) refers to stm32f4xx_hal_tim.o(.text) for HAL_TIM_Base_Init
    lcd.o(.text) refers to rtx_thread.o(.text) for osThreadFlagsSet
    lcd.o(.text) refers to stm32f4xx_hal_gpio.o(.text) for HAL_GPIO_Init
    lcd.o(.text) refers to lcd.o(.data) for .data
    lcd.o(.text) refers to spi_stm32f4xx.o(.constdata) for Driver_SPI1
    lcd.o(.text) refers to lcd.o(.bss) for .bss
    lcd.o(.text) refers to lcd.o(.constdata) for .constdata
[...]
    net_http_server.o(i.http_parse_header) refers to net_http_server.o(.bss) for .bss
    net_http_server.o(i.http_parse_header) refers to net_config.o(.constdata) for net_http_config
    net_http_server.o(i.http_parse_header) refers to net_http_server.o(.data) for .data
    net_http_server.o(i.http_proc_multipart) refers to net_http_server.o(i.search_delim) for search_delim
    net_http_server.o(i.http_proc_multipart) refers to net_common.o(i.net_strcasecmp) for net_strcasecmp
    net_http_server.o(i.http_proc_multipart) refers to net_common.o(i.net_strcmp) for net_strcmp
    net_http_server.o(i.http_proc_multipart) refers to net_common.o(i.net_strnchr) for net_strnchr
    net_http_server.o(i.http_proc_multipart) refers to eventrecorder.o(.text) for EventRecordData
    net_http_server.o(i.http_proc_multipart) refers to http_server_cgi.o(.text) for netCGI_ProcessData
    net_http_server.o(i.http_proc_multipart) refers to net_http_server.o(i.get_next_par) for get_next_par
    net_http_server.o(i.http_proc_multipart) refers to net_http_server.o(i.get_next_field) for get_next_field
    net_http_server.o(i.http_proc_multipart) refers to net_http_server.o(.data) for .data
    net_http_server.o(i.http_proc_post) refers to eventrecorder.o(.text) for EventRecord2
    net_http_server.o(i.http_proc_post) refers to http_server_cgi.o(.text) for netCGI_ProcessData
    net_http_server.o(i.http_proc_post) refers to net_mem.o(i.net_mem_alloc) for net_mem_alloc
    net_http_server.o(i.http_proc_post) refers to memcpya.o(.text) for __aeabi_memcpy
    net_http_server.o(i.http_proc_post) refers to net_mem.o(i.net_mem_free) for net_mem_free
    net_http_server.o(i.http_proc_post) refers to net_http_server.o(.data) for .data
    net_http_server.o(i.http_proc_post) refers to net_config.o(.constdata) for net_sys_config
    net_http_server.o(i.http_server_run) refers to net_tcp.o(i.net_tcp_get_state) for net_tcp_get_state
    net_http_server.o(i.http_server_run) refers to net_tcp.o(i.net_tcp_listen) for net_tcp_listen
    net_http_server.o(i.http_server_run) refers to net_mem.o(i.net_mem_avail) for net_mem_avail
    net_http_server.o(i.http_server_run) refers to eventrecorder.o(.text) for EventRecord2
    net_http_server.o(i.http_server_run) refers to net_config.o(.text) for netHTTPs_fclose
    net_http_server.o(i.http_server_run) refers to net_http_server.o(i.read_script_line) for read_script_line
    net_http_server.o(i.http_server_run) refers to net_tcp.o(i.net_tcp_close) for net_tcp_close
    net_http_server.o(i.http_server_run) refers to net_http_server.o(i.http_kill_session) for http_kill_session
    net_http_server.o(i.http_server_run) refers to net_tcp.o(i.net_tcp_get_mss) for net_tcp_get_mss
    net_http_server.o(i.http_server_run) refers to net_tcp.o(i.net_tcp_get_buf) for net_tcp_get_buf
    net_http_server.o(i.http_server_run) refers to net_http_server.o(i.http_add_header) for http_add_header
    net_http_server.o(i.http_server_run) refers to memcpya.o(.text) for __aeabi_memcpy
    net_http_server.o(i.http_server_run) refers to net_tcp.o(i.net_tcp_send) for net_tcp_send
    net_http_server.o(i.http_server_run) refers to net_http_server.o(i.http_strcpy) for http_strcpy
    net_http_server.o(i.http_server_run) refers to http_server_cgi.o(.text) for netCGI_Script
    net_http_server.o(i.http_server_run) refers to net_http_server.o(i.http_open_file) for http_open_file
    net_http_server.o(i.http_server_run) refers to net_tcp.o(i.net_tcp_abort) for net_tcp_abort
    net_http_server.o(i.http_server_run) refers to net_sys.o(.bss) for net_sys_control
    net_http_server.o(i.http_server_run) refers to net_http_server.o(.data) for .data
    net_http_server.o(i.http_server_run) refers to net_config.o(.constdata) for net_http_config
    net_http_server.o(i.http_server_run) refers to net_http_server.o(.bss) for .bss
    net_http_server.o(i.http_server_run) refers to net_http_server.o(i.http_error_msg) for http_error_msg
    net_http_server.o(i.http_server_start) refers to eventrecorder.o(.text) for EventRecord2
    net_http_server.o(i.http_server_start) refers to net_tcp.o(i.net_tcp_listen) for net_tcp_listen
    net_http_server.o(i.http_server_start) refers to net_tcp.o(i.net_tcp_set_option) for net_tcp_set_option
    net_http_server.o(i.http_server_start) refers to net_http_server.o(.bss) for .bss
    net_http_server.o(i.http_server_start) refers to net_config.o(.constdata) for net_http_config
    net_http_server.o(i.http_server_stop) refers to eventrecorder.o(.text) for EventRecord2
    net_http_server.o(i.http_server_stop) refers to net_tcp.o(i.net_tcp_abort) for net_tcp_abort
    net_http_server.o(i.http_server_stop) refers to net_http_server.o(i.http_kill_session) for http_kill_session
    net_http_server.o(i.http_server_stop) refers to net_config.o(.constdata) for net_http_config
    net_http_server.o(i.http_server_stop) refers to net_http_server.o(.bss) for .bss
    net_http_server.o(i.http_to_utc) refers to net_common.o(i.net_atoi) for net_atoi
    net_http_server.o(i.http_to_utc) refers to net_common.o(i.net_strcmp) for net_strcmp
    net_http_server.o(i.http_to_utc) refers to net_http_server.o(.constdata) for .constdata
    net_http_server.o(i.netCGI_GetEnvVar) refers to net_http_server.o(i.hex2byte) for hex2byte
    net_http_server.o(i.netCGI_GetEnvVar) refers to net_http_server.o(.data) for .data
    net_http_server.o(i.netHTTPs_CalcHashHA1) refers to net_common.o(i.net_bin2hex) for net_bin2hex
    net_http_server.o(i.netHTTPs_CalcHashHA1) refers to net_config.o(.constdata) for net_http_config
    net_http_server.o(i.netHTTPs_GetClient) refers to net_tcp.o(i.net_tcp_get_peer) for net_tcp_get_peer
    net_http_server.o(i.netHTTPs_GetClient) refers to net_config.o(.constdata) for net_http_config
    net_http_server.o(i.netHTTPs_GetClient) refers to net_http_server.o(.data) for .data
    net_http_server.o(i.netHTTPs_GetContentType) refers to net_config.o(.constdata) for net_http_config
    net_http_server.o(i.netHTTPs_GetContentType) refers to net_http_server.o(.data) for .data
    net_http_server.o(i.netHTTPs_GetLanguage) refers to net_config.o(.constdata) for net_http_config
    net_http_server.o(i.netHTTPs_GetLanguage) refers to net_http_server.o(.data) for .data
    net_http_server.o(i.netHTTPs_GetPassword) refers to net_http_server.o(.bss) for .bss
    net_http_server.o(i.netHTTPs_GetPort) refers to net_http_server.o(.bss) for .bss
    net_http_server.o(i.netHTTPs_GetRootPath) refers to net_http_server.o(.bss) for .bss
    net_http_server.o(i.netHTTPs_GetSession) refers to net_http_server.o(.data) for .data
    net_http_server.o(i.netHTTPs_GetUserId) refers to net_config.o(.constdata) for net_http_config
    net_http_server.o(i.netHTTPs_GetUserId) refers to net_http_server.o(.data) for .data
    net_http_server.o(i.netHTTPs_GetUsername) refers to net_http_server.o(.bss) for .bss
    net_http_server.o(i.netHTTPs_LoginActive) refers to net_http_server.o(.bss) for .bss
    net_http_server.o(i.netHTTPs_LoginOnOff) refers to net_config.o(.constdata) for net_http_config
    net_http_server.o(i.netHTTPs_LoginOnOff) refers to net_http_server.o(.bss) for .bss
    net_http_server.o(i.netHTTPs_Running) refers to net_http_server.o(.bss) for .bss
    net_http_server.o(i.netHTTPs_SetPassword) refers to net_sys.o(i.net_sys_lock) for net_sys_lock
    net_http_server.o(i.netHTTPs_SetPassword) refers to strlen.o(.text) for strlen
    net_http_server.o(i.netHTTPs_SetPassword) refers to eventrecorder.o(.text) for EventRecordData
    net_http_server.o(i.netHTTPs_SetPassword) refers to net_common.o(i.net_strcpy) for net_strcpy
    net_http_server.o(i.netHTTPs_SetPassword) refers to net_sys.o(i.net_sys_unlock) for net_sys_unlock
    net_http_server.o(i.netHTTPs_SetPassword) refers to net_http_server.o(.bss) for .bss
    net_http_server.o(i.netHTTPs_SetPort) refers to net_http_server.o(.bss) for .bss
    net_http_server.o(i.netHTTPs_SetRootPath) refers to net_sys.o(i.net_sys_lock) for net_sys_lock
    net_http_server.o(i.netHTTPs_SetRootPath) refers to strlen.o(.text) for strlen
    net_http_server.o(i.netHTTPs_SetRootPath) refers to eventrecorder.o(.text) for EventRecordData
    net_http_server.o(i.netHTTPs_SetRootPath) refers to net_common.o(i.net_strcpy) for net_strcpy
    net_http_server.o(i.netHTTPs_SetRootPath) refers to net_sys.o(i.net_sys_unlock) for net_sys_unlock
    net_http_server.o(i.netHTTPs_SetRootPath) refers to net_http_server.o(.bss) for .bss
    net_http_server.o(i.netHTTPs_SetUsername) refers to net_sys.o(i.net_sys_lock) for net_sys_lock
    net_http_server.o(i.netHTTPs_SetUsername) refers to strlen.o(.text) for strlen
    net_http_server.o(i.netHTTPs_SetUsername) refers to eventrecorder.o(.text) for EventRecordData
    net_http_server.o(i.netHTTPs_SetUsername) refers to net_common.o(i.net_strcpy) for net_strcpy
    net_http_server.o(i.netHTTPs_SetUsername) refers to net_sys.o(i.net_sys_unlock) for net_sys_unlock
    net_http_server.o(i.netHTTPs_SetUsername) refers to net_http_server.o(.bss) for .bss
    net_http_server.o(i.netHTTPs_Start) refers to net_sys.o(i.net_sys_lock) for net_sys_lock
    net_http_server.o(i.netHTTPs_Start) refers to net_http_server.o(i.http_server_start) for http_server_start
    net_http_server.o(i.netHTTPs_Start) refers to net_sys.o(i.net_sys_unlock) for net_sys_unlock
    net_http_server.o(i.netHTTPs_Start) refers to net_http_server.o(.bss) for .bss
    net_http_server.o(i.netHTTPs_Stop) refers to net_sys.o(i.net_sys_lock) for net_sys_lock
    net_http_server.o(i.netHTTPs_Stop) refers to net_http_server.o(i.http_server_stop) for http_server_stop
    net_http_server.o(i.netHTTPs_Stop) refers to net_sys.o(i.net_sys_unlock) for net_sys_unlock
    net_http_server.o(i.netHTTPs_Stop) refers to net_http_server.o(.bss) for .bss
    net_http_server.o(i.net_http_server_init) refers to eventrecorder.o(.text) for EventRecord2
    net_http_server.o(i.net_http_server_init) refers to strlen.o(.text) for strlen
    net_http_server.o(i.net_http_server_init) refers to memseta.o(.text) for __aeabi_memclr4
    net_http_server.o(i.net_http_server_init) refers to net_tcp.o(i.net_tcp_get_socket) for net_tcp_get_socket
    net_http_server.o(i.net_http_server_init) refers to net_config.o(.text) for net_sys_error
    net_http_server.o(i.net_http_server_init) refers to net_http_server.o(i.http_server_start) for http_server_start
    net_http_server.o(i.net_http_server_init) refers to net_config.o(.constdata) for net_http_config
    net_http_server.o(i.net_http_server_init) refers to net_http_server.o(i.http_listener) for http_listener
    net_http_server.o(i.net_http_server_init) refers to net_http_server.o(.bss) for .bss
    net_http_server.o(i.net_http_server_init) refers to net_config.o(.constdata) for net_sys_config
    net_http_server.o(i.net_http_server_run) refers to net_http_server.o(i.http_server_run) for http_server_run
    net_http_server.o(i.net_http_server_run) refers to net_http_server.o(.bss) for .bss
    net_http_server.o(i.net_http_server_run) refers to net_config.o(.constdata) for net_http_config
    net_http_server.o(i.net_http_server_uninit) refers to eventrecorder.o(.text) for EventRecord2
    net_http_server.o(i.net_http_server_uninit) refers to net_config.o(.text) for netHTTPs_fclose
    net_http_server.o(i.net_http_server_uninit) refers to http_server_cgi.o(.text) for netCGI_ProcessData
    net_http_server.o(i.net_http_server_uninit) refers to memseta.o(.text) for __aeabi_memclr4
    net_http_server.o(i.net_http_server_uninit) refers to net_config.o(.constdata) for net_http_config
    net_http_server.o(i.net_http_server_uninit) refers to net_http_server.o(.bss) for .bss
    net_http_server.o(i.net_http_time) refers to net_http_server.o(.constdata) for .constdata
    net_http_server.o(i.proc_req_line) refers to net_http_server.o(i.hex2byte) for hex2byte
    net_http_server.o(i.proc_req_line) refers to net_http_server.o(.data) for .data
    net_http_server.o(i.read_script_line) refers to net_config.o(.text) for netHTTPs_fgets
    net_http_server.o(i.read_script_line) refers to strlen.o(.text) for strlen
    net_http_server.o(i.search_delim) refers to net_common.o(i.net_strcmp) for net_strcmp
    net_http_server.o(i.utc_to_http) refers to net_common.o(i.net_strcpy) for net_strcpy
    net_http_server.o(i.utc_to_http) refers to net_common.o(i.net_itoa_n0) for net_itoa_n0
    net_http_server.o(i.utc_to_http) refers to net_common.o(i.net_itoa) for net_itoa
    net_http_server.o(i.utc_to_http) refers to net_http_server.o(.constdata) for .constdata
    net_http_server_auth.o(i.get_nonce) refers to net_http_server_auth.o(i.get_rnd) for get_rnd
    net_http_server_auth.o(i.get_nonce) refers to net_base64.o(i.net_base64_encode) for net_base64_encode
    net_http_server_auth.o(i.get_nonce) refers to memcpya.o(.text) for __aeabi_memcpy
    net_http_server_auth.o(i.get_nonce) refers to net_sys.o(.bss) for net_sys_control
    net_http_server_auth.o(i.get_nonce) refers to net_config.o(.constdata) for net_http_config
    net_http_server_auth.o(i.get_rnd) refers to net_sys.o(i.net_rand32) for net_rand32
    net_http_server_auth.o(i.http_auth_basic_add) refers to net_common.o(i.net_strcpy) for net_strcpy
    net_http_server_auth.o(i.http_auth_basic_add) refers to net_config.o(.constdata) for net_http_config
    net_http_server_auth.o(i.http_auth_basic_parse) refers to net_common.o(i.net_strcasecmp) for net_strcasecmp
    net_http_server_auth.o(i.http_auth_basic_parse) refers to net_base64.o(i.net_base64_decode) for net_base64_decode
    net_http_server_auth.o(i.http_auth_basic_parse) refers to eventrecorder.o(.text) for EventRecordData
    net_http_server_auth.o(i.http_auth_basic_parse) refers to net_common.o(i.net_strchr) for net_strchr
    net_http_server_auth.o(i.http_auth_basic_parse) refers to strcmp.o(.text) for strcmp
    net_http_server_auth.o(i.http_auth_basic_parse) refers to net_http_server_auth.o(i.netHTTPs_CheckAccount) for netHTTPs_CheckAccount
    net_http_server_auth.o(i.http_auth_basic_parse) refers to net_http_server.o(.bss) for net_http_control
    net_http_server_auth.o(i.http_auth_digest_add) refers to net_common.o(i.net_strcpy) for net_strcpy
    net_http_server_auth.o(i.http_auth_digest_add) refers to net_http_server_auth.o(i.get_nonce) for get_nonce
    net_http_server_auth.o(i.http_auth_digest_add) refers to net_http_server_auth.o(i.get_rnd) for get_rnd
    net_http_server_auth.o(i.http_auth_digest_add) refers to net_common.o(i.net_bin2hex) for net_bin2hex
    net_http_server_auth.o(i.http_auth_digest_add) refers to net_config.o(.constdata) for net_http_config
    net_http_server_auth.o(i.http_auth_digest_hash) refers to net_mem.o(i.net_mem_alloc) for net_mem_alloc
    net_http_server_auth.o(i.http_auth_digest_hash) refers to net_md5.o(i.net_md5_init) for net_md5_init
    net_http_server_auth.o(i.http_auth_digest_hash) refers to strlen.o(.text) for strlen
    net_http_server_auth.o(i.http_auth_digest_hash) refers to net_md5.o(i.net_md5_update) for net_md5_update
    net_http_server_auth.o(i.http_auth_digest_hash) refers to net_md5.o(i.net_md5_final) for net_md5_final
    net_http_server_auth.o(i.http_auth_digest_hash) refers to net_mem.o(i.net_mem_free) for net_mem_free
    net_http_server_auth.o(i.http_auth_digest_hash) refers to net_config.o(.constdata) for net_http_config
    net_http_server_auth.o(i.http_auth_digest_init) refers to net_http_server_auth.o(i.http_auth_init) for http_auth_init
    net_http_server_auth.o(i.http_auth_digest_init) refers to net_config.o(.constdata) for net_http_config
    net_http_server_auth.o(i.http_auth_digest_parse) refers to net_common.o(i.net_strcasecmp) for net_strcasecmp
    net_http_server_auth.o(i.http_auth_digest_parse) refers to net_mem.o(i.net_mem_alloc) for net_mem_alloc
    net_http_server_auth.o(i.http_auth_digest_parse) refers to memseta.o(.text) for __aeabi_memclr4
    net_http_server_auth.o(i.http_auth_digest_parse) refers to net_common.o(i.net_strcmp) for net_strcmp
    net_http_server_auth.o(i.http_auth_digest_parse) refers to net_common.o(i.net_strnchr) for net_strnchr
    net_http_server_auth.o(i.http_auth_digest_parse) refers to eventrecorder.o(.text) for EventRecordData
    net_http_server_auth.o(i.http_auth_digest_parse) refers to strcmp.o(.text) for strcmp
    net_http_server_auth.o(i.http_auth_digest_parse) refers to net_http_server_auth.o(i.netHTTPs_CheckAccount) for netHTTPs_CheckAccount
    net_http_server_auth.o(i.http_auth_digest_parse) refers to net_http_server_auth.o(i.netHTTPs_GetUserSecret) for netHTTPs_GetUserSecret
    net_http_server_auth.o(i.http_auth_digest_parse) refers to strlen.o(.text) for strlen
    net_http_server_auth.o(i.http_auth_digest_parse) refers to net_md5.o(i.net_md5_init) for net_md5_init
    net_http_server_auth.o(i.http_auth_digest_parse) refers to net_md5.o(i.net_md5_update) for net_md5_update
    net_http_server_auth.o(i.http_auth_digest_parse) refers to net_md5.o(i.net_md5_final) for net_md5_final
    net_http_server_auth.o(i.http_auth_digest_parse) refers to net_common.o(i.net_bin2hex) for net_bin2hex
    net_http_server_auth.o(i.http_auth_digest_parse) refers to memcmp.o(.text) for memcmp
    net_http_server_auth.o(i.http_auth_digest_parse) refers to net_http_server_auth.o(i.verify_nonce) for verify_nonce
    net_http_server_auth.o(i.http_auth_digest_parse) refers to net_mem.o(i.net_mem_free) for net_mem_free
    net_http_server_auth.o(i.http_auth_digest_parse) refers to net_http_server.o(.bss) for net_http_control
    net_http_server_auth.o(i.http_auth_digest_parse) refers to net_config.o(.constdata) for net_http_config
    net_http_server_auth.o(i.http_auth_digest_uninit) refers to memseta.o(.text) for __aeabi_memclr4
    net_http_server_auth.o(i.http_auth_digest_uninit) refers to net_config.o(.constdata) for net_http_config
    net_http_server_auth.o(i.http_auth_init) refers to net_config.o(.constdata) for net_http_config
    net_http_server_auth.o(i.http_auth_init) refers to net_http_server.o(.bss) for net_http_control
    net_http_server_auth.o(i.verify_nonce) refers to memcmp.o(.text) for memcmp
    net_http_server_auth.o(i.verify_nonce) refers to net_common.o(i.net_xtoul) for net_xtoul
    net_http_server_auth.o(i.verify_nonce) refers to net_sys.o(.bss) for net_sys_control
    net_http_server_auth.o(i.verify_nonce) refers to net_config.o(.constdata) for net_http_config
    net_http_server_auth.o(.constdata) refers to net_http_server_auth.o(i.http_auth_init) for http_auth_init
    net_http_server_auth.o(.constdata) refers to net_http_server_auth.o(i.http_auth_dummy) for http_auth_dummy
    net_http_server_auth.o(.constdata) refers to net_http_server_auth.o(i.http_auth_basic_add) for http_auth_basic_add
    net_http_server_auth.o(.constdata) refers to net_http_server_auth.o(i.http_auth_basic_parse) for http_auth_basic_parse
    net_http_server_auth.o(.constdata) refers to net_http_server_auth.o(i.http_auth_digest_init) for http_auth_digest_init
    net_http_server_auth.o(.constdata) refers to net_http_server_auth.o(i.http_auth_digest_uninit) for http_auth_digest_uninit
    net_http_server_auth.o(.constdata) refers to net_http_server_auth.o(i.http_auth_dummy) for http_auth_dummy
    net_http_server_auth.o(.constdata) refers to net_http_server_auth.o(i.http_auth_digest_add) for http_auth_digest_add
    net_http_server_auth.o(.constdata) refers to net_http_server_auth.o(i.http_auth_digest_parse) for http_auth_digest_parse
    net_http_server_auth.o(.constdata) refers to net_http_server_auth.o(i.http_auth_digest_hash) for http_auth_digest_hash
    net_sntp_client_core.o(i.netSNTPc_GetTime) refers to net_sys.o(i.net_sys_lock) for net_sys_lock
    net_sntp_client_core.o(i.netSNTPc_GetTime) refers to net_sntp_client_core.o(i.net_sntp_client_start) for net_sntp_client_start
    net_sntp_client_core.o(i.netSNTPc_GetTime) refers to net_sys.o(i.net_sys_unlock) for net_sys_unlock
    net_sntp_client_core.o(i.netSNTPc_SetMode) refers to net_sys.o(i.net_sys_lock) for net_sys_lock
    net_sntp_client_core.o(i.netSNTPc_SetMode) refers to net_sntp_client_core.o(i.sntp_set_mode) for sntp_set_mode
    net_sntp_client_core.o(i.netSNTPc_SetMode) refers to net_sys.o(i.net_sys_unlock) for net_sys_unlock
    net_sntp_client_core.o(i.net_sntp_client_init) refers to eventrecorder.o(.text) for EventRecord2
    net_sntp_client_core.o(i.net_sntp_client_init) refers to net_udp.o(i.net_udp_get_socket) for net_udp_get_socket
    net_sntp_client_core.o(i.net_sntp_client_init) refers to net_config.o(.text) for net_sys_error
    net_sntp_client_core.o(i.net_sntp_client_init) refers to net_config.o(.constdata) for net_sntp_config
    net_sntp_client_core.o(i.net_sntp_client_init) refers to net_sntp_client_core.o(.bss) for .bss
    net_sntp_client_core.o(i.net_sntp_client_init) refers to net_sntp_client_core.o(i.sntp_listener) for sntp_listener
    net_sntp_client_core.o(i.net_sntp_client_run) refers to net_sntp_client_core.o(i.sntp_send_message) for sntp_send_message
    net_sntp_client_core.o(i.net_sntp_client_run) refers to eventrecorder.o(.text) for EventRecordData
    net_sntp_client_core.o(i.net_sntp_client_run) refers to net_sntp_client_core.o(i.sntp_stop) for sntp_stop
    net_sntp_client_core.o(i.net_sntp_client_run) refers to net_sntp_client_core.o(.bss) for .bss
    net_sntp_client_core.o(i.net_sntp_client_run) refers to net_sys.o(.bss) for net_sys_control
    net_sntp_client_core.o(i.net_sntp_client_start) refers to eventrecorder.o(.text) for EventRecord2
    net_sntp_client_core.o(i.net_sntp_client_start) refers to net_addr.o(i.net_addr_copy) for net_addr_copy
    net_sntp_client_core.o(i.net_sntp_client_start) refers to net_addr.o(i.net_addr_is_unspec) for net_addr_is_unspec
    net_sntp_client_core.o(i.net_sntp_client_start) refers to net_addr.o(i.net_addr4_aton) for net_addr4_aton
    net_sntp_client_core.o(i.net_sntp_client_start) refers to net_udp.o(i.net_udp_open) for net_udp_open
    net_sntp_client_core.o(i.net_sntp_client_start) refers to net_udp.o(i.net_udp_close) for net_udp_close
    net_sntp_client_core.o(i.net_sntp_client_start) refers to net_sntp_client_core.o(i.sntp_send_message) for sntp_send_message
    net_sntp_client_core.o(i.net_sntp_client_start) refers to net_sntp_client_core.o(.bss) for .bss
    net_sntp_client_core.o(i.net_sntp_client_start) refers to net_config.o(.constdata) for net_sntp_config
    net_sntp_client_core.o(i.net_sntp_client_uninit) refers to eventrecorder.o(.text) for EventRecord2
    net_sntp_client_core.o(i.net_sntp_client_uninit) refers to memseta.o(.text) for __aeabi_memclr4
    net_sntp_client_core.o(i.net_sntp_client_uninit) refers to net_sntp_client_core.o(.bss) for .bss
    net_sntp_client_core.o(i.sntp_listener) refers to eventrecorder.o(.text) for EventRecord2
    net_sntp_client_core.o(i.sntp_listener) refers to net_addr.o(i.net_addr_comp) for net_addr_comp
    net_sntp_client_core.o(i.sntp_listener) refers to net_sntp_client_core.o(i.sntp_stop) for sntp_stop
    net_sntp_client_core.o(i.sntp_listener) refers to net_sntp_client_core.o(.bss) for .bss
    net_sntp_client_core.o(i.sntp_listener) refers to net_sys.o(.bss) for net_dbg_buf
    net_sntp_client_core.o(i.sntp_send_message) refers to eventrecorder.o(.text) for EventRecordData
    net_sntp_client_core.o(i.sntp_send_message) refers to net_udp.o(i.net_udp_get_buf) for net_udp_get_buf
    net_sntp_client_core.o(i.sntp_send_message) refers to memseta.o(.text) for __aeabi_memclr
    net_sntp_client_core.o(i.sntp_send_message) refers to net_udp.o(i.net_udp_send) for net_udp_send
    net_sntp_client_core.o(i.sntp_send_message) refers to net_sntp_client_core.o(.bss) for .bss
    net_sntp_client_core.o(i.sntp_set_mode) refers to eventrecorder.o(.text) for EventRecord2
    net_sntp_client_core.o(i.sntp_set_mode) refers to net_sntp_client_core.o(.bss) for .bss
    net_sntp_client_core.o(i.sntp_stop) refers to net_udp.o(i.net_udp_close) for net_udp_close
    net_sntp_client_core.o(i.sntp_stop) refers to net_sntp_client_core.o(.bss) for .bss
    net_ping_core.o(i.netPing_Echo) refers to net_sys.o(i.net_sys_lock) for net_sys_lock
    net_ping_core.o(i.netPing_Echo) refers to net_ping_core.o(i.net_ping_client_start) for net_ping_client_start
    net_ping_core.o(i.netPing_Echo) refers to net_sys.o(i.net_sys_unlock) for net_sys_unlock
    net_ping_core.o(i.net_ping_client_init) refers to eventrecorder.o(.text) for EventRecord2
    net_ping_core.o(i.net_ping_client_init) refers to net_ping_core.o(.bss) for .bss
    net_ping_core.o(i.net_ping_client_run) refers to eventrecorder.o(.text) for EventRecord2
    net_ping_core.o(i.net_ping_client_run) refers to net_ping_core.o(i.ping_send_req) for ping_send_req
    net_ping_core.o(i.net_ping_client_run) refers to net_ping_core.o(.bss) for .bss
    net_ping_core.o(i.net_ping_client_run) refers to net_sys.o(.bss) for net_sys_control
    net_ping_core.o(i.net_ping_client_start) refers to net_addr.o(i.net_addr_is_unspec) for net_addr_is_unspec
    net_ping_core.o(i.net_ping_client_start) refers to eventrecorder.o(.text) for EventRecord2
    net_ping_core.o(i.net_ping_client_start) refers to net_addr.o(i.net_addr_copy) for net_addr_copy
    net_ping_core.o(i.net_ping_client_start) refers to net_addr.o(i.net_addr_find_route) for net_addr_find_route
    net_ping_core.o(i.net_ping_client_start) refers to net_addr.o(i.net_addr_get_local) for net_addr_get_local
    net_ping_core.o(i.net_ping_client_start) refers to net_sys.o(i.net_rand32) for net_rand32
    net_ping_core.o(i.net_ping_client_start) refers to net_ping_core.o(i.ping_send_req) for ping_send_req
    net_ping_core.o(i.net_ping_client_start) refers to net_ping_core.o(.bss) for .bss
    net_ping_core.o(i.net_ping_client_uninit) refers to eventrecorder.o(.text) for EventRecord2
    net_ping_core.o(i.net_ping_client_uninit) refers to memseta.o(.text) for __aeabi_memclr4
    net_ping_core.o(i.net_ping_client_uninit) refers to net_ping_core.o(.bss) for .bss
    net_ping_core.o(i.ping_send_req) refers to net_icmp.o(i.net_icmp_send_echo) for net_icmp_send_echo
    net_ping_core.o(i.ping_send_req) refers to net_icmp6.o(i.net_icmp6_send_echo) for net_icmp6_send_echo
    net_ping_core.o(i.ping_send_req) refers to net_ping_core.o(.bss) for .bss
    net_sys.o(i.netCore_Thread) refers to net_sys.o(i.net_sys_lock) for net_sys_lock
    net_sys.o(i.netCore_Thread) refers to net_config.o(.text) for netos_timer_start
    net_sys.o(i.netCore_Thread) refers to net_sys.o(i.net_sys_unlock) for net_sys_unlock
    net_sys.o(i.netCore_Thread) refers to net_sys.o(i.sys_proc_tick) for sys_proc_tick
    net_sys.o(i.netCore_Thread) refers to net_sys.o(.bss) for .bss
    net_sys.o(i.netCore_Thread) refers to net_config.o(.constdata) for net_sys_config
    net_sys.o(i.netIF_GetOption) refers to net_sys.o(i.net_if_map_all) for net_if_map_all
    net_sys.o(i.netIF_GetOption) refers to net_sys.o(i.net_sys_lock) for net_sys_lock
    net_sys.o(i.netIF_GetOption) refers to eventrecorder.o(.text) for EventRecord2
    net_sys.o(i.netIF_GetOption) refers to net_sys.o(i.net_sys_unlock) for net_sys_unlock
    net_sys.o(i.netIF_GetOption) refers to net_config.o(.constdata) for netif_getopt_func
    net_sys.o(i.netIF_SetDefault) refers to net_sys.o(i.net_if_map_all) for net_if_map_all
    net_sys.o(i.netIF_SetDefault) refers to net_sys.o(i.net_sys_lock) for net_sys_lock
    net_sys.o(i.netIF_SetDefault) refers to eventrecorder.o(.text) for EventRecord2
    net_sys.o(i.netIF_SetDefault) refers to net_ip4.o(i.net_ip4_set_netif) for net_ip4_set_netif
    net_sys.o(i.netIF_SetDefault) refers to net_ip6.o(i.net_ip6_set_netif) for net_ip6_set_netif
    net_sys.o(i.netIF_SetDefault) refers to net_sys.o(i.net_sys_unlock) for net_sys_unlock
    net_sys.o(i.netIF_SetOption) refers to net_sys.o(i.net_if_map_all) for net_if_map_all
    net_sys.o(i.netIF_SetOption) refers to net_sys.o(i.net_sys_lock) for net_sys_lock
    net_sys.o(i.netIF_SetOption) refers to eventrecorder.o(.text) for EventRecord2
    net_sys.o(i.netIF_SetOption) refers to net_sys.o(i.net_sys_unlock) for net_sys_unlock
    net_sys.o(i.netIF_SetOption) refers to net_config.o(.constdata) for netif_setopt_func
    net_sys.o(i.netInitialize) refers to net_config.o(.text) for netos_init
    net_sys.o(i.netInitialize) refers to net_sys.o(i.net_sys_lock) for net_sys_lock
    net_sys.o(i.netInitialize) refers to net_debug.o(.text) for net_evr_init
    net_sys.o(i.netInitialize) refers to eventrecorder.o(.text) for EventRecord2
    net_sys.o(i.netInitialize) refers to net_mem.o(i.net_mem_init) for net_mem_init
    net_sys.o(i.netInitialize) refers to memseta.o(.text) for __aeabi_memclr4
    net_sys.o(i.netInitialize) refers to net_sys.o(i.net_sys_unlock) for net_sys_unlock
    net_sys.o(i.netInitialize) refers to net_sys.o(.bss) for .bss
    net_sys.o(i.netInitialize) refers to net_version.o(.constdata) for net_lib_version
    net_sys.o(i.netInitialize) refers to net_config.o(.constdata) for net_sys_config
    net_sys.o(i.netSYS_GetHostName) refers to net_sys.o(.bss) for .bss
    net_sys.o(i.netSYS_SetHostName) refers to net_sys.o(i.net_sys_lock) for net_sys_lock
    net_sys.o(i.netSYS_SetHostName) refers to strlen.o(.text) for strlen
    net_sys.o(i.netSYS_SetHostName) refers to eventrecorder.o(.text) for EventRecordData
    net_sys.o(i.netSYS_SetHostName) refers to net_common.o(i.net_strcpy) for net_strcpy
    net_sys.o(i.netSYS_SetHostName) refers to net_sys.o(i.net_sys_unlock) for net_sys_unlock
    net_sys.o(i.netSYS_SetHostName) refers to net_sys.o(.bss) for .bss
    net_sys.o(i.netUninitialize) refers to net_sys.o(i.net_sys_lock) for net_sys_lock
    net_sys.o(i.netUninitialize) refers to eventrecorder.o(.text) for EventRecord2
    net_sys.o(i.netUninitialize) refers to net_sys.o(i.net_sys_unlock) for net_sys_unlock
    net_sys.o(i.netUninitialize) refers to net_config.o(.text) for netos_timer_delete
    net_sys.o(i.netUninitialize) refers to net_mem.o(i.net_mem_uninit) for net_mem_uninit
    net_sys.o(i.netUninitialize) refers to memseta.o(.text) for __aeabi_memclr4
    net_sys.o(i.netUninitialize) refers to net_config.o(.constdata) for net_sys_fn_uninit
    net_sys.o(i.netUninitialize) refers to net_sys.o(.bss) for .bss
    net_sys.o(i.net_if_map_all) refers to net_sys.o(i.sys_map_if) for sys_map_if
    net_sys.o(i.net_if_map_all) refers to net_config.o(.constdata) for net_if_list_all
    net_sys.o(i.net_if_map_lan) refers to net_sys.o(i.sys_map_if) for sys_map_if
    net_sys.o(i.net_if_map_lan) refers to net_config.o(.constdata) for net_if_list_lan
    net_sys.o(i.net_path) refers to net_common.o(i.net_strcpy) for net_strcpy
    net_sys.o(i.net_path) refers to net_common.o(i.net_strncpy) for net_strncpy
    net_sys.o(i.net_path) refers to net_config.o(.constdata) for net_sys_config
    net_sys.o(i.net_rand32) refers to net_sys.o(.bss) for .bss
    net_sys.o(i.net_sys_lock) refers to net_config.o(.text) for netos_lock
    net_sys.o(i.net_sys_lock) refers to net_sys.o(.bss) for .bss
    net_sys.o(i.net_sys_resume) refers to net_config.o(.text) for netos_flag_set
    net_sys.o(i.net_sys_suspend) refers to net_config.o(.text) for netos_thread_id
    net_sys.o(i.net_sys_suspend) refers to net_sys.o(i.net_sys_unlock) for net_sys_unlock
    net_sys.o(i.net_sys_suspend) refers to net_sys.o(i.net_sys_lock) for net_sys_lock
    net_sys.o(i.net_sys_tick) refers to net_sys.o(i.net_sys_wakeup) for net_sys_wakeup
    net_sys.o(i.net_sys_tick) refers to net_sys.o(.bss) for .bss
    net_sys.o(i.net_sys_unlock) refers to net_config.o(.text) for netos_unlock
    net_sys.o(i.net_sys_unlock) refers to net_sys.o(.bss) for .bss
    net_sys.o(i.net_sys_wait) refers to net_sys.o(i.net_sys_unlock) for net_sys_unlock
    net_sys.o(i.net_sys_wait) refers to net_config.o(.text) for netos_flag_wait
    net_sys.o(i.net_sys_wait) refers to net_sys.o(i.net_sys_lock) for net_sys_lock
    net_sys.o(i.net_sys_wakeup) refers to net_config.o(.text) for netos_flag_set
    net_sys.o(i.net_sys_wakeup) refers to net_sys.o(.bss) for .bss
    net_sys.o(i.sys_proc_tick) refers to net_sys.o(i.net_rand32) for net_rand32
    net_sys.o(i.sys_proc_tick) refers to net_sys.o(.bss) for .bss
    net_addr.o(i.ip4_ntoa) refers to net_common.o(i.net_itoa) for net_itoa
    net_addr.o(i.ip6_ntoa) refers to net_common.o(i.net_ultox) for net_ultox
    net_addr.o(i.mac_ntoa) refers to net_common.o(i.net_bin2hex) for net_bin2hex
    net_addr.o(i.mac_ntoa) refers to net_common.o(i.net_strtoupper) for net_strtoupper
    net_addr.o(i.netIP_aton) refers to net_addr.o(i.net_addr4_aton) for net_addr4_aton
    net_addr.o(i.netIP_aton) refers to net_addr.o(i.net_addr6_aton) for net_addr6_aton
    net_addr.o(i.netIP_ntoa) refers to net_addr.o(i.ip4_ntoa) for ip4_ntoa
    net_addr.o(i.netIP_ntoa) refers to net_addr.o(i.ip6_ntoa) for ip6_ntoa
    net_addr.o(i.netMAC_aton) refers to net_common.o(i.net_xtoul) for net_xtoul
    net_addr.o(i.netMAC_ntoa) refers to net_addr.o(i.mac_ntoa) for mac_ntoa
    net_addr.o(i.net_addr4_aton) refers to net_common.o(i.net_atoi) for net_atoi
    net_addr.o(i.net_addr4_ntoa) refers to net_addr.o(i.ip4_ntoa) for ip4_ntoa
    net_addr.o(i.net_addr4_ntoa) refers to net_addr.o(.bss) for .bss
    net_addr.o(i.net_addr6_aton) refers to net_common.o(i.net_xtoul) for net_xtoul
    net_addr.o(i.net_addr6_get_solicited) refers to net_addr.o(.bss) for .bss
    net_addr.o(i.net_addr6_ntoa) refers to net_addr.o(i.ip6_ntoa) for ip6_ntoa
    net_addr.o(i.net_addr6_ntoa) refers to net_addr.o(.bss) for .bss
    net_addr.o(i.net_addr_comp) refers to net_addr.o(i.net_addr6_comp) for net_addr6_comp
    net_addr.o(i.net_addr_copy) refers to net_addr.o(i.net_addr6_copy) for net_addr6_copy
    net_addr.o(i.net_addr_find_route) refers to net_ip4.o(i.net_ip4_find_route) for net_ip4_find_route
    net_addr.o(i.net_addr_find_route) refers to net_ip6.o(i.net_ip6_find_route) for net_ip6_find_route
    net_addr.o(i.net_addr_get_lhost) refers to net_addr.o(i.net_addr6_copy) for net_addr6_copy
    net_addr.o(i.net_addr_get_lhost) refers to net_ip6.o(.constdata) for net_addr6_loopback
    net_addr.o(i.net_addr_get_lhost) refers to net_ip4.o(.constdata) for net_addr4_loopback
    net_addr.o(i.net_addr_get_local) refers to net_ip4.o(i.net_ip4_get_local) for net_ip4_get_local
    net_addr.o(i.net_addr_get_local) refers to net_ip6.o(i.net_ip6_get_local) for net_ip6_get_local
    net_addr.o(i.net_addr_get_local) refers to net_addr.o(.constdata) for .constdata
    net_addr.o(i.net_addr_is_unspec) refers to net_addr.o(i.net_addr6_is_unspec) for net_addr6_is_unspec
    net_addr.o(i.net_addr_ntoa) refers to net_addr.o(i.net_addr6_ntoa) for net_addr6_ntoa
    net_addr.o(i.net_addr_ntoa) refers to net_addr.o(i.net_addr4_ntoa) for net_addr4_ntoa
    net_addr.o(i.net_mac_ntoa) refers to net_addr.o(i.mac_ntoa) for mac_ntoa
    net_addr.o(i.net_mac_ntoa) refers to net_addr.o(.bss) for .bss
    net_ip4.o(i.ip4_get_chksum) refers to net_common.o(i.net_chksum_buf) for net_chksum_buf
    net_ip4.o(i.net_ip4_chk_frame) refers to eventrecorder.o(.text) for EventRecord2
    net_ip4.o(i.net_ip4_chk_frame) refers to net_ip4.o(i.net_ip4_is_subcast) for net_ip4_is_subcast
    net_ip4.o(i.net_ip4_chk_frame) refers to net_config.o(.text) for net_igmp_is_member
    net_ip4.o(i.net_ip4_chk_frame) refers to net_ip4.o(i.ip4_get_chksum) for ip4_get_chksum
    net_ip4.o(i.net_ip4_chk_frame) refers to net_ip4.o(i.ip4_get_mtu) for ip4_get_mtu
    net_ip4.o(i.net_ip4_chk_frame) refers to net_sys.o(.bss) for net_sys_control
    net_ip4.o(i.net_ip4_chk_frame) refers to net_sys.o(.bss) for net_dbg_buf
    net_ip4.o(i.net_ip4_chk_frame) refers to net_ip4.o(.constdata) for .constdata
    net_ip4.o(i.net_ip4_chk_frame) refers to net_addr.o(.constdata) for net_addr_bcast
    net_ip4.o(i.net_ip4_chksum) refers to net_common.o(i.net_chksum_buf) for net_chksum_buf
    net_ip4.o(i.net_ip4_chksum_buf) refers to net_common.o(i.net_chksum_buf) for net_chksum_buf
    net_ip4.o(i.net_ip4_def_localm) refers to net_ip4.o(.data) for .data
    net_ip4.o(i.net_ip4_find_route) refers to net_ip4.o(i.net_ip4_is_onlink) for net_ip4_is_onlink
    net_ip4.o(i.net_ip4_find_route) refers to net_addr.o(.constdata) for net_addr_bcast
    net_ip4.o(i.net_ip4_find_route) refers to net_ip4.o(.constdata) for .constdata
    net_ip4.o(i.net_ip4_find_route) refers to net_loopback.o(.constdata) for net_loop_if_config
    net_ip4.o(i.net_ip4_find_route) refers to net_config.o(.constdata) for net_if_link_def
    net_ip4.o(i.net_ip4_find_route) refers to net_config.o(.constdata) for net_if_list_all
    net_ip4.o(i.net_ip4_find_route) refers to net_ip4.o(.data) for .data
    net_ip4.o(i.net_ip4_get_local) refers to net_ip4.o(.constdata) for .constdata
    net_ip4.o(i.net_ip4_init) refers to eventrecorder.o(.text) for EventRecord2
    net_ip4.o(i.net_ip4_init) refers to net_ip4.o(.data) for .data
    net_ip4.o(i.net_ip4_init) refers to net_config.o(.constdata) for net_if_inet_def
    net_ip4.o(i.net_ip4_reass_frame) refers to net_config.o(.text) for net_ip4_frag_add
    net_ip4.o(i.net_ip4_send_frame) refers to eventrecorder.o(.text) for EventRecord2
    net_ip4.o(i.net_ip4_send_frame) refers to net_ip4.o(i.net_ip4_get_local) for net_ip4_get_local
    net_ip4.o(i.net_ip4_send_frame) refers to net_ip4.o(i.ip4_get_mtu) for ip4_get_mtu
    net_ip4.o(i.net_ip4_send_frame) refers to net_config.o(.text) for net_ip4_frag_get
    net_ip4.o(i.net_ip4_send_frame) refers to net_ip4.o(i.ip4_get_chksum) for ip4_get_chksum
    net_ip4.o(i.net_ip4_send_frame) refers to net_sys.o(.bss) for net_sys_control
    net_ip4.o(i.net_ip4_send_frame) refers to net_ip4.o(.data) for .data
    net_ip4.o(i.net_ip4_set_netif) refers to eventrecorder.o(.text) for EventRecord2
    net_ip4.o(i.net_ip4_set_netif) refers to net_ip4.o(.data) for .data
    net_ip4.o(i.net_ip4_uninit) refers to eventrecorder.o(.text) for EventRecord2
    net_ip4.o(i.net_ip4_uninit) refers to net_ip4.o(.data) for .data
    net_ip6.o(i.net_ip6_chk_frame) refers to eventrecorder.o(.text) for EventRecord2
    net_ip6.o(i.net_ip6_chk_frame) refers to net_addr.o(i.net_addr6_is_solicited) for net_addr6_is_solicited
    net_ip6.o(i.net_ip6_chk_frame) refers to net_addr.o(i.net_addr6_comp) for net_addr6_comp
    net_ip6.o(i.net_ip6_chk_frame) refers to memcpya.o(.text) for __aeabi_memcpy
    net_ip6.o(i.net_ip6_chk_frame) refers to net_sys.o(.bss) for net_sys_control
    net_ip6.o(i.net_ip6_chk_frame) refers to net_ip6.o(.constdata) for .constdata
    net_ip6.o(i.net_ip6_chk_frame) refers to net_sys.o(.bss) for net_dbg_buf
    net_ip6.o(i.net_ip6_chksum) refers to net_common.o(i.net_chksum_buf) for net_chksum_buf
    net_ip6.o(i.net_ip6_collect_mcast) refers to net_addr.o(i.net_addr6_to_mac) for net_addr6_to_mac
    net_ip6.o(i.net_ip6_collect_mcast) refers to net_addr.o(i.net_addr6_get_solicited) for net_addr6_get_solicited
    net_ip6.o(i.net_ip6_collect_mcast) refers to net_addr.o(i.net_addr6_is_unspec) for net_addr6_is_unspec
    net_ip6.o(i.net_ip6_collect_mcast) refers to net_ip6.o(.constdata) for .constdata
    net_ip6.o(i.net_ip6_def_localm) refers to net_ip6.o(.data) for .data
    net_ip6.o(i.net_ip6_find_route) refers to net_addr.o(i.net_addr6_comp) for net_addr6_comp
    net_ip6.o(i.net_ip6_find_route) refers to net_ip6.o(.constdata) for .constdata
    net_ip6.o(i.net_ip6_find_route) refers to net_loopback.o(.constdata) for net_loop_if_config
    net_ip6.o(i.net_ip6_find_route) refers to net_config.o(.constdata) for net_if_link_def
    net_ip6.o(i.net_ip6_find_route) refers to net_ip6.o(.data) for .data
    net_ip6.o(i.net_ip6_get_local) refers to net_addr.o(i.net_addr6_is_unspec) for net_addr6_is_unspec
    net_ip6.o(i.net_ip6_get_local) refers to net_ip6.o(.constdata) for .constdata
    net_ip6.o(i.net_ip6_get_local) refers to net_addr.o(.constdata) for net_addr_unspec
    net_ip6.o(i.net_ip6_init) refers to eventrecorder.o(.text) for EventRecord2
    net_ip6.o(i.net_ip6_init) refers to net_ip6.o(.data) for .data
    net_ip6.o(i.net_ip6_init) refers to net_config.o(.constdata) for net_if_inet_def
    net_ip6.o(i.net_ip6_send_frame) refers to eventrecorder.o(.text) for EventRecord2
    net_ip6.o(i.net_ip6_send_frame) refers to net_addr.o(i.net_addr6_copy) for net_addr6_copy
    net_ip6.o(i.net_ip6_send_frame) refers to net_sys.o(.bss) for net_sys_control
    net_ip6.o(i.net_ip6_set_netif) refers to eventrecorder.o(.text) for EventRecord2
    net_ip6.o(i.net_ip6_set_netif) refers to net_ip6.o(.data) for .data
    net_ip6.o(i.net_ip6_uninit) refers to eventrecorder.o(.text) for EventRecord2
    net_ip6.o(i.net_ip6_uninit) refers to net_ip6.o(.data) for .data
    net_http_server_err.o(.constdata) refers to net_http_server_err.o(.conststring) for .conststring
    net_mem.o(i.mem_lock) refers to net_config.o(.text) for netos_lock
    net_mem.o(i.mem_lock) refers to net_mem.o(.bss) for .bss
    net_mem.o(i.mem_unlock) refers to net_config.o(.text) for netos_unlock
    net_mem.o(i.mem_unlock) refers to net_mem.o(.bss) for .bss
    net_mem.o(i.net_mem_alloc) refers to net_mem.o(i.mem_lock) for mem_lock
    net_mem.o(i.net_mem_alloc) refers to eventrecorder.o(.text) for EventRecord4
    net_mem.o(i.net_mem_alloc) refers to net_mem.o(i.mem_unlock) for mem_unlock
    net_mem.o(i.net_mem_alloc) refers to net_config.o(.text) for net_sys_error
    net_mem.o(i.net_mem_alloc) refers to net_mem.o(.bss) for .bss
    net_mem.o(i.net_mem_alloc) refers to net_config.o(.constdata) for net_sys_config
    net_mem.o(i.net_mem_avail) refers to net_mem.o(.bss) for .bss
    net_mem.o(i.net_mem_free) refers to net_mem.o(i.mem_lock) for mem_lock
    net_mem.o(i.net_mem_free) refers to eventrecorder.o(.text) for EventRecord2
    net_mem.o(i.net_mem_free) refers to net_mem.o(i.mem_unlock) for mem_unlock
    net_mem.o(i.net_mem_free) refers to net_config.o(.text) for net_sys_error
    net_mem.o(i.net_mem_free) refers to net_config.o(.constdata) for net_sys_config
    net_mem.o(i.net_mem_free) refers to net_mem.o(.bss) for .bss
    net_mem.o(i.net_mem_init) refers to net_config.o(.text) for netos_mutex_create
    net_mem.o(i.net_mem_init) refers to eventrecorder.o(.text) for EventRecord4
    net_mem.o(i.net_mem_init) refers to net_config.o(.constdata) for net_sys_config
    net_mem.o(i.net_mem_init) refers to net_mem.o(.bss) for .bss
    net_mem.o(i.net_mem_shrink) refers to net_mem.o(i.mem_lock) for mem_lock
    net_mem.o(i.net_mem_shrink) refers to eventrecorder.o(.text) for EventRecord2
    net_mem.o(i.net_mem_shrink) refers to net_mem.o(i.mem_unlock) for mem_unlock
    net_mem.o(i.net_mem_shrink) refers to net_mem.o(.bss) for .bss
    net_mem.o(i.net_mem_uninit) refers to eventrecorder.o(.text) for EventRecord2
    net_mem.o(i.net_mem_uninit) refers to memseta.o(.text) for __aeabi_memclr4
    net_mem.o(i.net_mem_uninit) refers to net_config.o(.text) for netos_mutex_delete
    net_mem.o(i.net_mem_uninit) refers to net_config.o(.constdata) for net_sys_config
    net_mem.o(i.net_mem_uninit) refers to net_mem.o(.bss) for .bss
    net_common.o(i.i2str) refers to net_common.o(i.ul2str) for ul2str
    net_common.o(i.net_bin2hex) refers to net_common.o(.constdata) for .constdata
    net_common.o(i.net_crc_buf) refers to net_common.o(i.crc32_8bit) for crc32_8bit
    net_common.o(i.net_itoa) refers to net_common.o(i.i2str) for i2str
    net_common.o(i.net_itoa_n) refers to net_common.o(i.i2str) for i2str
    net_common.o(i.net_itoa_n0) refers to net_common.o(i.i2str) for i2str
    net_common.o(i.net_strcrc) refers to net_common.o(i.crc32_8bit) for crc32_8bit
    net_common.o(i.net_ultoa) refers to net_common.o(i.ul2str) for ul2str
    net_common.o(i.net_ultoa_n) refers to net_common.o(i.ul2str) for ul2str
    net_common.o(i.net_ultoa_n0) refers to net_common.o(i.ul2str) for ul2str
    net_common.o(i.net_ultox) refers to net_common.o(.constdata) for .constdata
    net_md5.o(i.md5_transform) refers to net_md5.o(.constdata) for .constdata
    net_md5.o(i.net_md5_final) refers to memseta.o(.text) for __aeabi_memclr
    net_md5.o(i.net_md5_final) refers to net_md5.o(i.md5_transform) for md5_transform
    net_md5.o(i.net_md5_final) refers to memcpya.o(.text) for __aeabi_memcpy
    net_md5.o(i.net_md5_update) refers to memcpya.o(.text) for __aeabi_memcpy
    net_md5.o(i.net_md5_update) refers to net_md5.o(i.md5_transform) for md5_transform
    net_base64.o(i.net_base64_decode) refers to net_base64.o(.constdata) for .constdata
    net_base64.o(i.net_base64_encode) refers to net_base64.o(.constdata) for .constdata
    strtod.o(i.__softfp_strtod) refers (Special) to iusefp.o(.text) for __I$use$fp
    strtod.o(i.__softfp_strtod) refers to strtod.o(.text) for __strtod_int
    strtod.o(i.strtod) refers (Special) to iusefp.o(.text) for __I$use$fp
    strtod.o(i.strtod) refers to strtod.o(.text) for __strtod_int
    entry.o(.ARM.Collect$$$$00000000) refers (Special) to entry10a.o(.ARM.Collect$$$$0000000F) for __rt_final_cpp
    entry.o(.ARM.Collect$$$$00000000) refers (Special) to entry11a.o(.ARM.Collect$$$$00000011) for __rt_final_exit
    entry.o(.ARM.Collect$$$$00000000) refers (Special) to entry12b.o(.ARM.Collect$$$$0000000E) for __rt_lib_shutdown_fini
    entry.o(.ARM.Collect$$$$00000000) refers (Special) to entry7b.o(.ARM.Collect$$$$00000008) for _main_clock
    entry.o(.ARM.Collect$$$$00000000) refers (Special) to entry8b.o(.ARM.Collect$$$$0000000A) for _main_cpp_init
    entry.o(.ARM.Collect$$$$00000000) refers (Special) to entry9a.o(.ARM.Collect$$$$0000000B) for _main_init
    entry.o(.ARM.Collect$$$$00000000) refers (Special) to entry5.o(.ARM.Collect$$$$00000004) for _main_scatterload
    entry.o(.ARM.Collect$$$$00000000) refers (Special) to entry2.o(.ARM.Collect$$$$00000001) for _main_stk
    uldiv.o(.text) refers to llushr.o(.text) for __aeabi_llsr
    uldiv.o(.text) refers to llshl.o(.text) for __aeabi_llsl
    ctype_o.o(.text) refers to ctype_o.o(.constdata) for .constdata
    ctype_o.o(.constdata) refers to ctype_o.o(.constdata) for __ctype_table
    isalnum_o.o(.text) refers to ctype_o.o(.text) for __rt_ctype_table
    isalpha_o.o(.text) refers to ctype_o.o(.text) for __rt_ctype_table
    isblank_o.o(.text) refers to ctype_o.o(.constdata) for __ctype_table
    iscntrl_o.o(.text) refers to ctype_o.o(.text) for __rt_ctype_table
    isdigit_o.o(.text) refers to ctype_o.o(.text) for __rt_ctype_table
    isgraph_o.o(.text) refers to ctype_o.o(.text) for __rt_ctype_table
    islower_o.o(.text) refers to ctype_o.o(.text) for __rt_ctype_table
    isprint_o.o(.text) refers to ctype_o.o(.text) for __rt_ctype_table
    ispunct_o.o(.text) refers to ctype_o.o(.text) for __rt_ctype_table
    isspace_o.o(.text) refers to ctype_o.o(.text) for __rt_ctype_table
    isupper_o.o(.text) refers to ctype_o.o(.text) for __rt_ctype_table
    isxdigit_o.o(.text) refers to ctype_o.o(.text) for __rt_ctype_table
    localtime.o(.text) refers to localtime.o(.bss) for .bss
    localtime.o(.text) refers to localtime.o(.constdata) for .constdata
    printfb.o(i.__0fprintf$bare) refers to printfb.o(i._printf_core) for _printf_core
    printfb.o(i.__0fprintf$bare) refers to fputc.o(i.fputc) for fputc
    printfb.o(i.__0printf$bare) refers to printfb.o(i._printf_core) for _printf_core
    printfb.o(i.__0printf$bare) refers to fputc.o(i.fputc) for fputc
    printfb.o(i.__0printf$bare) refers to stdout.o(.data) for __stdout
    printfb.o(i.__0snprintf$bare) refers to printfb.o(i._printf_core) for _printf_core
    printfb.o(i.__0snprintf$bare) refers to printfb.o(i._snputc) for _snputc
    printfb.o(i.__0sprintf$bare) refers to printfb.o(i._printf_core) for _printf_core
    printfb.o(i.__0sprintf$bare) refers to printfb.o(i._sputc) for _sputc
    printfb.o(i.__0vfprintf$bare) refers to printfb.o(i._printf_core) for _printf_core
    printfb.o(i.__0vfprintf$bare) refers to fputc.o(i.fputc) for fputc
    printfb.o(i.__0vprintf$bare) refers to printfb.o(i._printf_core) for _printf_core
    printfb.o(i.__0vprintf$bare) refers to fputc.o(i.fputc) for fputc
    printfb.o(i.__0vprintf$bare) refers to stdout.o(.data) for __stdout
    printfb.o(i.__0vsnprintf$bare) refers to printfb.o(i._printf_core) for _printf_core
    printfb.o(i.__0vsnprintf$bare) refers to printfb.o(i._snputc) for _snputc
    printfb.o(i.__0vsprintf$bare) refers to printfb.o(i._printf_core) for _printf_core
    printfb.o(i.__0vsprintf$bare) refers to printfb.o(i._sputc) for _sputc
    printf0.o(i.__0fprintf$0) refers to printf0.o(i._printf_core) for _printf_core
    printf0.o(i.__0fprintf$0) refers to fputc.o(i.fputc) for fputc
    printf0.o(i.__0printf$0) refers to printf0.o(i._printf_core) for _printf_core
    printf0.o(i.__0printf$0) refers to fputc.o(i.fputc) for fputc
    printf0.o(i.__0printf$0) refers to stdout.o(.data) for __stdout
    printf0.o(i.__0snprintf$0) refers to printf0.o(i._printf_core) for _printf_core
    printf0.o(i.__0snprintf$0) refers to printf0.o(i._snputc) for _snputc
    printf0.o(i.__0sprintf$0) refers to printf0.o(i._printf_core) for _printf_core
    printf0.o(i.__0sprintf$0) refers to printf0.o(i._sputc) for _sputc
    printf0.o(i.__0vfprintf$0) refers to printf0.o(i._printf_core) for _printf_core
    printf0.o(i.__0vfprintf$0) refers to fputc.o(i.fputc) for fputc
    printf0.o(i.__0vprintf$0) refers to printf0.o(i._printf_core) for _printf_core
    printf0.o(i.__0vprintf$0) refers to fputc.o(i.fputc) for fputc
    printf0.o(i.__0vprintf$0) refers to stdout.o(.data) for __stdout
    printf0.o(i.__0vsnprintf$0) refers to printf0.o(i._printf_core) for _printf_core
    printf0.o(i.__0vsnprintf$0) refers to printf0.o(i._snputc) for _snputc
    printf0.o(i.__0vsprintf$0) refers to printf0.o(i._printf_core) for _printf_core
    printf0.o(i.__0vsprintf$0) refers to printf0.o(i._sputc) for _sputc
    printf1.o(i.__0fprintf$1) refers to printf1.o(i._printf_core) for _printf_core
    printf1.o(i.__0fprintf$1) refers to fputc.o(i.fputc) for fputc
    printf1.o(i.__0printf$1) refers to printf1.o(i._printf_core) for _printf_core
    printf1.o(i.__0printf$1) refers to fputc.o(i.fputc) for fputc
    printf1.o(i.__0printf$1) refers to stdout.o(.data) for __stdout
    printf1.o(i.__0snprintf$1) refers to printf1.o(i._printf_core) for _printf_core
    printf1.o(i.__0snprintf$1) refers to printf1.o(i._snputc) for _snputc
    printf1.o(i.__0sprintf$1) refers to printf1.o(i._printf_core) for _printf_core
    printf1.o(i.__0sprintf$1) refers to printf1.o(i._sputc) for _sputc
    printf1.o(i.__0vfprintf$1) refers to printf1.o(i._printf_core) for _printf_core
    printf1.o(i.__0vfprintf$1) refers to fputc.o(i.fputc) for fputc
    printf1.o(i.__0vprintf$1) refers to printf1.o(i._printf_core) for _printf_core
    printf1.o(i.__0vprintf$1) refers to fputc.o(i.fputc) for fputc
    printf1.o(i.__0vprintf$1) refers to stdout.o(.data) for __stdout
    printf1.o(i.__0vsnprintf$1) refers to printf1.o(i._printf_core) for _printf_core
    printf1.o(i.__0vsnprintf$1) refers to printf1.o(i._snputc) for _snputc
    printf1.o(i.__0vsprintf$1) refers to printf1.o(i._printf_core) for _printf_core
    printf1.o(i.__0vsprintf$1) refers to printf1.o(i._sputc) for _sputc
    printf1.o(i._printf_core) refers to uidiv.o(.text) for __aeabi_uidivmod
    printf2.o(i.__0fprintf$2) refers to printf2.o(i._printf_core) for _printf_core
    printf2.o(i.__0fprintf$2) refers to fputc.o(i.fputc) for fputc
    printf2.o(i.__0printf$2) refers to printf2.o(i._printf_core) for _printf_core
    printf2.o(i.__0printf$2) refers to fputc.o(i.fputc) for fputc
    printf2.o(i.__0printf$2) refers to stdout.o(.data) for __stdout
    printf2.o(i.__0snprintf$2) refers to printf2.o(i._printf_core) for _printf_core
    printf2.o(i.__0snprintf$2) refers to printf2.o(i._snputc) for _snputc
    printf2.o(i.__0sprintf$2) refers to printf2.o(i._printf_core) for _printf_core
    printf2.o(i.__0sprintf$2) refers to printf2.o(i._sputc) for _sputc
    printf2.o(i.__0vfprintf$2) refers to printf2.o(i._printf_core) for _printf_core
    printf2.o(i.__0vfprintf$2) refers to fputc.o(i.fputc) for fputc
    printf2.o(i.__0vprintf$2) refers to printf2.o(i._printf_core) for _printf_core
    printf2.o(i.__0vprintf$2) refers to fputc.o(i.fputc) for fputc
    printf2.o(i.__0vprintf$2) refers to stdout.o(.data) for __stdout
    printf2.o(i.__0vsnprintf$2) refers to printf2.o(i._printf_core) for _printf_core
    printf2.o(i.__0vsnprintf$2) refers to printf2.o(i._snputc) for _snputc
    printf2.o(i.__0vsprintf$2) refers to printf2.o(i._printf_core) for _printf_core
    printf2.o(i.__0vsprintf$2) refers to printf2.o(i._sputc) for _sputc
    printf3.o(i.__0fprintf$3) refers to printf3.o(i._printf_core) for _printf_core
    printf3.o(i.__0fprintf$3) refers to fputc.o(i.fputc) for fputc
    printf3.o(i.__0printf$3) refers to printf3.o(i._printf_core) for _printf_core
    printf3.o(i.__0printf$3) refers to fputc.o(i.fputc) for fputc
    printf3.o(i.__0printf$3) refers to stdout.o(.data) for __stdout
    printf3.o(i.__0snprintf$3) refers to printf3.o(i._printf_core) for _printf_core
    printf3.o(i.__0snprintf$3) refers to printf3.o(i._snputc) for _snputc
    printf3.o(i.__0sprintf$3) refers to printf3.o(i._printf_core) for _printf_core
    printf3.o(i.__0sprintf$3) refers to printf3.o(i._sputc) for _sputc
    printf3.o(i.__0vfprintf$3) refers to printf3.o(i._printf_core) for _printf_core
    printf3.o(i.__0vfprintf$3) refers to fputc.o(i.fputc) for fputc
    printf3.o(i.__0vprintf$3) refers to printf3.o(i._printf_core) for _printf_core
    printf3.o(i.__0vprintf$3) refers to fputc.o(i.fputc) for fputc
    printf3.o(i.__0vprintf$3) refers to stdout.o(.data) for __stdout
    printf3.o(i.__0vsnprintf$3) refers to printf3.o(i._printf_core) for _printf_core
    printf3.o(i.__0vsnprintf$3) refers to printf3.o(i._snputc) for _snputc
    printf3.o(i.__0vsprintf$3) refers to printf3.o(i._printf_core) for _printf_core
    printf3.o(i.__0vsprintf$3) refers to printf3.o(i._sputc) for _sputc
    printf3.o(i._printf_core) refers to uidiv.o(.text) for __aeabi_uidivmod
    printf4.o(i.__0fprintf$4) refers to printf4.o(i._printf_core) for _printf_core
    printf4.o(i.__0fprintf$4) refers to fputc.o(i.fputc) for fputc
    printf4.o(i.__0printf$4) refers to printf4.o(i._printf_core) for _printf_core
    printf4.o(i.__0printf$4) refers to fputc.o(i.fputc) for fputc
    printf4.o(i.__0printf$4) refers to stdout.o(.data) for __stdout
    printf4.o(i.__0snprintf$4) refers to printf4.o(i._printf_core) for _printf_core
    printf4.o(i.__0snprintf$4) refers to printf4.o(i._snputc) for _snputc
    printf4.o(i.__0sprintf$4) refers to printf4.o(i._printf_core) for _printf_core
    printf4.o(i.__0sprintf$4) refers to printf4.o(i._sputc) for _sputc
    printf4.o(i.__0vfprintf$4) refers to printf4.o(i._printf_core) for _printf_core
    printf4.o(i.__0vfprintf$4) refers to fputc.o(i.fputc) for fputc
    printf4.o(i.__0vprintf$4) refers to printf4.o(i._printf_core) for _printf_core
    printf4.o(i.__0vprintf$4) refers to fputc.o(i.fputc) for fputc
    printf4.o(i.__0vprintf$4) refers to stdout.o(.data) for __stdout
    printf4.o(i.__0vsnprintf$4) refers to printf4.o(i._printf_core) for _printf_core
    printf4.o(i.__0vsnprintf$4) refers to printf4.o(i._snputc) for _snputc
    printf4.o(i.__0vsprintf$4) refers to printf4.o(i._printf_core) for _printf_core
    printf4.o(i.__0vsprintf$4) refers to printf4.o(i._sputc) for _sputc
    printf4.o(i._printf_core) refers to uldiv.o(.text) for __aeabi_uldivmod
    printf5.o(i.__0fprintf$5) refers to printf5.o(i._printf_core) for _printf_core
    printf5.o(i.__0fprintf$5) refers to fputc.o(i.fputc) for fputc
    printf5.o(i.__0printf$5) refers to printf5.o(i._printf_core) for _printf_core
    printf5.o(i.__0printf$5) refers to fputc.o(i.fputc) for fputc
    printf5.o(i.__0printf$5) refers to stdout.o(.data) for __stdout
    printf5.o(i.__0snprintf$5) refers to printf5.o(i._printf_core) for _printf_core
    printf5.o(i.__0snprintf$5) refers to printf5.o(i._snputc) for _snputc
    printf5.o(i.__0sprintf$5) refers to printf5.o(i._printf_core) for _printf_core
    printf5.o(i.__0sprintf$5) refers to printf5.o(i._sputc) for _sputc
    printf5.o(i.__0vfprintf$5) refers to printf5.o(i._printf_core) for _printf_core
    printf5.o(i.__0vfprintf$5) refers to fputc.o(i.fputc) for fputc
    printf5.o(i.__0vprintf$5) refers to printf5.o(i._printf_core) for _printf_core
    printf5.o(i.__0vprintf$5) refers to fputc.o(i.fputc) for fputc
    printf5.o(i.__0vprintf$5) refers to stdout.o(.data) for __stdout
    printf5.o(i.__0vsnprintf$5) refers to printf5.o(i._printf_core) for _printf_core
    printf5.o(i.__0vsnprintf$5) refers to printf5.o(i._snputc) for _snputc
    printf5.o(i.__0vsprintf$5) refers to printf5.o(i._printf_core) for _printf_core
    printf5.o(i.__0vsprintf$5) refers to printf5.o(i._sputc) for _sputc
    printf5.o(i._printf_core) refers to uldiv.o(.text) for __aeabi_uldivmod
    printf6.o(i.__0fprintf$6) refers to printf6.o(i._printf_core) for _printf_core
    printf6.o(i.__0fprintf$6) refers to fputc.o(i.fputc) for fputc
    printf6.o(i.__0printf$6) refers to printf6.o(i._printf_core) for _printf_core
    printf6.o(i.__0printf$6) refers to fputc.o(i.fputc) for fputc
    printf6.o(i.__0printf$6) refers to stdout.o(.data) for __stdout
    printf6.o(i.__0snprintf$6) refers to printf6.o(i._printf_core) for _printf_core
    printf6.o(i.__0snprintf$6) refers to printf6.o(i._snputc) for _snputc
    printf6.o(i.__0sprintf$6) refers to printf6.o(i._printf_core) for _printf_core
    printf6.o(i.__0sprintf$6) refers to printf6.o(i._sputc) for _sputc
    printf6.o(i.__0vfprintf$6) refers to printf6.o(i._printf_core) for _printf_core
    printf6.o(i.__0vfprintf$6) refers to fputc.o(i.fputc) for fputc
    printf6.o(i.__0vprintf$6) refers to printf6.o(i._printf_core) for _printf_core
    printf6.o(i.__0vprintf$6) refers to fputc.o(i.fputc) for fputc
    printf6.o(i.__0vprintf$6) refers to stdout.o(.data) for __stdout
    printf6.o(i.__0vsnprintf$6) refers to printf6.o(i._printf_core) for _printf_core
    printf6.o(i.__0vsnprintf$6) refers to printf6.o(i._snputc) for _snputc
    printf6.o(i.__0vsprintf$6) refers to printf6.o(i._printf_core) for _printf_core
    printf6.o(i.__0vsprintf$6) refers to printf6.o(i._sputc) for _sputc
    printf6.o(i._printf_core) refers to printf6.o(i._printf_pre_padding) for _printf_pre_padding
    printf6.o(i._printf_core) refers to uidiv.o(.text) for __aeabi_uidivmod
    printf6.o(i._printf_core) refers to printf6.o(i._printf_post_padding) for _printf_post_padding
    printf7.o(i.__0fprintf$7) refers to printf7.o(i._printf_core) for _printf_core
    printf7.o(i.__0fprintf$7) refers to fputc.o(i.fputc) for fputc
    printf7.o(i.__0printf$7) refers to printf7.o(i._printf_core) for _printf_core
    printf7.o(i.__0printf$7) refers to fputc.o(i.fputc) for fputc
    printf7.o(i.__0printf$7) refers to stdout.o(.data) for __stdout
    printf7.o(i.__0snprintf$7) refers to printf7.o(i._printf_core) for _printf_core
    printf7.o(i.__0snprintf$7) refers to printf7.o(i._snputc) for _snputc
    printf7.o(i.__0sprintf$7) refers to printf7.o(i._printf_core) for _printf_core
    printf7.o(i.__0sprintf$7) refers to printf7.o(i._sputc) for _sputc
    printf7.o(i.__0vfprintf$7) refers to printf7.o(i._printf_core) for _printf_core
    printf7.o(i.__0vfprintf$7) refers to fputc.o(i.fputc) for fputc
    printf7.o(i.__0vprintf$7) refers to printf7.o(i._printf_core) for _printf_core
    printf7.o(i.__0vprintf$7) refers to fputc.o(i.fputc) for fputc
    printf7.o(i.__0vprintf$7) refers to stdout.o(.data) for __stdout
    printf7.o(i.__0vsnprintf$7) refers to printf7.o(i._printf_core) for _printf_core
    printf7.o(i.__0vsnprintf$7) refers to printf7.o(i._snputc) for _snputc
    printf7.o(i.__0vsprintf$7) refers to printf7.o(i._printf_core) for _printf_core
    printf7.o(i.__0vsprintf$7) refers to printf7.o(i._sputc) for _sputc
    printf7.o(i._printf_core) refers to printf7.o(i._printf_pre_padding) for _printf_pre_padding
    printf7.o(i._printf_core) refers to uldiv.o(.text) for __aeabi_uldivmod
    printf7.o(i._printf_core) refers to printf7.o(i._printf_post_padding) for _printf_post_padding
    printf8.o(i.__0fprintf$8) refers to printf8.o(i._printf_core) for _printf_core
    printf8.o(i.__0fprintf$8) refers to fputc.o(i.fputc) for fputc
    printf8.o(i.__0printf$8) refers to printf8.o(i._printf_core) for _printf_core
    printf8.o(i.__0printf$8) refers to fputc.o(i.fputc) for fputc
    printf8.o(i.__0printf$8) refers to stdout.o(.data) for __stdout
    printf8.o(i.__0snprintf$8) refers to printf8.o(i._printf_core) for _printf_core
    printf8.o(i.__0snprintf$8) refers to printf8.o(i._snputc) for _snputc
    printf8.o(i.__0sprintf$8) refers to printf8.o(i._printf_core) for _printf_core
    printf8.o(i.__0sprintf$8) refers to printf8.o(i._sputc) for _sputc
    printf8.o(i.__0vfprintf$8) refers to printf8.o(i._printf_core) for _printf_core
    printf8.o(i.__0vfprintf$8) refers to fputc.o(i.fputc) for fputc
    printf8.o(i.__0vprintf$8) refers to printf8.o(i._printf_core) for _printf_core
    printf8.o(i.__0vprintf$8) refers to fputc.o(i.fputc) for fputc
    printf8.o(i.__0vprintf$8) refers to stdout.o(.data) for __stdout
    printf8.o(i.__0vsnprintf$8) refers to printf8.o(i._printf_core) for _printf_core
    printf8.o(i.__0vsnprintf$8) refers to printf8.o(i._snputc) for _snputc
    printf8.o(i.__0vsprintf$8) refers to printf8.o(i._printf_core) for _printf_core
    printf8.o(i.__0vsprintf$8) refers to printf8.o(i._sputc) for _sputc
    printf8.o(i._printf_core) refers to printf8.o(i._printf_pre_padding) for _printf_pre_padding
    printf8.o(i._printf_core) refers to uldiv.o(.text) for __aeabi_uldivmod
    printf8.o(i._printf_core) refers to printf8.o(i._printf_post_padding) for _printf_post_padding
    printfa.o(i.__0fprintf) refers (Special) to iusefp.o(.text) for __I$use$fp
    printfa.o(i.__0fprintf) refers to printfa.o(i._printf_core) for _printf_core
    printfa.o(i.__0fprintf) refers to fputc.o(i.fputc) for fputc
    printfa.o(i.__0printf) refers (Special) to iusefp.o(.text) for __I$use$fp
    printfa.o(i.__0printf) refers to printfa.o(i._printf_core) for _printf_core
    printfa.o(i.__0printf) refers to fputc.o(i.fputc) for fputc
    printfa.o(i.__0printf) refers to stdout.o(.data) for __stdout
    printfa.o(i.__0snprintf) refers (Special) to iusefp.o(.text) for __I$use$fp
    printfa.o(i.__0snprintf) refers to printfa.o(i._printf_core) for _printf_core
    printfa.o(i.__0snprintf) refers to printfa.o(i._snputc) for _snputc
    printfa.o(i.__0sprintf) refers (Special) to iusefp.o(.text) for __I$use$fp
    printfa.o(i.__0sprintf) refers to printfa.o(i._printf_core) for _printf_core
    printfa.o(i.__0sprintf) refers to printfa.o(i._sputc) for _sputc
    printfa.o(i.__0vfprintf) refers (Special) to iusefp.o(.text) for __I$use$fp
    printfa.o(i.__0vfprintf) refers to printfa.o(i._printf_core) for _printf_core
    printfa.o(i.__0vfprintf) refers to fputc.o(i.fputc) for fputc
    printfa.o(i.__0vprintf) refers (Special) to iusefp.o(.text) for __I$use$fp
    printfa.o(i.__0vprintf) refers to printfa.o(i._printf_core) for _printf_core
    printfa.o(i.__0vprintf) refers to fputc.o(i.fputc) for fputc
    printfa.o(i.__0vprintf) refers to stdout.o(.data) for __stdout
    printfa.o(i.__0vsnprintf) refers (Special) to iusefp.o(.text) for __I$use$fp
    printfa.o(i.__0vsnprintf) refers to printfa.o(i._printf_core) for _printf_core
    printfa.o(i.__0vsnprintf) refers to printfa.o(i._snputc) for _snputc
    printfa.o(i.__0vsprintf) refers (Special) to iusefp.o(.text) for __I$use$fp
    printfa.o(i.__0vsprintf) refers to printfa.o(i._printf_core) for _printf_core
    printfa.o(i.__0vsprintf) refers to printfa.o(i._sputc) for _sputc
    printfa.o(i._fp_digits) refers (Special) to iusefp.o(.text) for __I$use$fp
    printfa.o(i._fp_digits) refers to dmul.o(.text) for __aeabi_dmul
    printfa.o(i._fp_digits) refers to ddiv.o(.text) for __aeabi_ddiv
    printfa.o(i._fp_digits) refers to cdrcmple.o(.text) for __aeabi_cdrcmple
    printfa.o(i._fp_digits) refers to dadd.o(.text) for __aeabi_dadd
    printfa.o(i._fp_digits) refers to dfixul.o(.text) for __aeabi_d2ulz
    printfa.o(i._fp_digits) refers to uldiv.o(.text) for __aeabi_uldivmod
    printfa.o(i._printf_core) refers (Special) to iusefp.o(.text) for __I$use$fp
    printfa.o(i._printf_core) refers to printfa.o(i._printf_pre_padding) for _printf_pre_padding
    printfa.o(i._printf_core) refers to uldiv.o(.text) for __aeabi_uldivmod
    printfa.o(i._printf_core) refers to printfa.o(i._printf_post_padding) for _printf_post_padding
    printfa.o(i._printf_core) refers to printfa.o(i._fp_digits) for _fp_digits
    printfa.o(i._printf_core) refers to uidiv.o(.text) for __aeabi_uidivmod
    printfa.o(i._printf_post_padding) refers (Special) to iusefp.o(.text) for __I$use$fp
    printfa.o(i._printf_pre_padding) refers (Special) to iusefp.o(.text) for __I$use$fp
    printfa.o(i._snputc) refers (Special) to iusefp.o(.text) for __I$use$fp
    printfa.o(i._sputc) refers (Special) to iusefp.o(.text) for __I$use$fp
    malloc.o(i.free) refers to mvars.o(.data) for __microlib_freelist
    malloc.o(i.malloc) refers to mvars.o(.data) for __microlib_freelist_initialised
    malloc.o(i.malloc) refers to mvars.o(.data) for __microlib_freelist
    malloc.o(i.malloc) refers to startup_stm32f429xx.o(HEAP) for __heap_base
    mallocr.o(i.__free$realloc) refers to mvars.o(.data) for __microlib_freelist
    mallocr.o(i.__malloc$realloc) refers to mallocr.o(i.internal_alloc) for internal_alloc
    mallocr.o(i.__malloc$realloc) refers to mvars.o(.data) for __microlib_freelist_initialised
    mallocr.o(i.__malloc$realloc) refers to startup_stm32f429xx.o(HEAP) for __heap_base
    mallocr.o(i.__malloc$realloc) refers to mvars.o(.data) for __microlib_freelist
    mallocr.o(i.internal_alloc) refers to memcpya.o(.text) for __aeabi_memcpy
    mallocr.o(i.internal_alloc) refers to mvars.o(.data) for __microlib_freelist
    mallocr.o(i.realloc) refers to mallocr.o(i.__free$realloc) for free
    mallocr.o(i.realloc) refers to mallocr.o(i.internal_alloc) for internal_alloc
    mallocr.o(i.realloc) refers to mallocr.o(i.__malloc$realloc) for malloc
    mallocr.o(i.realloc) refers to mvars.o(.data) for __microlib_freelist
    malloca.o(i.__aligned_malloc) refers to mvars.o(.data) for __microlib_freelist_initialised
    malloca.o(i.__aligned_malloc) refers to mvars.o(.data) for __microlib_freelist
    malloca.o(i.__aligned_malloc) refers to startup_stm32f429xx.o(HEAP) for __heap_base
    malloca.o(i.__free$memalign) refers to mvars.o(.data) for __microlib_freelist
    malloca.o(i.__malloc$memalign) refers to malloca.o(i.__aligned_malloc) for __aligned_malloc
    mallocra.o(i.__aligned_malloc$realloc) refers to mallocra.o(i.internal_alloc) for internal_alloc
    mallocra.o(i.__aligned_malloc$realloc) refers to mvars.o(.data) for __microlib_freelist_initialised
    mallocra.o(i.__aligned_malloc$realloc) refers to startup_stm32f429xx.o(HEAP) for __heap_base
    mallocra.o(i.__aligned_malloc$realloc) refers to mvars.o(.data) for __microlib_freelist
    mallocra.o(i.__free$realloc$memalign) refers to mvars.o(.data) for __microlib_freelist
    mallocra.o(i.__malloc$realloc$memalign) refers to mallocra.o(i.__aligned_malloc$realloc) for __aligned_malloc$realloc
    mallocra.o(i.__realloc$memalign) refers to mallocra.o(i.__free$realloc$memalign) for __free$realloc$memalign
    mallocra.o(i.__realloc$memalign) refers to mallocra.o(i.internal_alloc) for internal_alloc
    mallocra.o(i.__realloc$memalign) refers to mallocra.o(i.__malloc$realloc$memalign) for __malloc$realloc$memalign
    mallocra.o(i.__realloc$memalign) refers to mvars.o(.data) for __microlib_freelist
    mallocra.o(i.internal_alloc) refers to memcpya.o(.text) for __aeabi_memcpy
    mallocra.o(i.internal_alloc) refers to mvars.o(.data) for __microlib_freelist
    __0sscanf.o(.text) refers to scanf_char.o(.text) for __vfscanf_char
    __0sscanf.o(.text) refers to _sgetc.o(.text) for _sgetc
    scanf_fp.o(.text) refers (Special) to iusefp.o(.text) for __I$use$fp
    scanf_fp.o(.text) refers to dfltul.o(.text) for __aeabi_ul2d
    scanf_fp.o(.text) refers to dmul.o(.text) for __aeabi_dmul
    scanf_fp.o(.text) refers to ddiv.o(.text) for __aeabi_ddiv
    scanf_fp.o(.text) refers to scanf_fp.o(i._is_digit) for _is_digit
    scanf_fp.o(.text) refers to d2f.o(.text) for __aeabi_d2f
    strtoul.o(.text) refers to errno.o(i.__aeabi_errno_addr) for __aeabi_errno_addr
    strtoul.o(.text) refers to ctype_o.o(.text) for __rt_ctype_table
    strtoul.o(.text) refers to _strtoul.o(.text) for _strtoul
    fmul.o(.text) refers (Special) to iusefp.o(.text) for __I$use$fp
    fscalb.o(.text) refers (Special) to iusefp.o(.text) for __I$use$fp
    dadd.o(.text) refers (Special) to iusefp.o(.text) for __I$use$fp
    dadd.o(.text) refers to llshl.o(.text) for __aeabi_llsl
    dadd.o(.text) refers to llsshr.o(.text) for __aeabi_lasr
    dadd.o(.text) refers to depilogue.o(.text) for _double_epilogue
    dmul.o(.text) refers (Special) to iusefp.o(.text) for __I$use$fp
    dmul.o(.text) refers to depilogue.o(.text) for _double_epilogue
    ddiv.o(.text) refers (Special) to iusefp.o(.text) for __I$use$fp
    ddiv.o(.text) refers to depilogue.o(.text) for _double_round
    dscalb.o(.text) refers (Special) to iusefp.o(.text) for __I$use$fp
    ffltui.o(.text) refers (Special) to iusefp.o(.text) for __I$use$fp
    ffltui.o(.text) refers to fepilogue.o(.text) for _float_epilogue
    dflti.o(.text) refers (Special) to iusefp.o(.text) for __I$use$fp
    dflti.o(.text) refers to depilogue.o(.text) for _double_epilogue
    dfixi.o(.text) refers (Special) to iusefp.o(.text) for __I$use$fp
    dfixi.o(.text) refers to llushr.o(.text) for __aeabi_llsr
    f2d.o(.text) refers (Special) to iusefp.o(.text) for __I$use$fp
    cdcmple.o(.text) refers (Special) to iusefp.o(.text) for __I$use$fp
    cdrcmple.o(.text) refers (Special) to iusefp.o(.text) for __I$use$fp
    d2f.o(.text) refers (Special) to iusefp.o(.text) for __I$use$fp
    d2f.o(.text) refers to fepilogue.o(.text) for _float_round
    entry2.o(.ARM.Collect$$$$00000001) refers to entry2.o(.ARM.Collect$$$$00002712) for __lit__00000000
    entry2.o(.ARM.Collect$$$$00002712) refers to startup_stm32f429xx.o(STACK) for __initial_sp
    entry2.o(__vectab_stack_and_reset_area) refers to startup_stm32f429xx.o(STACK) for __initial_sp
    entry2.o(__vectab_stack_and_reset_area) refers to entry.o(.ARM.Collect$$$$00000000) for __main
    entry5.o(.ARM.Collect$$$$00000004) refers to init.o(.text) for __scatterload
    entry9a.o(.ARM.Collect$$$$0000000B) refers to main.o(.text) for main
    entry9b.o(.ARM.Collect$$$$0000000C) refers to main.o(.text) for main
    fputc.o(i.fputc) refers (Special) to iusesemip.o(.text) for __I$use$semihosting$fputc
    fputc.o(i.fputc) refers (Special) to semi.o(.text) for __semihosting_library_function
    errno.o(i.__aeabi_errno_addr) refers to errno.o(.data) for .data
    errno.o(i.__read_errno) refers to errno.o(.data) for .data
    errno.o(i.__set_errno) refers to errno.o(.data) for .data
    scanf_char.o(.text) refers to _scanf.o(.text) for __vfscanf
    scanf_char.o(.text) refers to isspace_o.o(.text) for isspace
    _strtoul.o(.text) refers to _chval.o(.text) for _chval
    _strtoul.o(.text) refers to errno.o(i.__aeabi_errno_addr) for __aeabi_errno_addr
    strtod.o(.text) refers to scanf_fp.o(.text) for _scanf_real
    strtod.o(.text) refers to _sgetc.o(.text) for _sgetc
    strtod.o(.text) refers to isspace_o.o(.text) for isspace
    depilogue.o(.text) refers to llshl.o(.text) for __aeabi_llsl
    depilogue.o(.text) refers to llushr.o(.text) for __aeabi_llsr
    dfltul.o(.text) refers to depilogue.o(.text) for _double_epilogue
    dfixul.o(.text) refers to llushr.o(.text) for __aeabi_llsr
    dfixul.o(.text) refers to llshl.o(.text) for __aeabi_llsl
    init.o(.text) refers to entry5.o(.ARM.Collect$$$$00000004) for __main_after_scatterload
    isspace_c.o(.text) refers to ctype_c.o(.text) for __ctype_lookup
    _scanf.o(.text) refers (Weak) to scanf_fp.o(.text) for _scanf_real
    ctype_c.o(.text) refers to ctype_c.o(.constdata) for .constdata
    net_version.o(.ARM.RL_ARM1) refers to net_version.o(.ARM.RL_ARM2) for .ARM.RL_ARM2
    net_version.o(.ARM.RL_ARM2) refers to net_version.o(.ARM.RL_ARM3) for .ARM.RL_ARM3
    net_version.o(.ARM.RL_ARM3) refers to net_version.o(.ARM.RL_ARM4) for .ARM.RL_ARM4
    net_version.o(.ARM.RL_ARM4) refers to net_version.o(.ARM.RL_ARM5) for .ARM.RL_ARM5
    net_version.o(.ARM.RL_ARM5) refers to net_version.o(.ARM.RL_ARM6) for .ARM.RL_ARM6
    net_version.o(.ARM.RL_ARM6) refers to net_version.o(.ARM.RL_ARM1) for .ARM.RL_ARM1
    scanf_fp.o(i._is_digit) refers (Special) to iusefp.o(.text) for __I$use$fp


==============================================================================

Removing Unused input sections from the image.

    Removing main.o(.rev16_text), (4 bytes).
    Removing main.o(.revsh_text), (4 bytes).
    Removing main.o(.rrx_text), (6 bytes).
    Removing http_server.o(.rev16_text), (4 bytes).
    Removing http_server.o(.revsh_text), (4 bytes).
    Removing http_server.o(.rrx_text), (6 bytes).
    Removing http_server.o(.bss), (42 bytes).
    Removing http_server.o(.data), (1 bytes).
    Removing http_server_cgi.o(.rev16_text), (4 bytes).
    Removing http_server_cgi.o(.revsh_text), (4 bytes).
    Removing http_server_cgi.o(.rrx_text), (6 bytes).
    Removing leds.o(.rev16_text), (4 bytes).
    Removing leds.o(.revsh_text), (4 bytes).
    Removing leds.o(.rrx_text), (6 bytes).
    Removing rtc.o(.rev16_text), (4 bytes).
    Removing rtc.o(.revsh_text), (4 bytes).
    Removing rtc.o(.rrx_text), (6 bytes).
    Removing lcd.o(.rev16_text), (4 bytes).
    Removing lcd.o(.revsh_text), (4 bytes).
    Removing lcd.o(.rrx_text), (6 bytes).
    Removing lcd.o(.data), (4 bytes).
    Removing cjson.o(.text), (7624 bytes).
    Removing cjson.o(.bss), (15 bytes).
    Removing cjson.o(.data), (20 bytes).
    Removing principal.o(.rev16_text), (4 bytes).
    Removing principal.o(.revsh_text), (4 bytes).
    Removing principal.o(.rrx_text), (6 bytes).
    Removing temp.o(.rev16_text), (4 bytes).
    Removing temp.o(.revsh_text), (4 bytes).
    Removing temp.o(.rrx_text), (6 bytes).
    Removing sensors.o(.rev16_text), (4 bytes).
    Removing sensors.o(.revsh_text), (4 bytes).
    Removing sensors.o(.rrx_text), (6 bytes).
    Removing zumbador.o(.rev16_text), (4 bytes).
    Removing zumbador.o(.revsh_text), (4 bytes).
    Removing zumbador.o(.rrx_text), (6 bytes).
    Removing teclado.o(.rev16_text), (4 bytes).
    Removing teclado.o(.revsh_text), (4 bytes).
    Removing teclado.o(.rrx_text), (6 bytes).
    Removing teclado.o(.data), (1 bytes).
    Removing gas.o(.rev16_text), (4 bytes).
    Removing gas.o(.revsh_text), (4 bytes).
    Removing gas.o(.rrx_text), (6 bytes).
    Removing proximidad.o(.rev16_text), (4 bytes).
    Removing proximidad.o(.revsh_text), (4 bytes).
    Removing proximidad.o(.rrx_text), (6 bytes).
    Removing flash.o(.rev16_text), (4 bytes).
    Removing flash.o(.revsh_text), (4 bytes).
    Removing flash.o(.rrx_text), (6 bytes).
    Removing flash.o(.data), (1 bytes).
    Removing rfid.o(.rev16_text), (4 bytes).
    Removing rfid.o(.revsh_text), (4 bytes).
    Removing rfid.o(.rrx_text), (6 bytes).
    Removing servomotor.o(.rev16_text), (4 bytes).
    Removing servomotor.o(.revsh_text), (4 bytes).
    Removing servomotor.o(.rrx_text), (6 bytes).
    Removing consumo.o(.rev16_text), (4 bytes).
    Removing consumo.o(.revsh_text), (4 bytes).
    Removing consumo.o(.rrx_text), (6 bytes).
    Removing nak_driver_i2c.o(.text), (516 bytes).
    Removing nak_driver_i2c.o(.data), (28 bytes).
    Removing spi_driver.o(.rev16_text), (4 bytes).
    Removing spi_driver.o(.revsh_text), (4 bytes).
    Removing spi_driver.o(.rrx_text), (6 bytes).
    Removing spi_driver.o(.text), (2 bytes).
    Removing led_nucleo_f429zi.o(.rev16_text), (4 bytes).
    Removing led_nucleo_f429zi.o(.revsh_text), (4 bytes).
    Removing led_nucleo_f429zi.o(.rrx_text), (6 bytes).
    Removing led_nucleo_f429zi.o(.text), (236 bytes).
    Removing led_nucleo_f429zi.o(.constdata), (24 bytes).
    Removing irq_armv7m.o(.constdata), (1 bytes).
    Removing rtx_delay.o(.rev16_text), (4 bytes).
    Removing rtx_delay.o(.revsh_text), (4 bytes).
    Removing rtx_delay.o(.rrx_text), (6 bytes).
    Removing rtx_delay.o(.emb_text), (328 bytes).
    Removing rtx_evflags.o(.rev16_text), (4 bytes).
    Removing rtx_evflags.o(.revsh_text), (4 bytes).
    Removing rtx_evflags.o(.rrx_text), (6 bytes).
    Removing rtx_evflags.o(.emb_text), (328 bytes).
    Removing rtx_evflags.o(.text), (1288 bytes).
    Removing rtx_evr.o(.rev16_text), (4 bytes).
    Removing rtx_evr.o(.revsh_text), (4 bytes).
    Removing rtx_evr.o(.rrx_text), (6 bytes).
    Removing rtx_kernel.o(.rev16_text), (4 bytes).
    Removing rtx_kernel.o(.revsh_text), (4 bytes).
    Removing rtx_kernel.o(.rrx_text), (6 bytes).
    Removing rtx_kernel.o(.emb_text), (328 bytes).
    Removing rtx_lib.o(.rev16_text), (4 bytes).
    Removing rtx_lib.o(.revsh_text), (4 bytes).
    Removing rtx_lib.o(.rrx_text), (6 bytes).
    Removing rtx_lib.o(.constdata), (4 bytes).
    Removing rtx_memory.o(.rev16_text), (4 bytes).
    Removing rtx_memory.o(.revsh_text), (4 bytes).
    Removing rtx_memory.o(.rrx_text), (6 bytes).
    Removing rtx_memory.o(.emb_text), (328 bytes).
    Removing rtx_mempool.o(.rev16_text), (4 bytes).
    Removing rtx_mempool.o(.revsh_text), (4 bytes).
    Removing rtx_mempool.o(.rrx_text), (6 bytes).
    Removing rtx_msgqueue.o(.rev16_text), (4 bytes).
    Removing rtx_msgqueue.o(.revsh_text), (4 bytes).
    Removing rtx_msgqueue.o(.rrx_text), (6 bytes).
    Removing rtx_mutex.o(.rev16_text), (4 bytes).
    Removing rtx_mutex.o(.revsh_text), (4 bytes).
    Removing rtx_mutex.o(.rrx_text), (6 bytes).
    Removing rtx_mutex.o(.emb_text), (328 bytes).
    Removing rtx_semaphore.o(.rev16_text), (4 bytes).
    Removing rtx_semaphore.o(.revsh_text), (4 bytes).
    Removing rtx_semaphore.o(.rrx_text), (6 bytes).
    Removing rtx_system.o(.rev16_text), (4 bytes).
    Removing rtx_system.o(.revsh_text), (4 bytes).
    Removing rtx_system.o(.rrx_text), (6 bytes).
    Removing rtx_thread.o(.rev16_text), (4 bytes).
    Removing rtx_thread.o(.revsh_text), (4 bytes).
    Removing rtx_thread.o(.rrx_text), (6 bytes).
    Removing rtx_timer.o(.rev16_text), (4 bytes).
    Removing rtx_timer.o(.revsh_text), (4 bytes).
    Removing rtx_timer.o(.rrx_text), (6 bytes).
    Removing rtx_timer.o(.emb_text), (328 bytes).
    Removing os_systick.o(.rev16_text), (4 bytes).
    Removing os_systick.o(.revsh_text), (4 bytes).
    Removing os_systick.o(.rrx_text), (6 bytes).
    Removing rtx_config.o(.rev16_text), (4 bytes).
    Removing rtx_config.o(.revsh_text), (4 bytes).
    Removing rtx_config.o(.rrx_text), (6 bytes).
    Removing emac_stm32f4xx.o(.rev16_text), (4 bytes).
    Removing emac_stm32f4xx.o(.revsh_text), (4 bytes).
    Removing emac_stm32f4xx.o(.rrx_text), (6 bytes).
    Removing i2c_stm32f4xx.o(.rev16_text), (4 bytes).
    Removing i2c_stm32f4xx.o(.revsh_text), (4 bytes).
    Removing i2c_stm32f4xx.o(.rrx_text), (6 bytes).
    Removing spi_stm32f4xx.o(.rev16_text), (4 bytes).
    Removing spi_stm32f4xx.o(.revsh_text), (4 bytes).
    Removing spi_stm32f4xx.o(.rrx_text), (6 bytes).
    Removing eventrecorder.o(.rev16_text), (4 bytes).
    Removing eventrecorder.o(.revsh_text), (4 bytes).
    Removing eventrecorder.o(.rrx_text), (6 bytes).
    Removing stm32f4xx_hal.o(.rev16_text), (4 bytes).
    Removing stm32f4xx_hal.o(.revsh_text), (4 bytes).
    Removing stm32f4xx_hal.o(.rrx_text), (6 bytes).
    Removing stm32f4xx_hal_adc.o(.rev16_text), (4 bytes).
    Removing stm32f4xx_hal_adc.o(.revsh_text), (4 bytes).
    Removing stm32f4xx_hal_adc.o(.rrx_text), (6 bytes).
    Removing stm32f4xx_hal_adc_ex.o(.rev16_text), (4 bytes).
    Removing stm32f4xx_hal_adc_ex.o(.revsh_text), (4 bytes).
    Removing stm32f4xx_hal_adc_ex.o(.rrx_text), (6 bytes).
    Removing stm32f4xx_hal_cortex.o(.rev16_text), (4 bytes).
    Removing stm32f4xx_hal_cortex.o(.revsh_text), (4 bytes).
    Removing stm32f4xx_hal_cortex.o(.rrx_text), (6 bytes).
    Removing stm32f4xx_hal_dma.o(.rev16_text), (4 bytes).
    Removing stm32f4xx_hal_dma.o(.revsh_text), (4 bytes).
    Removing stm32f4xx_hal_dma.o(.rrx_text), (6 bytes).
    Removing stm32f4xx_hal_dma_ex.o(.rev16_text), (4 bytes).
    Removing stm32f4xx_hal_dma_ex.o(.revsh_text), (4 bytes).
    Removing stm32f4xx_hal_dma_ex.o(.rrx_text), (6 bytes).
    Removing stm32f4xx_hal_dma_ex.o(.text), (2972 bytes).
    Removing stm32f4xx_hal_gpio.o(.rev16_text), (4 bytes).
    Removing stm32f4xx_hal_gpio.o(.revsh_text), (4 bytes).
    Removing stm32f4xx_hal_gpio.o(.rrx_text), (6 bytes).
    Removing stm32f4xx_hal_i2c.o(.rev16_text), (4 bytes).
    Removing stm32f4xx_hal_i2c.o(.revsh_text), (4 bytes).
    Removing stm32f4xx_hal_i2c.o(.rrx_text), (6 bytes).
    Removing stm32f4xx_hal_i2c.o(.text), (14422 bytes).
    Removing stm32f4xx_hal_i2c_ex.o(.rev16_text), (4 bytes).
    Removing stm32f4xx_hal_i2c_ex.o(.revsh_text), (4 bytes).
    Removing stm32f4xx_hal_i2c_ex.o(.rrx_text), (6 bytes).
    Removing stm32f4xx_hal_i2c_ex.o(.text), (128 bytes).
    Removing stm32f4xx_hal_pwr.o(.rev16_text), (4 bytes).
    Removing stm32f4xx_hal_pwr.o(.revsh_text), (4 bytes).
    Removing stm32f4xx_hal_pwr.o(.rrx_text), (6 bytes).
    Removing stm32f4xx_hal_pwr_ex.o(.rev16_text), (4 bytes).
    Removing stm32f4xx_hal_pwr_ex.o(.revsh_text), (4 bytes).
    Removing stm32f4xx_hal_pwr_ex.o(.rrx_text), (6 bytes).
    Removing stm32f4xx_hal_pwr_ex.o(.text), (612 bytes).
    Removing stm32f4xx_hal_rcc.o(.rev16_text), (4 bytes).
    Removing stm32f4xx_hal_rcc.o(.revsh_text), (4 bytes).
    Removing stm32f4xx_hal_rcc.o(.rrx_text), (6 bytes).
    Removing stm32f4xx_hal_rcc_ex.o(.rev16_text), (4 bytes).
    Removing stm32f4xx_hal_rcc_ex.o(.revsh_text), (4 bytes).
    Removing stm32f4xx_hal_rcc_ex.o(.rrx_text), (6 bytes).
    Removing stm32f4xx_hal_rtc.o(.rev16_text), (4 bytes).
    Removing stm32f4xx_hal_rtc.o(.revsh_text), (4 bytes).
    Removing stm32f4xx_hal_rtc.o(.rrx_text), (6 bytes).
    Removing stm32f4xx_hal_rtc_ex.o(.rev16_text), (4 bytes).
    Removing stm32f4xx_hal_rtc_ex.o(.revsh_text), (4 bytes).
    Removing stm32f4xx_hal_rtc_ex.o(.rrx_text), (6 bytes).
    Removing stm32f4xx_hal_spi.o(.rev16_text), (4 bytes).
    Removing stm32f4xx_hal_spi.o(.revsh_text), (4 bytes).
    Removing stm32f4xx_hal_spi.o(.rrx_text), (6 bytes).
    Removing stm32f4xx_hal_spi.o(.text), (6308 bytes).
    Removing stm32f4xx_hal_sram.o(.rev16_text), (4 bytes).
    Removing stm32f4xx_hal_sram.o(.revsh_text), (4 bytes).
    Removing stm32f4xx_hal_sram.o(.rrx_text), (6 bytes).
    Removing stm32f4xx_hal_sram.o(.text), (704 bytes).
    Removing stm32f4xx_hal_tim.o(.rev16_text), (4 bytes).
    Removing stm32f4xx_hal_tim.o(.revsh_text), (4 bytes).
    Removing stm32f4xx_hal_tim.o(.rrx_text), (6 bytes).
    Removing stm32f4xx_hal_tim_ex.o(.rev16_text), (4 bytes).
    Removing stm32f4xx_hal_tim_ex.o(.revsh_text), (4 bytes).
    Removing stm32f4xx_hal_tim_ex.o(.rrx_text), (6 bytes).
    Removing stm32f4xx_ll_fmc.o(.rev16_text), (4 bytes).
    Removing stm32f4xx_ll_fmc.o(.revsh_text), (4 bytes).
    Removing stm32f4xx_ll_fmc.o(.rrx_text), (6 bytes).
    Removing stm32f4xx_ll_fmc.o(.text), (1236 bytes).
    Removing startup_stm32f429xx.o(HEAP), (512 bytes).
    Removing system_stm32f4xx_1.o(.rev16_text), (4 bytes).
    Removing system_stm32f4xx_1.o(.revsh_text), (4 bytes).
    Removing system_stm32f4xx_1.o(.rrx_text), (6 bytes).
    Removing net_config.o(.constdata), (48 bytes).
    Removing net_config.o(.constdata), (16 bytes).
    Removing net_eth.o(i.eth_iface_uninit), (124 bytes).
    Removing net_eth.o(i.netETH_SendRaw), (176 bytes).
    Removing net_eth.o(i.net_eth_get_addr), (44 bytes).
    Removing net_eth.o(i.net_eth_get_option), (234 bytes).
    Removing net_eth.o(i.net_eth_iface_uninit), (28 bytes).
    Removing net_eth.o(.bss), (160 bytes).
    Removing net_arp.o(i.arp_probe_start), (148 bytes).
    Removing net_arp.o(i.netARP_CacheIP), (144 bytes).
    Removing net_arp.o(i.netARP_CacheMAC), (348 bytes).
    Removing net_arp.o(i.netARP_ClearCache), (152 bytes).
    Removing net_arp.o(i.netARP_GetIP), (188 bytes).
    Removing net_arp.o(i.netARP_GetMAC), (144 bytes).
    Removing net_arp.o(i.netARP_Probe), (74 bytes).
    Removing net_arp.o(i.netARP_ProbeX), (132 bytes).
    Removing net_arp.o(i.net_arp_cache_uninit), (64 bytes).
    Removing net_arp.o(i.net_arp_find_mac), (44 bytes).
    Removing net_arp.o(i.net_arp_probe), (18 bytes).
    Removing net_arp.o(.bss), (24 bytes).
    Removing net_arp.o(.bss), (24 bytes).
    Removing net_arp.o(.bss), (24 bytes).
    Removing net_ndp.o(i.ndp_probe_start), (168 bytes).
    Removing net_ndp.o(i.netNDP_CacheIP), (136 bytes).
    Removing net_ndp.o(i.netNDP_ClearCache), (164 bytes).
    Removing net_ndp.o(i.netNDP_GetIP), (200 bytes).
    Removing net_ndp.o(i.netNDP_GetMAC), (156 bytes).
    Removing net_ndp.o(i.netNDP_Probe), (74 bytes).
    Removing net_ndp.o(i.netNDP_ProbeX), (134 bytes).
    Removing net_ndp.o(i.net_ndp_cache_mac), (82 bytes).
    Removing net_ndp.o(i.net_ndp_cache_uninit), (60 bytes).
    Removing net_ndp.o(i.net_ndp_find_mac), (54 bytes).
    Removing net_ndp.o(.bss), (68 bytes).
    Removing net_ndp.o(.bss), (68 bytes).
    Removing net_ndp.o(.bss), (68 bytes).
    Removing net_loopback.o(i.net_loop_iface_uninit), (40 bytes).
    Removing net_icmp.o(i.netICMP_SetNoEcho), (28 bytes).
    Removing net_icmp.o(.data), (1 bytes).
    Removing net_icmp.o(.data), (1 bytes).
    Removing net_icmp.o(.data), (1 bytes).
    Removing net_icmp.o(.data), (1 bytes).
    Removing net_icmp.o(.data), (1 bytes).
    Removing net_icmp6.o(i.netICMP6_SetNoEcho), (28 bytes).
    Removing net_icmp6.o(.data), (1 bytes).
    Removing net_icmp6.o(.data), (1 bytes).
    Removing net_icmp6.o(.data), (1 bytes).
    Removing net_udp.o(i.netUDP_Close), (24 bytes).
    Removing net_udp.o(i.netUDP_GetBuffer), (8 bytes).
    Removing net_udp.o(i.netUDP_GetLocalPort), (4 bytes).
    Removing net_udp.o(i.netUDP_GetSocket), (24 bytes).
    Removing net_udp.o(i.netUDP_Open), (28 bytes).
    Removing net_udp.o(i.netUDP_ReleaseSocket), (24 bytes).
    Removing net_udp.o(i.netUDP_Send), (38 bytes).
    Removing net_udp.o(i.netUDP_SetOption), (32 bytes).
    Removing net_udp.o(i.net_udp_enable_lla), (40 bytes).
    Removing net_udp.o(i.net_udp_free_buf), (6 bytes).
    Removing net_udp.o(i.net_udp_get_local_port), (44 bytes).
    Removing net_udp.o(i.net_udp_get_option), (80 bytes).
    Removing net_udp.o(i.net_udp_keep_buf), (56 bytes).
    Removing net_udp.o(i.net_udp_release_socket), (96 bytes).
    Removing net_udp.o(i.net_udp_set_option), (260 bytes).
    Removing net_udp.o(i.net_udp_socket_uninit), (36 bytes).
    Removing net_tcp.o(i.netTCP_Abort), (24 bytes).
    Removing net_tcp.o(i.netTCP_Close), (24 bytes).
    Removing net_tcp.o(i.netTCP_Connect), (32 bytes).
    Removing net_tcp.o(i.netTCP_GetBuffer), (8 bytes).
    Removing net_tcp.o(i.netTCP_GetLocalPort), (4 bytes).
    Removing net_tcp.o(i.netTCP_GetMaxSegmentSize), (4 bytes).
    Removing net_tcp.o(i.netTCP_GetPeer), (32 bytes).
    Removing net_tcp.o(i.netTCP_GetSocket), (24 bytes).
    Removing net_tcp.o(i.netTCP_GetState), (4 bytes).
    Removing net_tcp.o(i.netTCP_GetTimer), (4 bytes).
    Removing net_tcp.o(i.netTCP_Listen), (28 bytes).
    Removing net_tcp.o(i.netTCP_ReleaseSocket), (24 bytes).
    Removing net_tcp.o(i.netTCP_ResetReceiveWindow), (24 bytes).
    Removing net_tcp.o(i.netTCP_Send), (38 bytes).
    Removing net_tcp.o(i.netTCP_SendReady), (4 bytes).
    Removing net_tcp.o(i.netTCP_SetOption), (32 bytes).
    Removing net_tcp.o(i.net_tcp_alloc_port), (76 bytes).
    Removing net_tcp.o(i.net_tcp_check_send), (92 bytes).
    Removing net_tcp.o(i.net_tcp_connect), (360 bytes).
    Removing net_tcp.o(i.net_tcp_ctrl_opt), (68 bytes).
    Removing net_tcp.o(i.net_tcp_get_local_addr), (52 bytes).
    Removing net_tcp.o(i.net_tcp_get_local_port), (52 bytes).
    Removing net_tcp.o(i.net_tcp_get_option), (96 bytes).
    Removing net_tcp.o(i.net_tcp_get_peer), (84 bytes).
    Removing net_tcp.o(i.net_tcp_get_peer_ptr), (44 bytes).
    Removing net_tcp.o(i.net_tcp_get_timer), (52 bytes).
    Removing net_tcp.o(i.net_tcp_ntoa), (12 bytes).
    Removing net_tcp.o(i.net_tcp_release_socket), (104 bytes).
    Removing net_tcp.o(i.net_tcp_reset_tout), (48 bytes).
    Removing net_tcp.o(i.net_tcp_reset_window), (144 bytes).
    Removing net_tcp.o(i.net_tcp_set_cb), (48 bytes).
    Removing net_tcp.o(i.net_tcp_socket_uninit), (40 bytes).
    Removing net_tcp.o(.constdata), (44 bytes).
    Removing net_tcp.o(.conststring), (112 bytes).
    Removing net_dhcp6_client.o(i.dhcp6_client_stop), (136 bytes).
    Removing net_dhcp6_client.o(i.netDHCP6_Disable), (52 bytes).
    Removing net_dhcp6_client.o(i.netDHCP6_Enable), (76 bytes).
    Removing net_dhcp6_client.o(i.net_dhcp6_client_uninit), (48 bytes).
    Removing net_dhcp6_client.o(.bss), (68 bytes).
    Removing net_dhcp6_client.o(.bss), (68 bytes).
    Removing net_dhcp6_client.o(.bss), (68 bytes).
    Removing net_nbns_client.o(i.net_nbns_client_uninit), (56 bytes).
    Removing net_http_server.o(i.http_server_stop), (84 bytes).
    Removing net_http_server.o(i.netCGI_ProcessData), (2 bytes).
    Removing net_http_server.o(i.netCGI_ProcessQuery), (2 bytes).
    Removing net_http_server.o(i.netCGI_Script), (4 bytes).
    Removing net_http_server.o(i.netHTTPs_CalcHashHA1), (76 bytes).
    Removing net_http_server.o(i.netHTTPs_GetClient), (44 bytes).
    Removing net_http_server.o(i.netHTTPs_GetContentType), (44 bytes).
    Removing net_http_server.o(i.netHTTPs_GetLanguage), (32 bytes).
    Removing net_http_server.o(i.netHTTPs_GetPassword), (12 bytes).
    Removing net_http_server.o(i.netHTTPs_GetPort), (12 bytes).
    Removing net_http_server.o(i.netHTTPs_GetRootPath), (12 bytes).
    Removing net_http_server.o(i.netHTTPs_GetSession), (12 bytes).
    Removing net_http_server.o(i.netHTTPs_GetUserId), (32 bytes).
    Removing net_http_server.o(i.netHTTPs_GetUsername), (12 bytes).
    Removing net_http_server.o(i.netHTTPs_LoginActive), (12 bytes).
    Removing net_http_server.o(i.netHTTPs_LoginOnOff), (28 bytes).
    Removing net_http_server.o(i.netHTTPs_Running), (12 bytes).
    Removing net_http_server.o(i.netHTTPs_SetPassword), (88 bytes).
    Removing net_http_server.o(i.netHTTPs_SetPort), (20 bytes).
    Removing net_http_server.o(i.netHTTPs_SetRootPath), (96 bytes).
    Removing net_http_server.o(i.netHTTPs_SetUsername), (88 bytes).
    Removing net_http_server.o(i.netHTTPs_Start), (32 bytes).
    Removing net_http_server.o(i.netHTTPs_Stop), (32 bytes).
    Removing net_http_server.o(i.net_http_server_uninit), (112 bytes).
    Removing net_http_server.o(i.net_http_time), (116 bytes).
    Removing net_http_server_auth.o(i.get_nonce), (104 bytes).
    Removing net_http_server_auth.o(i.get_rnd), (32 bytes).
    Removing net_http_server_auth.o(i.http_auth_digest_add), (224 bytes).
    Removing net_http_server_auth.o(i.http_auth_digest_hash), (112 bytes).
    Removing net_http_server_auth.o(i.http_auth_digest_init), (32 bytes).
    Removing net_http_server_auth.o(i.http_auth_digest_parse), (1092 bytes).
    Removing net_http_server_auth.o(i.http_auth_digest_uninit), (20 bytes).
    Removing net_http_server_auth.o(i.netHTTPs_GetUserSecret), (2 bytes).
    Removing net_http_server_auth.o(i.verify_nonce), (100 bytes).
    Removing net_http_server_auth.o(.constdata), (24 bytes).
    Removing net_sntp_client_core.o(i.netSNTPc_SetMode), (24 bytes).
    Removing net_sntp_client_core.o(i.net_sntp_client_uninit), (32 bytes).
    Removing net_sntp_client_core.o(i.sntp_set_mode), (84 bytes).
    Removing net_ping_core.o(i.netPing_Echo), (28 bytes).
    Removing net_ping_core.o(i.net_ping_client_start), (232 bytes).
    Removing net_ping_core.o(i.net_ping_client_uninit), (32 bytes).
    Removing net_sys.o(i.netIF_GetOption), (136 bytes).
    Removing net_sys.o(i.netIF_SetDefault), (68 bytes).
    Removing net_sys.o(i.netSYS_GetHostName), (12 bytes).
    Removing net_sys.o(i.netSYS_SetHostName), (72 bytes).
    Removing net_sys.o(i.netUninitialize), (104 bytes).
    Removing net_sys.o(i.net_if_map_lan), (12 bytes).
    Removing net_sys.o(i.net_sys_suspend), (44 bytes).
    Removing net_sys.o(i.net_sys_wait), (26 bytes).
    Removing net_addr.o(i.ip4_ntoa), (64 bytes).
    Removing net_addr.o(i.ip6_ntoa), (202 bytes).
    Removing net_addr.o(i.mac_ntoa), (62 bytes).
    Removing net_addr.o(i.netIP_ntoa), (50 bytes).
    Removing net_addr.o(i.netMAC_ntoa), (16 bytes).
    Removing net_addr.o(i.net_addr4_ntoa), (12 bytes).
    Removing net_addr.o(i.net_addr6_ntoa), (12 bytes).
    Removing net_addr.o(i.net_addr_get_lhost), (36 bytes).
    Removing net_addr.o(i.net_addr_ntoa), (14 bytes).
    Removing net_addr.o(i.net_mac_ntoa), (12 bytes).
    Removing net_ip4.o(i.net_ip4_def_localm), (16 bytes).
    Removing net_ip4.o(i.net_ip4_set_netif), (36 bytes).
    Removing net_ip4.o(i.net_ip4_uninit), (32 bytes).
    Removing net_ip6.o(i.net_ip6_def_localm), (16 bytes).
    Removing net_ip6.o(i.net_ip6_set_netif), (36 bytes).
    Removing net_ip6.o(i.net_ip6_uninit), (28 bytes).
    Removing net_mem.o(i.net_mem_uninit), (52 bytes).
    Removing net_common.o(i.net_bin2hex), (48 bytes).
    Removing net_common.o(i.net_itoa_n), (6 bytes).
    Removing net_common.o(i.net_strcrc), (26 bytes).
    Removing net_common.o(i.net_ultoa_n), (6 bytes).
    Removing net_common.o(i.net_ultoa_n0), (6 bytes).
    Removing net_common.o(i.net_ultox), (48 bytes).
    Removing net_common.o(.constdata), (16 bytes).
    Removing net_md5.o(i.md5_transform), (368 bytes).
    Removing net_md5.o(i.net_md5_final), (80 bytes).
    Removing net_md5.o(i.net_md5_init), (36 bytes).
    Removing net_md5.o(i.net_md5_update), (104 bytes).
    Removing net_md5.o(.constdata), (272 bytes).
    Removing net_base64.o(i.net_base64_encode), (160 bytes).
    Removing dfixi.o(.text), (62 bytes).
    Removing cdcmple.o(.text), (48 bytes).
    Removing dfltul.o(.text), (24 bytes).
    Removing net_version.o(.ARM.RL_ARM1), (82 bytes).
    Removing net_version.o(.ARM.RL_ARM2), (76 bytes).
    Removing net_version.o(.ARM.RL_ARM3), (45 bytes).
    Removing net_version.o(.ARM.RL_ARM4), (65 bytes).
    Removing net_version.o(.ARM.RL_ARM5), (82 bytes).
    Removing net_version.o(.ARM.RL_ARM6), (77 bytes).

399 unused section(s) (total 52696 bytes) removed from the image.
