Component: ARM Compiler 5.06 update 7 (build 960) Tool: armlink [4d3601]

==============================================================================

Section Cross References

    main.o(.text) refers to rtx_kernel.o(.text.osKernelGetState) for osKernelGetState
    main.o(.text) refers to rtx_kernel.o(.text.osKernelGetTickCount) for osKernelGetTickCount
    main.o(.text) refers to stm32f4xx_hal.o(.text) for HAL_Init
    main.o(.text) refers to system_stm32f4xx.o(.text) for SystemCoreClockUpdate
    main.o(.text) refers to rtx_kernel.o(.text.osKernelInitialize) for osKernelInitialize
    main.o(.text) refers to rtx_thread.o(.text.osThreadNew) for osThreadNew
    main.o(.text) refers to rtx_kernel.o(.text.osKernelStart) for osKernelStart
    main.o(.text) refers to stm32f4xx_hal_rcc.o(.text) for HAL_RCC_OscConfig
    main.o(.text) refers to system_stm32f4xx.o(.data) for SystemCoreClock
    main.o(.text) refers to main.o(.data) for .data
    main.o(.text) refers to http_server.o(.constdata) for app_main_attr
    main.o(.text) refers to http_server.o(.text) for app_main
    http_server.o(.text) refers to adc.o(.text) for ADC_StartConversion
    http_server.o(.text) refers to rtx_thread.o(.text.osThreadFlagsSet) for osThreadFlagsSet
    http_server.o(.text) refers to lcd.o(.text) for LCD_reset
    http_server.o(.text) refers to rtx_thread.o(.text.osThreadFlagsWait) for osThreadFlagsWait
    http_server.o(.text) refers to printfa.o(i.__0sprintf) for __2sprintf
    http_server.o(.text) refers to leds.o(.text) for Led_azul_reset
    http_server.o(.text) refers to rtx_delay.o(.text.osDelay) for osDelay
    http_server.o(.text) refers to net_sys.o(i.netInitialize) for netInitialize
    http_server.o(.text) refers to rtx_thread.o(.text.osThreadNew) for osThreadNew
    http_server.o(.text) refers to rtx_thread.o(.text.osThreadExit) for osThreadExit
    http_server.o(.text) refers to http_server.o(.data) for .data
    http_server.o(.text) refers to http_server.o(.bss) for .bss
    http_server.o(.constdata) refers to http_server.o(.bss) for app_main_stk
    http_server_cgi.o(.text) refers to net_http_server.o(i.netCGI_GetEnvVar) for netCGI_GetEnvVar
    http_server_cgi.o(.text) refers to net_addr.o(i.netIP_aton) for netIP_aton
    http_server_cgi.o(.text) refers to net_sys.o(i.netIF_SetOption) for netIF_SetOption
    http_server_cgi.o(.text) refers to strcmp.o(.text) for strcmp
    http_server_cgi.o(.text) refers to leds.o(.text) for Led_verde_reset
    http_server_cgi.o(.text) refers to strncmp.o(.text) for strncmp
    http_server_cgi.o(.text) refers to net_http_server.o(i.netHTTPs_LoginActive) for netHTTPs_LoginActive
    http_server_cgi.o(.text) refers to strcpy.o(.text) for strcpy
    http_server_cgi.o(.text) refers to net_http_server.o(i.netHTTPs_SetPassword) for netHTTPs_SetPassword
    http_server_cgi.o(.text) refers to rtx_thread.o(.text.osThreadFlagsSet) for osThreadFlagsSet
    http_server_cgi.o(.text) refers to net_sys.o(i.netIF_GetOption) for netIF_GetOption
    http_server_cgi.o(.text) refers to net_addr.o(i.netIP_ntoa) for netIP_ntoa
    http_server_cgi.o(.text) refers to printfa.o(i.__0sprintf) for __2sprintf
    http_server_cgi.o(.text) refers to net_tcp.o(i.netTCP_GetState) for netTCP_GetState
    http_server_cgi.o(.text) refers to net_tcp.o(i.netTCP_GetPeer) for netTCP_GetPeer
    http_server_cgi.o(.text) refers to net_tcp.o(i.netTCP_GetTimer) for netTCP_GetTimer
    http_server_cgi.o(.text) refers to net_tcp.o(i.netTCP_GetLocalPort) for netTCP_GetLocalPort
    http_server_cgi.o(.text) refers to http_server_cgi.o(.bss) for .bss
    http_server_cgi.o(.text) refers to http_server_cgi.o(.data) for .data
    http_server_cgi.o(.text) refers to http_server.o(.data) for LEDrun
    http_server_cgi.o(.text) refers to http_server_cgi.o(.conststring) for .conststring
    http_server_cgi.o(.text) refers to net_http_server.o(i.netHTTPs_GetPassword) for netHTTPs_GetPassword
    http_server_cgi.o(.text) refers to net_http_server.o(i.netHTTPs_GetLanguage) for netHTTPs_GetLanguage
    http_server_cgi.o(.text) refers to http_server.o(.text) for AD_in
    http_server_cgi.o(.text) refers to f2d.o(.text) for __aeabi_f2d
    http_server_cgi.o(.text) refers to dmul.o(.text) for __aeabi_dmul
    adc.o(.text) refers to stm32f4xx_hal_gpio.o(.text) for HAL_GPIO_Init
    adc.o(.text) refers to stm32f4xx_hal_adc.o(.text) for HAL_ADC_Init
    adc.o(.text) refers to adc.o(.bss) for .bss
    adc.o(.text) refers to adc.o(.data) for .data
    lcd.o(.text) refers to stm32f4xx_hal_tim.o(.text) for HAL_TIM_Base_Init
    lcd.o(.text) refers to rtx_thread.o(.text.osThreadFlagsSet) for osThreadFlagsSet
    lcd.o(.text) refers to stm32f4xx_hal_gpio.o(.text) for HAL_GPIO_Init
    lcd.o(.text) refers to rtx_thread.o(.text.osThreadFlagsWait) for osThreadFlagsWait
    lcd.o(.text) refers to http_server.o(.data) for TID_Display
    lcd.o(.text) refers to spi_stm32f4xx.o(.constdata) for Driver_SPI1
[...]
    net_arp_cache_find                       0x0800dad1   Thumb Code   124  net_arp.o(i.net_arp_cache_find)
    net_arp_cache_init                       0x0800db51   Thumb Code    52  net_arp.o(i.net_arp_cache_init)
    net_arp_cache_run                        0x0800db89   Thumb Code    22  net_arp.o(i.net_arp_cache_run)
    net_arp_enqueue                          0x0800dba5   Thumb Code   102  net_arp.o(i.net_arp_enqueue)
    net_arp_notify                           0x0800dc0b   Thumb Code    32  net_arp.o(i.net_arp_notify)
    net_arp_process                          0x0800dc2b   Thumb Code   354  net_arp.o(i.net_arp_process)
    net_atoi                                 0x0800dd8d   Thumb Code    66  net_common.o(i.net_atoi)
    net_base64_decode                        0x0800ddd1   Thumb Code   114  net_base64.o(i.net_base64_decode)
    net_chksum_buf                           0x0800de49   Thumb Code    48  net_common.o(i.net_chksum_buf)
    net_crc_buf                              0x0800de79   Thumb Code    30  net_common.o(i.net_crc_buf)
    net_eth_callback                         0x0800de97   Thumb Code    14  net_eth.o(i.net_eth_callback)
    net_eth_config_mcast                     0x0800dea5   Thumb Code   104  net_eth.o(i.net_eth_config_mcast)
    net_eth_get_option                       0x0800df0d   Thumb Code   222  net_eth.o(i.net_eth_get_option)
    net_eth_iface_init                       0x0800dfed   Thumb Code    22  net_eth.o(i.net_eth_iface_init)
    net_eth_iface_run                        0x0800e009   Thumb Code    22  net_eth.o(i.net_eth_iface_run)
    net_eth_output                           0x0800e025   Thumb Code   152  net_eth.o(i.net_eth_output)
    net_eth_send_frame                       0x0800e0bd   Thumb Code   282  net_eth.o(i.net_eth_send_frame)
    net_eth_set_option                       0x0800e1dd   Thumb Code   366  net_eth.o(i.net_eth_set_option)
    net_http_server_init                     0x0800e351   Thumb Code   150  net_http_server.o(i.net_http_server_init)
    net_http_server_run                      0x0800e3f9   Thumb Code    30  net_http_server.o(i.net_http_server_run)
    net_icmp6_init                           0x0800e421   Thumb Code    20  net_icmp6.o(i.net_icmp6_init)
    net_icmp6_process                        0x0800e439   Thumb Code   316  net_icmp6.o(i.net_icmp6_process)
    net_icmp6_send                           0x0800e581   Thumb Code   100  net_icmp6.o(i.net_icmp6_send)
    net_icmp6_send_echo                      0x0800e5e5   Thumb Code    78  net_icmp6.o(i.net_icmp6_send_echo)
    net_icmp_init                            0x0800e63d   Thumb Code    20  net_icmp.o(i.net_icmp_init)
    net_icmp_process                         0x0800e655   Thumb Code   250  net_icmp.o(i.net_icmp_process)
    net_icmp_send_echo                       0x0800e75d   Thumb Code   120  net_icmp.o(i.net_icmp_send_echo)
    net_if_map_all                           0x0800e7dd   Thumb Code     6  net_sys.o(i.net_if_map_all)
    net_igmp_collect_mcast                   0x0800e7e9   Thumb Code   104  net_igmp.o(i.net_igmp_collect_mcast)
    net_igmp_host_init                       0x0800e855   Thumb Code    50  net_igmp.o(i.net_igmp_host_init)
    net_igmp_host_run                        0x0800e88d   Thumb Code    22  net_igmp.o(i.net_igmp_host_run)
    net_igmp_is_member                       0x0800e8a9   Thumb Code    28  net_igmp.o(i.net_igmp_is_member)
    net_igmp_process                         0x0800e8c9   Thumb Code   230  net_igmp.o(i.net_igmp_process)
    net_ip4_chk_frame                        0x0800e9b5   Thumb Code   252  net_ip4.o(i.net_ip4_chk_frame)
    net_ip4_chksum                           0x0800eabd   Thumb Code    44  net_ip4.o(i.net_ip4_chksum)
    net_ip4_chksum_buf                       0x0800eae9   Thumb Code     6  net_ip4.o(i.net_ip4_chksum_buf)
    net_ip4_find_route                       0x0800eaf1   Thumb Code   104  net_ip4.o(i.net_ip4_find_route)
    net_ip4_frag_add                         0x0800eb71   Thumb Code   284  net_ip4_frag.o(i.net_ip4_frag_add)
    net_ip4_frag_get                         0x0800ec95   Thumb Code   168  net_ip4_frag.o(i.net_ip4_frag_get)
    net_ip4_frag_init                        0x0800ed41   Thumb Code    12  net_ip4_frag.o(i.net_ip4_frag_init)
    net_ip4_frag_run                         0x0800ed51   Thumb Code    50  net_ip4_frag.o(i.net_ip4_frag_run)
    net_ip4_get_local                        0x0800ed8d   Thumb Code    40  net_ip4.o(i.net_ip4_get_local)
    net_ip4_init                             0x0800edb9   Thumb Code    14  net_ip4.o(i.net_ip4_init)
    net_ip4_is_onlink                        0x0800edd1   Thumb Code    32  net_ip4.o(i.net_ip4_is_onlink)
    net_ip4_is_subcast                       0x0800edf1   Thumb Code    38  net_ip4.o(i.net_ip4_is_subcast)
    net_ip4_reass_frame                      0x0800ee17   Thumb Code    14  net_ip4.o(i.net_ip4_reass_frame)
    net_ip4_send_frame                       0x0800ee25   Thumb Code   282  net_ip4.o(i.net_ip4_send_frame)
    net_ip4_tx_offl_hl                       0x0800ef49   Thumb Code    42  net_ip4.o(i.net_ip4_tx_offl_hl)
    net_ip6_chk_frame                        0x0800ef75   Thumb Code   160  net_ip6.o(i.net_ip6_chk_frame)
    net_ip6_chksum                           0x0800f01d   Thumb Code    50  net_ip6.o(i.net_ip6_chksum)
    net_ip6_collect_mcast                    0x0800f051   Thumb Code   118  net_ip6.o(i.net_ip6_collect_mcast)
    net_ip6_find_route                       0x0800f0cd   Thumb Code    56  net_ip6.o(i.net_ip6_find_route)
    net_ip6_get_local                        0x0800f115   Thumb Code    74  net_ip6.o(i.net_ip6_get_local)
    net_ip6_init                             0x0800f169   Thumb Code    10  net_ip6.o(i.net_ip6_init)
    net_ip6_send_frame                       0x0800f17d   Thumb Code   124  net_ip6.o(i.net_ip6_send_frame)
    net_ip6_tx_offl_hl                       0x0800f1fd   Thumb Code    30  net_ip6.o(i.net_ip6_tx_offl_hl)
    net_itoa                                 0x0800f21b   Thumb Code     8  net_common.o(i.net_itoa)
    net_itoa_n0                              0x0800f223   Thumb Code     6  net_common.o(i.net_itoa_n0)
    net_loop_iface_init                      0x0800f229   Thumb Code    30  net_loopback.o(i.net_loop_iface_init)
    net_loop_iface_run                       0x0800f24d   Thumb Code   164  net_loopback.o(i.net_loop_iface_run)
    net_loop_send_frame                      0x0800f2f9   Thumb Code    82  net_loopback.o(i.net_loop_send_frame)
    net_mem_alloc                            0x0800f351   Thumb Code   130  net_mem.o(i.net_mem_alloc)
    net_mem_avail                            0x0800f3dd   Thumb Code    22  net_mem.o(i.net_mem_avail)
    net_mem_free                             0x0800f3f9   Thumb Code   114  net_mem.o(i.net_mem_free)
    net_mem_init                             0x0800f475   Thumb Code    84  net_mem.o(i.net_mem_init)
    net_mem_shrink                           0x0800f4d1   Thumb Code    52  net_mem.o(i.net_mem_shrink)
    net_nbns_client_init                     0x0800f509   Thumb Code    38  net_nbns_client.o(i.net_nbns_client_init)
    net_ndp_cache_find                       0x0800f539   Thumb Code   228  net_ndp.o(i.net_ndp_cache_find)
    net_ndp_cache_refresh                    0x0800f621   Thumb Code    74  net_ndp.o(i.net_ndp_cache_refresh)
    net_ndp_enqueue                          0x0800f66b   Thumb Code    96  net_ndp.o(i.net_ndp_enqueue)
    net_ndp_process                          0x0800f6cd   Thumb Code   604  net_ndp.o(i.net_ndp_process)
    net_path                                 0x0800f92d   Thumb Code    52  net_sys.o(i.net_path)
    net_ping_client_init                     0x0800f965   Thumb Code    10  net_ping_core.o(i.net_ping_client_init)
    net_ping_client_run                      0x0800f975   Thumb Code    56  net_ping_core.o(i.net_ping_client_run)
    net_rand32                               0x0800f9b5   Thumb Code    18  net_sys.o(i.net_rand32)
    net_strcasecmp                           0x0800f9d1   Thumb Code    46  net_common.o(i.net_strcasecmp)
    net_strchr                               0x0800f9ff   Thumb Code    22  net_common.o(i.net_strchr)
    net_strcmp                               0x0800fa15   Thumb Code    26  net_common.o(i.net_strcmp)
    net_strcpy                               0x0800fa2f   Thumb Code    18  net_common.o(i.net_strcpy)
    net_strnchr                              0x0800fa41   Thumb Code    28  net_common.o(i.net_strnchr)
    net_strncpy                              0x0800fa5d   Thumb Code    26  net_common.o(i.net_strncpy)
    net_strtoupper                           0x0800fa77   Thumb Code    32  net_common.o(i.net_strtoupper)
    net_sys_lock                             0x0800fa99   Thumb Code     8  net_sys.o(i.net_sys_lock)
    net_sys_resume                           0x0800faa5   Thumb Code    22  net_sys.o(i.net_sys_resume)
    net_sys_tick                             0x0800fabd   Thumb Code    16  net_sys.o(i.net_sys_tick)
    net_sys_unlock                           0x0800fad1   Thumb Code     8  net_sys.o(i.net_sys_unlock)
    net_sys_wakeup                           0x0800fadd   Thumb Code    26  net_sys.o(i.net_sys_wakeup)
    net_tcp_abort                            0x0800fafd   Thumb Code    88  net_tcp.o(i.net_tcp_abort)
    net_tcp_close                            0x0800fb59   Thumb Code   166  net_tcp.o(i.net_tcp_close)
    net_tcp_get_buf                          0x0800fc05   Thumb Code    30  net_tcp.o(i.net_tcp_get_buf)
    net_tcp_get_local_port                   0x0800fc25   Thumb Code    48  net_tcp.o(i.net_tcp_get_local_port)
    net_tcp_get_mss                          0x0800fc59   Thumb Code    34  net_tcp.o(i.net_tcp_get_mss)
    net_tcp_get_peer                         0x0800fc81   Thumb Code    80  net_tcp.o(i.net_tcp_get_peer)
    net_tcp_get_socket                       0x0800fcd5   Thumb Code    64  net_tcp.o(i.net_tcp_get_socket)
    net_tcp_get_state                        0x0800fd19   Thumb Code    40  net_tcp.o(i.net_tcp_get_state)
    net_tcp_get_timer                        0x0800fd45   Thumb Code    48  net_tcp.o(i.net_tcp_get_timer)
    net_tcp_listen                           0x0800fd79   Thumb Code   120  net_tcp.o(i.net_tcp_listen)
    net_tcp_process                          0x0800fdf5   Thumb Code  1312  net_tcp.o(i.net_tcp_process)
    net_tcp_send                             0x08010315   Thumb Code   222  net_tcp.o(i.net_tcp_send)
    net_tcp_set_option                       0x080103fd   Thumb Code   158  net_tcp.o(i.net_tcp_set_option)
    net_tcp_socket_init                      0x080104a1   Thumb Code    14  net_tcp.o(i.net_tcp_socket_init)
    net_tcp_socket_run                       0x080104b5   Thumb Code   762  net_tcp.o(i.net_tcp_socket_run)
    net_udp_get_buf                          0x080107bd   Thumb Code    30  net_udp.o(i.net_udp_get_buf)
    net_udp_get_socket                       0x080107dd   Thumb Code    66  net_udp.o(i.net_udp_get_socket)
    net_udp_open                             0x08010825   Thumb Code   100  net_udp.o(i.net_udp_open)
    net_udp_process                          0x08010891   Thumb Code   258  net_udp.o(i.net_udp_process)
    net_udp_send_if                          0x080109a1   Thumb Code   430  net_udp.o(i.net_udp_send_if)
    net_udp_socket_init                      0x08010b59   Thumb Code    12  net_udp.o(i.net_udp_socket_init)
    net_ultoa                                0x08010b69   Thumb Code     8  net_common.o(i.net_ultoa)
    net_ultox                                0x08010b71   Thumb Code    44  net_common.o(i.net_ultox)
    net_xtoul                                0x08010ba1   Thumb Code    76  net_common.o(i.net_xtoul)
    app_main_attr                            0x080115a8   Data          36  http_server.o(.constdata)
    Arial12x12                               0x080115cc   Data        2400  lcd.o(.constdata)
    imageLastModified                        0x08011f2c   Data           4  web.o(.constdata)
    osRtxUserSVC                             0x08018500   Data           4  rtx_lib.o(.constdata)
    Driver_ETH_PHY0                          0x08018508   Data          32  phy_lan8742a.o(.constdata)
    Driver_ETH_MAC0                          0x08018578   Data          68  emac_stm32f4xx.o(.constdata)
    Driver_SPI1                              0x08018610   Data          44  spi_stm32f4xx.o(.constdata)
    AHBPrescTable                            0x08018644   Data          16  system_stm32f4xx.o(.constdata)
    APBPrescTable                            0x08018654   Data           8  system_stm32f4xx.o(.constdata)
    net_sys_config                           0x08018704   Data          28  net_config.o(.constdata)
    net_eth0_if_config                       0x08018778   Data          44  net_config.o(.constdata)
    net_eth_list                             0x080187a4   Data           8  net_config.o(.constdata)
    net_if_list_all                          0x080187ac   Data           8  net_config.o(.constdata)
    net_if_inet_def                          0x080187b4   Data           8  net_config.o(.constdata)
    net_if_link_def                          0x080187bc   Data           8  net_config.o(.constdata)
    net_arp_list                             0x080187c4   Data           8  net_config.o(.constdata)
    net_icmp_list                            0x080187cc   Data           8  net_config.o(.constdata)
    net_igmp_list                            0x080187d4   Data           8  net_config.o(.constdata)
    net_icmp6_list                           0x080187dc   Data           4  net_config.o(.constdata)
    net_ip4_frag_config                      0x080187e0   Data           8  net_config.o(.constdata)
    net_udp_config                           0x080187e8   Data          12  net_config.o(.constdata)
    net_tcp_config                           0x080187f4   Data          24  net_config.o(.constdata)
    net_http_config                          0x0801880c   Data          52  net_config.o(.constdata)
    netif_getopt_func                        0x08018890   Data          16  net_config.o(.constdata)
    netif_setopt_func                        0x080188a0   Data          16  net_config.o(.constdata)
    net_loop_if_config                       0x080188b8   Data          44  net_loopback.o(.constdata)
    net_http_auth_basic_func                 0x080189f4   Data          24  net_http_server_auth.o(.constdata)
    net_ping_payload                         0x08018a0c   Data          18  net_ping_core.o(.constdata)
    net_addr_unspec                          0x08018a1e   Data          16  net_addr.o(.constdata)
    net_addr_bcast                           0x08018a2e   Data           6  net_addr.o(.constdata)
    net_addr4_loopback                       0x08018a34   Data           4  net_ip4.o(.constdata)
    net_addr6_all_nodes                      0x08018a38   Data          16  net_ip6.o(.constdata)
    net_addr6_loopback                       0x08018a48   Data          16  net_ip6.o(.constdata)
    net_http_error                           0x08018a58   Data          24  net_http_server_err.o(.constdata)
    net_lib_version                          0x08018b10   Data           4  net_version.o(.constdata)
    network_ip4ip6_release_v7.15.0           0x08018b10   Data           4  net_version.o(.constdata)
    osRtxConfig                              0x08018ed8   Data         112  rtx_lib.o(.rodata)
    os_cb_sections                           0x08018f48   Data          56  rtx_lib.o(.rodata)
    Region$$Table$$Base                      0x08018f8c   Number         0  anon$$obj.o(Region$$Table)
    Region$$Table$$Limit                     0x08018fac   Number         0  anon$$obj.o(Region$$Table)
    .bss.os.msgqueue.cb$$Base                0x20008040   Number         0  rtx_lib.o(.bss.os.msgqueue.cb)
    .bss.os.msgqueue.cb$$Limit               0x20008074   Number         0  rtx_lib.o(.bss.os.msgqueue.cb)
    .bss.os.mutex.cb$$Base                   0x200080c4   Number         0  net_config.o(.bss.os.mutex.cb)
    .bss.os.mutex.cb$$Limit                  0x200080fc   Number         0  net_config.o(.bss.os.mutex.cb)
    .bss.os.semaphore.cb$$Base               0x200080fc   Number         0  net_config.o(.bss.os.semaphore.cb)
    .bss.os.semaphore.cb$$Limit              0x2000810c   Number         0  net_config.o(.bss.os.semaphore.cb)
    .bss.os.thread.cb$$Base                  0x2000810c   Number         0  rtx_lib.o(.bss.os.thread.cb)
    .bss.os.thread.cb$$Limit                 0x2000821c   Number         0  net_config.o(.bss.os.thread.cb)
    .bss.os.timer.cb$$Base                   0x20008620   Number         0  net_config.o(.bss.os.timer.cb)
    .bss.os.timer.cb$$Limit                  0x20008640   Number         0  net_config.o(.bss.os.timer.cb)
    LEDrun                                   0x20008644   Data           1  http_server.o(.data)
    cnt                                      0x20008648   Data           4  http_server.o(.data)
    TID_Display                              0x2000864c   Data           4  http_server.o(.data)
    TID_Led                                  0x20008650   Data           4  http_server.o(.data)
    lcd_text                                 0x20008654   Data          42  http_server.o(.data)
    positionL1                               0x2000868c   Data           1  lcd.o(.data)
    positionL2                               0x2000868d   Data           1  lcd.o(.data)
    SPIdrv                                   0x20008690   Data           4  lcd.o(.data)
    uwTickFreq                               0x20008694   Data           1  stm32f4xx_hal.o(.data)
    uwTickPrio                               0x20008698   Data           4  stm32f4xx_hal.o(.data)
    uwTick                                   0x2000869c   Data           4  stm32f4xx_hal.o(.data)
    SystemCoreClock                          0x200086a0   Data           4  system_stm32f4xx.o(.data)
    net_eth0_igmp_control                    0x200086b2   Data           4  net_igmp.o(.data)
    net_eth0_icmp_control                    0x200086c0   Data           1  net_icmp.o(.data)
    osRtxInfo                                0x200086e4   Data         164  rtx_kernel.o(.data.os)
    app_main_stk                             0x200087a0   Data        1024  http_server.o(.bss)
    buffer                                   0x20008c20   Data         512  lcd.o(.bss)
    net_eth0_if_control                      0x2000ef10   Data         160  net_eth.o(.bss)
    net_eth0_arp_control                     0x2000efb0   Data          24  net_arp.o(.bss)
    net_http_control                         0x2000f068   Data          20  net_http_server.o(.bss)
    net_ping_control                         0x2000f07c   Data          44  net_ping_core.o(.bss)
    net_sys_control                          0x2000f0b8   Data          28  net_sys.o(.bss)
    __initial_sp                             0x2000f558   Data           0  startup_stm32f407xx.o(STACK)



==============================================================================

Memory Map of the image

  Image Entry point : 0x08000189

  Load Region LR_IROM1 (Base: 0x08000000, Size: 0x00021734, Max: 0x00100000, ABSOLUTE, COMPRESSED[0x000190e4])

    Execution Region ER_IROM1 (Exec base: 0x08000000, Load base: 0x08000000, Size: 0x00018fac, Max: 0x00100000, ABSOLUTE)

    Exec Addr    Load Addr    Size         Type   Attr      Idx    E Section Name        Object

    0x08000000   0x08000000   0x00000188   Data   RO          924    RESET               startup_stm32f407xx.o
    0x08000188   0x08000188   0x00000000   Code   RO         2575  * .ARM.Collect$$$$00000000  mc_w.l(entry.o)
    0x08000188   0x08000188   0x00000004   Code   RO         2861    .ARM.Collect$$$$00000001  mc_w.l(entry2.o)
    0x0800018c   0x0800018c   0x00000004   Code   RO         2864    .ARM.Collect$$$$00000004  mc_w.l(entry5.o)
    0x08000190   0x08000190   0x00000000   Code   RO         2866    .ARM.Collect$$$$00000008  mc_w.l(entry7b.o)
    0x08000190   0x08000190   0x00000000   Code   RO         2868    .ARM.Collect$$$$0000000A  mc_w.l(entry8b.o)
    0x08000190   0x08000190   0x00000008   Code   RO         2869    .ARM.Collect$$$$0000000B  mc_w.l(entry9a.o)
    0x08000198   0x08000198   0x00000004   Code   RO         2876    .ARM.Collect$$$$0000000E  mc_w.l(entry12b.o)
    0x0800019c   0x0800019c   0x00000000   Code   RO         2871    .ARM.Collect$$$$0000000F  mc_w.l(entry10a.o)
    0x0800019c   0x0800019c   0x00000000   Code   RO         2873    .ARM.Collect$$$$00000011  mc_w.l(entry11a.o)
    0x0800019c   0x0800019c   0x00000004   Code   RO         2862    .ARM.Collect$$$$00002712  mc_w.l(entry2.o)
    0x080001a0   0x080001a0   0x0000010c   Code   RO            4    .text               main.o
    0x080002ac   0x080002ac   0x00000110   Code   RO          144    .text               http_server.o
    0x080003bc   0x080003bc   0x00000720   Code   RO          210    .text               http_server_cgi.o
    0x08000adc   0x08000adc   0x00000118   Code   RO          248    .text               adc.o
    0x08000bf4   0x08000bf4   0x000004b0   Code   RO          278    .text               lcd.o
    0x080010a4   0x080010a4   0x00000100   Code   RO          318    .text               leds.o
    0x080011a4   0x080011a4   0x0000005c   Code   RO          341    .text               web.o
    0x08001200   0x08001200   0x00000004   Code   RO          412    .text               rtx_config.o
    0x08001204   0x08001204   0x00000198   Code   RO          437    .text               phy_lan8742a.o
    0x0800139c   0x0800139c   0x00000904   Code   RO          465    .text               emac_stm32f4xx.o
    0x08001ca0   0x08001ca0   0x00000a98   Code   RO          513    .text               spi_stm32f4xx.o
    0x08002738   0x08002738   0x000001b0   Code   RO          552    .text               stm32f4xx_hal.o
    0x080028e8   0x080028e8   0x00000a34   Code   RO          582    .text               stm32f4xx_hal_adc.o
    0x0800331c   0x0800331c   0x000006c8   Code   RO          606    .text               stm32f4xx_hal_adc_ex.o
    0x080039e4   0x080039e4   0x00000284   Code   RO          630    .text               stm32f4xx_hal_cortex.o
    0x08003c68   0x08003c68   0x000006b8   Code   RO          658    .text               stm32f4xx_hal_dma.o
    0x08004320   0x08004320   0x00000354   Code   RO          707    .text               stm32f4xx_hal_gpio.o
    0x08004674   0x08004674   0x000006d8   Code   RO          779    .text               stm32f4xx_hal_rcc.o
    0x08004d4c   0x08004d4c   0x00002164   Code   RO          876    .text               stm32f4xx_hal_tim.o
    0x08006eb0   0x08006eb0   0x00000b5a   Code   RO          901    .text               stm32f4xx_hal_tim_ex.o
    0x08007a0a   0x08007a0a   0x00000002   PAD
    0x08007a0c   0x08007a0c   0x00000024   Code   RO          925    .text               startup_stm32f407xx.o
    0x08007a30   0x08007a30   0x000000cc   Code   RO          932    .text               system_stm32f4xx.o
    0x08007afc   0x08007afc   0x00000168   Code   RO          985    .text               net_config.o
    0x08007c64   0x08007c64   0x000000c8   Code   RO         1423    .text               RTX_CM4F.lib(irq_armv7m.o)
    0x08007d2c   0x08007d2c   0x00000062   Code   RO         2578    .text               mc_w.l(uldiv.o)
    0x08007d8e   0x08007d8e   0x00000024   Code   RO         2580    .text               mc_w.l(memcpya.o)
    0x08007db2   0x08007db2   0x00000024   Code   RO         2582    .text               mc_w.l(memseta.o)
    0x08007dd6   0x08007dd6   0x0000000e   Code   RO         2584    .text               mc_w.l(strlen.o)
    0x08007de4   0x08007de4   0x0000001c   Code   RO         2586    .text               mc_w.l(strcmp.o)
    0x08007e00   0x08007e00   0x0000001a   Code   RO         2588    .text               mc_w.l(memcmp.o)
    0x08007e1a   0x08007e1a   0x00000012   Code   RO         2590    .text               mc_w.l(strcpy.o)
    0x08007e2c   0x08007e2c   0x0000001e   Code   RO         2592    .text               mc_w.l(strncmp.o)
    0x08007e4a   0x08007e4a   0x000000e4   Code   RO         2857    .text               mf_w.l(dmul.o)
    0x08007f2e   0x08007f2e   0x00000026   Code   RO         2859    .text               mf_w.l(f2d.o)
    0x08007f54   0x08007f54   0x0000002c   Code   RO         2880    .text               mc_w.l(uidiv.o)
    0x08007f80   0x08007f80   0x0000001e   Code   RO         2882    .text               mc_w.l(llshl.o)
    0x08007f9e   0x08007f9e   0x00000020   Code   RO         2884    .text               mc_w.l(llushr.o)
    0x08007fbe   0x08007fbe   0x00000000   Code   RO         2886    .text               mc_w.l(iusefp.o)
    0x08007fbe   0x08007fbe   0x000000ba   Code   RO         2887    .text               mf_w.l(depilogue.o)
    0x08008078   0x08008078   0x0000014e   Code   RO         2889    .text               mf_w.l(dadd.o)
    0x080081c6   0x080081c6   0x000000de   Code   RO         2891    .text               mf_w.l(ddiv.o)
    0x080082a4   0x080082a4   0x00000030   Code   RO         2893    .text               mf_w.l(dfixul.o)
    0x080082d4   0x080082d4   0x00000030   Code   RO         2895    .text               mf_w.l(cdrcmple.o)
    0x08008304   0x08008304   0x00000024   Code   RO         2897    .text               mc_w.l(init.o)
    0x08008328   0x08008328   0x00000024   Code   RO         2900    .text               mc_w.l(llsshr.o)
    0x0800834c   0x0800834c   0x00000056   Code   RO         2910    .text               mc_w.l(__dczerorl2.o)
    0x080083a2   0x080083a2   0x00000040   Code   RO         2241    .text.MessageQueueGet  RTX_CM4F.lib(rtx_msgqueue.o)
    0x080083e2   0x080083e2   0x00000058   Code   RO         2235    .text.MessageQueuePut  RTX_CM4F.lib(rtx_msgqueue.o)
    0x0800843a   0x0800843a   0x0000001c   Code   RO         2233    .text.MessageQueueRemove  RTX_CM4F.lib(rtx_msgqueue.o)
    0x08008456   0x08008456   0x00000002   PAD
    0x08008458   0x08008458   0x0000000c   Code   RO         2279    .text.OS_Tick_AcknowledgeIRQ  RTX_CM4F.lib(os_systick.o)
    0x08008464   0x08008464   0x0000002c   Code   RO         2275    .text.OS_Tick_Enable  RTX_CM4F.lib(os_systick.o)
    0x08008490   0x08008490   0x00000006   Code   RO         2281    .text.OS_Tick_GetIRQn  RTX_CM4F.lib(os_systick.o)
    0x08008496   0x08008496   0x00000002   PAD
    0x08008498   0x08008498   0x00000040   Code   RO         2273    .text.OS_Tick_Setup  RTX_CM4F.lib(os_systick.o)
    0x080084d8   0x080084d8   0x0000000c   Code   RO         1134    .text.OUTLINED_FUNCTION_0  RTX_CM4F.lib(rtx_kernel.o)
    0x080084e4   0x080084e4   0x00000006   Code   RO         1276    .text.OUTLINED_FUNCTION_0  RTX_CM4F.lib(rtx_thread.o)
    0x080084ea   0x080084ea   0x0000000c   Code   RO         2249    .text.OUTLINED_FUNCTION_0  RTX_CM4F.lib(rtx_msgqueue.o)
    0x080084f6   0x080084f6   0x00000006   Code   RO         1136    .text.OUTLINED_FUNCTION_1  RTX_CM4F.lib(rtx_kernel.o)
    0x080084fc   0x080084fc   0x00000006   Code   RO         1278    .text.OUTLINED_FUNCTION_1  RTX_CM4F.lib(rtx_thread.o)
    0x08008502   0x08008502   0x00000014   Code   RO         1280    .text.OUTLINED_FUNCTION_2  RTX_CM4F.lib(rtx_thread.o)
    0x08008516   0x08008516   0x00000008   Code   RO         1282    .text.OUTLINED_FUNCTION_3  RTX_CM4F.lib(rtx_thread.o)
    0x0800851e   0x0800851e   0x0000002e   Code   RO         1410    .text.SemaphoreTokenIncrement  RTX_CM4F.lib(rtx_semaphore.o)
    0x0800854c   0x0800854c   0x00000064   Code   RO         1228    .text.ThreadFlagsCheck  RTX_CM4F.lib(rtx_thread.o)
    0x080085b0   0x080085b0   0x00000048   Code   RO         1328    .text.TimerInsert   RTX_CM4F.lib(rtx_timer.o)
    0x080085f8   0x080085f8   0x00000028   Code   RO         1336    .text.TimerRemove   RTX_CM4F.lib(rtx_timer.o)
    0x08008620   0x08008620   0x00000024   Code   RO         1294    .text.osDelay       RTX_CM4F.lib(rtx_delay.o)
    0x08008644   0x08008644   0x00000030   Code   RO         1086    .text.osKernelGetState  RTX_CM4F.lib(rtx_kernel.o)
    0x08008674   0x08008674   0x00000028   Code   RO         1102    .text.osKernelGetTickCount  RTX_CM4F.lib(rtx_kernel.o)
    0x0800869c   0x0800869c   0x00000028   Code   RO         1106    .text.osKernelGetTickFreq  RTX_CM4F.lib(rtx_kernel.o)
    0x080086c4   0x080086c4   0x0000002c   Code   RO         1080    .text.osKernelInitialize  RTX_CM4F.lib(rtx_kernel.o)
    0x080086f0   0x080086f0   0x00000024   Code   RO         1090    .text.osKernelStart  RTX_CM4F.lib(rtx_kernel.o)
    0x08008714   0x08008714   0x00000070   Code   RO         2209    .text.osMessageQueueGet  RTX_CM4F.lib(rtx_msgqueue.o)
    0x08008784   0x08008784   0x00000080   Code   RO         2207    .text.osMessageQueuePut  RTX_CM4F.lib(rtx_msgqueue.o)
    0x08008804   0x08008804   0x00000024   Code   RO         1360    .text.osMutexAcquire  RTX_CM4F.lib(rtx_mutex.o)
    0x08008828   0x08008828   0x00000024   Code   RO         1366    .text.osMutexDelete  RTX_CM4F.lib(rtx_mutex.o)
    0x0800884c   0x0800884c   0x00000024   Code   RO         1356    .text.osMutexNew    RTX_CM4F.lib(rtx_mutex.o)
    0x08008870   0x08008870   0x00000024   Code   RO         1362    .text.osMutexRelease  RTX_CM4F.lib(rtx_mutex.o)
    0x08008894   0x08008894   0x00000004   Code   RO         1078    .text.osRtxKernelErrorNotify  RTX_CM4F.lib(rtx_kernel.o)
    0x08008898   0x08008898   0x00000002   Code   RO         1076    .text.osRtxKernelPreInit  RTX_CM4F.lib(rtx_kernel.o)
    0x0800889a   0x0800889a   0x0000006c   Code   RO         2135    .text.osRtxMemoryAlloc  RTX_CM4F.lib(rtx_memory.o)
    0x08008906   0x08008906   0x00000042   Code   RO         2137    .text.osRtxMemoryFree  RTX_CM4F.lib(rtx_memory.o)
    0x08008948   0x08008948   0x00000036   Code   RO         2133    .text.osRtxMemoryInit  RTX_CM4F.lib(rtx_memory.o)
    0x0800897e   0x0800897e   0x0000003a   Code   RO         2149    .text.osRtxMemoryPoolAlloc  RTX_CM4F.lib(rtx_mempool.o)
    0x080089b8   0x080089b8   0x0000004a   Code   RO         2151    .text.osRtxMemoryPoolFree  RTX_CM4F.lib(rtx_mempool.o)
    0x08008a02   0x08008a02   0x00000038   Code   RO         2147    .text.osRtxMemoryPoolInit  RTX_CM4F.lib(rtx_mempool.o)
    0x08008a3a   0x08008a3a   0x000000aa   Code   RO         2231    .text.osRtxMessageQueuePostProcess  RTX_CM4F.lib(rtx_msgqueue.o)
    0x08008ae4   0x08008ae4   0x00000028   Code   RO         2199    .text.osRtxMessageQueueTimerSetup  RTX_CM4F.lib(rtx_msgqueue.o)
    0x08008b0c   0x08008b0c   0x00000048   Code   RO         1352    .text.osRtxMutexOwnerRelease  RTX_CM4F.lib(rtx_mutex.o)
    0x08008b54   0x08008b54   0x00000042   Code   RO         1354    .text.osRtxMutexOwnerRestore  RTX_CM4F.lib(rtx_mutex.o)
    0x08008b96   0x08008b96   0x00000002   PAD
    0x08008b98   0x08008b98   0x0000008c   Code   RO         2261    .text.osRtxPendSV_Handler  RTX_CM4F.lib(rtx_system.o)
    0x08008c24   0x08008c24   0x00000074   Code   RO         2263    .text.osRtxPostProcess  RTX_CM4F.lib(rtx_system.o)
    0x08008c98   0x08008c98   0x00000036   Code   RO         1404    .text.osRtxSemaphorePostProcess  RTX_CM4F.lib(rtx_semaphore.o)
    0x08008cce   0x08008cce   0x00000002   PAD
    0x08008cd0   0x08008cd0   0x00000038   Code   RO         1168    .text.osRtxThreadBlock  RTX_CM4F.lib(rtx_thread.o)
    0x08008d08   0x08008d08   0x00000080   Code   RO         1176    .text.osRtxThreadDelayInsert  RTX_CM4F.lib(rtx_thread.o)
    0x08008d88   0x08008d88   0x00000040   Code   RO         1172    .text.osRtxThreadDelayRemove  RTX_CM4F.lib(rtx_thread.o)
    0x08008dc8   0x08008dc8   0x0000004c   Code   RO         1158    .text.osRtxThreadDelayTick  RTX_CM4F.lib(rtx_thread.o)
    0x08008e14   0x08008e14   0x00000024   Code   RO         1260    .text.osRtxThreadDestroy  RTX_CM4F.lib(rtx_thread.o)
    0x08008e38   0x08008e38   0x00000054   Code   RO         1166    .text.osRtxThreadDispatch  RTX_CM4F.lib(rtx_thread.o)
    0x08008e8c   0x08008e8c   0x00000058   Code   RO         1252    .text.osRtxThreadFree  RTX_CM4F.lib(rtx_thread.o)
    0x08008ee4   0x08008ee4   0x0000001e   Code   RO         1258    .text.osRtxThreadJoinWakeup  RTX_CM4F.lib(rtx_thread.o)
    0x08008f02   0x08008f02   0x00000012   Code   RO         1150    .text.osRtxThreadListGet  RTX_CM4F.lib(rtx_thread.o)
    0x08008f14   0x08008f14   0x0000002c   Code   RO         1148    .text.osRtxThreadListPut  RTX_CM4F.lib(rtx_thread.o)
    0x08008f40   0x08008f40   0x00000014   Code   RO         1154    .text.osRtxThreadListRemove  RTX_CM4F.lib(rtx_thread.o)
    0x08008f54   0x08008f54   0x0000000c   Code   RO         1160    .text.osRtxThreadListRoot  RTX_CM4F.lib(rtx_thread.o)
    0x08008f60   0x08008f60   0x00000026   Code   RO         1152    .text.osRtxThreadListSort  RTX_CM4F.lib(rtx_thread.o)
    0x08008f86   0x08008f86   0x00000028   Code   RO         1226    .text.osRtxThreadPostProcess  RTX_CM4F.lib(rtx_thread.o)
    0x08008fae   0x08008fae   0x00000002   PAD
    0x08008fb0   0x08008fb0   0x00000014   Code   RO         1156    .text.osRtxThreadReadyPut  RTX_CM4F.lib(rtx_thread.o)
    0x08008fc4   0x08008fc4   0x00000014   Code   RO         1162    .text.osRtxThreadRegPtr  RTX_CM4F.lib(rtx_thread.o)
    0x08008fd8   0x08008fd8   0x0000003c   Code   RO         1178    .text.osRtxThreadStartup  RTX_CM4F.lib(rtx_thread.o)
    0x08009014   0x08009014   0x00000010   Code   RO         1164    .text.osRtxThreadSwitch  RTX_CM4F.lib(rtx_thread.o)
    0x08009024   0x08009024   0x0000003c   Code   RO         1174    .text.osRtxThreadWaitEnter  RTX_CM4F.lib(rtx_thread.o)
    0x08009060   0x08009060   0x00000030   Code   RO         1170    .text.osRtxThreadWaitExit  RTX_CM4F.lib(rtx_thread.o)
    0x08009090   0x08009090   0x00000078   Code   RO         2259    .text.osRtxTick_Handler  RTX_CM4F.lib(rtx_system.o)
    0x08009108   0x08009108   0x00000020   Code   RO         1310    .text.osRtxTimerSetup  RTX_CM4F.lib(rtx_timer.o)
    0x08009128   0x08009128   0x00000020   Code   RO         1314    .text.osRtxTimerThread  RTX_CM4F.lib(rtx_timer.o)
    0x08009148   0x08009148   0x00000070   Code   RO         1312    .text.osRtxTimerTick  RTX_CM4F.lib(rtx_timer.o)
    0x080091b8   0x080091b8   0x00000054   Code   RO         1392    .text.osSemaphoreAcquire  RTX_CM4F.lib(rtx_semaphore.o)
    0x0800920c   0x0800920c   0x00000024   Code   RO         1400    .text.osSemaphoreDelete  RTX_CM4F.lib(rtx_semaphore.o)
    0x08009230   0x08009230   0x00000024   Code   RO         1388    .text.osSemaphoreNew  RTX_CM4F.lib(rtx_semaphore.o)
    0x08009254   0x08009254   0x0000004c   Code   RO         1394    .text.osSemaphoreRelease  RTX_CM4F.lib(rtx_semaphore.o)
    0x080092a0   0x080092a0   0x0000000c   Code   RO         1210    .text.osThreadExit  RTX_CM4F.lib(rtx_thread.o)
    0x080092ac   0x080092ac   0x00000024   Code   RO         1220    .text.osThreadFlagsClear  RTX_CM4F.lib(rtx_thread.o)
    0x080092d0   0x080092d0   0x00000058   Code   RO         1218    .text.osThreadFlagsSet  RTX_CM4F.lib(rtx_thread.o)
    0x08009328   0x08009328   0x00000024   Code   RO         1224    .text.osThreadFlagsWait  RTX_CM4F.lib(rtx_thread.o)
    0x0800934c   0x0800934c   0x00000028   Code   RO         1186    .text.osThreadGetId  RTX_CM4F.lib(rtx_thread.o)
    0x08009374   0x08009374   0x00000024   Code   RO         1182    .text.osThreadNew   RTX_CM4F.lib(rtx_thread.o)
    0x08009398   0x08009398   0x00000024   Code   RO         1212    .text.osThreadTerminate  RTX_CM4F.lib(rtx_thread.o)
    0x080093bc   0x080093bc   0x00000024   Code   RO         1200    .text.osThreadYield  RTX_CM4F.lib(rtx_thread.o)
    0x080093e0   0x080093e0   0x00000024   Code   RO         1326    .text.osTimerDelete  RTX_CM4F.lib(rtx_timer.o)
    0x08009404   0x08009404   0x00000024   Code   RO         1316    .text.osTimerNew    RTX_CM4F.lib(rtx_timer.o)
    0x08009428   0x08009428   0x00000024   Code   RO         1320    .text.osTimerStart  RTX_CM4F.lib(rtx_timer.o)
    0x0800944c   0x0800944c   0x00000016   Code   RO         1298    .text.svcRtxDelay   RTX_CM4F.lib(rtx_delay.o)
    0x08009462   0x08009462   0x00000002   PAD
    0x08009464   0x08009464   0x0000000c   Code   RO         1088    .text.svcRtxKernelGetState  RTX_CM4F.lib(rtx_kernel.o)
    0x08009470   0x08009470   0x0000000c   Code   RO         1104    .text.svcRtxKernelGetTickCount  RTX_CM4F.lib(rtx_kernel.o)
    0x0800947c   0x0800947c   0x0000000c   Code   RO         1108    .text.svcRtxKernelGetTickFreq  RTX_CM4F.lib(rtx_kernel.o)
    0x08009488   0x08009488   0x00000100   Code   RO         1118    .text.svcRtxKernelInitialize  RTX_CM4F.lib(rtx_kernel.o)
    0x08009588   0x08009588   0x00000088   Code   RO         1120    .text.svcRtxKernelStart  RTX_CM4F.lib(rtx_kernel.o)
    0x08009610   0x08009610   0x000000d8   Code   RO         2243    .text.svcRtxMessageQueueGet  RTX_CM4F.lib(rtx_msgqueue.o)
    0x080096e8   0x080096e8   0x00000118   Code   RO         2201    .text.svcRtxMessageQueueNew  RTX_CM4F.lib(rtx_msgqueue.o)
    0x08009800   0x08009800   0x000000b4   Code   RO         2239    .text.svcRtxMessageQueuePut  RTX_CM4F.lib(rtx_msgqueue.o)
    0x080098b4   0x080098b4   0x00000090   Code   RO         1372    .text.svcRtxMutexAcquire  RTX_CM4F.lib(rtx_mutex.o)
    0x08009944   0x08009944   0x000000b0   Code   RO         1378    .text.svcRtxMutexDelete  RTX_CM4F.lib(rtx_mutex.o)
    0x080099f4   0x080099f4   0x00000068   Code   RO         1368    .text.svcRtxMutexNew  RTX_CM4F.lib(rtx_mutex.o)
    0x08009a5c   0x08009a5c   0x000000b4   Code   RO         1374    .text.svcRtxMutexRelease  RTX_CM4F.lib(rtx_mutex.o)
    0x08009b10   0x08009b10   0x00000058   Code   RO         1408    .text.svcRtxSemaphoreAcquire  RTX_CM4F.lib(rtx_semaphore.o)
    0x08009b68   0x08009b68   0x00000060   Code   RO         1414    .text.svcRtxSemaphoreDelete  RTX_CM4F.lib(rtx_semaphore.o)
    0x08009bc8   0x08009bc8   0x0000007c   Code   RO         1402    .text.svcRtxSemaphoreNew  RTX_CM4F.lib(rtx_semaphore.o)
    0x08009c44   0x08009c44   0x00000038   Code   RO         1412    .text.svcRtxSemaphoreRelease  RTX_CM4F.lib(rtx_semaphore.o)
    0x08009c7c   0x08009c7c   0x0000004c   Code   RO         1256    .text.svcRtxThreadExit  RTX_CM4F.lib(rtx_thread.o)
    0x08009cc8   0x08009cc8   0x00000034   Code   RO         1270    .text.svcRtxThreadFlagsClear  RTX_CM4F.lib(rtx_thread.o)
    0x08009cfc   0x08009cfc   0x00000066   Code   RO         1268    .text.svcRtxThreadFlagsSet  RTX_CM4F.lib(rtx_thread.o)
    0x08009d62   0x08009d62   0x00000002   PAD
    0x08009d64   0x08009d64   0x0000004c   Code   RO         1274    .text.svcRtxThreadFlagsWait  RTX_CM4F.lib(rtx_thread.o)
    0x08009db0   0x08009db0   0x0000000c   Code   RO         1188    .text.svcRtxThreadGetId  RTX_CM4F.lib(rtx_thread.o)
    0x08009dbc   0x08009dbc   0x000001ec   Code   RO         1180    .text.svcRtxThreadNew  RTX_CM4F.lib(rtx_thread.o)
    0x08009fa8   0x08009fa8   0x00000088   Code   RO         1262    .text.svcRtxThreadTerminate  RTX_CM4F.lib(rtx_thread.o)
    0x0800a030   0x0800a030   0x00000038   Code   RO         1242    .text.svcRtxThreadYield  RTX_CM4F.lib(rtx_thread.o)
    0x0800a068   0x0800a068   0x0000004c   Code   RO         1342    .text.svcRtxTimerDelete  RTX_CM4F.lib(rtx_timer.o)
    0x0800a0b4   0x0800a0b4   0x00000078   Code   RO         1330    .text.svcRtxTimerNew  RTX_CM4F.lib(rtx_timer.o)
    0x0800a12c   0x0800a12c   0x00000048   Code   RO         1334    .text.svcRtxTimerStart  RTX_CM4F.lib(rtx_timer.o)
    0x0800a174   0x0800a174   0x00000028   Code   RO         2831    i.__0sprintf        mc_w.l(printfa.o)
    0x0800a19c   0x0800a19c   0x0000000e   Code   RO         2904    i.__scatterload_copy  mc_w.l(handlers.o)
    0x0800a1aa   0x0800a1aa   0x00000002   Code   RO         2905    i.__scatterload_null  mc_w.l(handlers.o)
    0x0800a1ac   0x0800a1ac   0x0000000e   Code   RO         2906    i.__scatterload_zeroinit  mc_w.l(handlers.o)
    0x0800a1ba   0x0800a1ba   0x00000002   PAD
    0x0800a1bc   0x0800a1bc   0x00000184   Code   RO         2836    i._fp_digits        mc_w.l(printfa.o)
    0x0800a340   0x0800a340   0x000006b4   Code   RO         2837    i._printf_core      mc_w.l(printfa.o)
    0x0800a9f4   0x0800a9f4   0x00000024   Code   RO         2838    i._printf_post_padding  mc_w.l(printfa.o)
    0x0800aa18   0x0800aa18   0x0000002e   Code   RO         2839    i._printf_pre_padding  mc_w.l(printfa.o)
    0x0800aa46   0x0800aa46   0x0000000a   Code   RO         2841    i._sputc            mc_w.l(printfa.o)
    0x0800aa50   0x0800aa50   0x00000054   Code   RO         1839    i.add_server_id     Net_CM3_L.lib(net_http_server.o)
    0x0800aaa4   0x0800aaa4   0x0000005c   Code   RO         1486    i.arp_cache_alloc   Net_CM3_L.lib(net_arp.o)
    0x0800ab00   0x0800ab00   0x000000f4   Code   RO         1487    i.arp_cache_run     Net_CM3_L.lib(net_arp.o)
    0x0800abf4   0x0800abf4   0x00000038   Code   RO         1488    i.arp_is_cacheable  Net_CM3_L.lib(net_arp.o)
    0x0800ac2c   0x0800ac2c   0x00000048   Code   RO         1489    i.arp_probe_run     Net_CM3_L.lib(net_arp.o)
    0x0800ac74   0x0800ac74   0x000000b6   Code   RO         1491    i.arp_proc_response  Net_CM3_L.lib(net_arp.o)
    0x0800ad2a   0x0800ad2a   0x0000001a   Code   RO         1492    i.arp_que_free      Net_CM3_L.lib(net_arp.o)
    0x0800ad44   0x0800ad44   0x00000080   Code   RO         1493    i.arp_send_reply    Net_CM3_L.lib(net_arp.o)
    0x0800adc4   0x0800adc4   0x000000a8   Code   RO         1494    i.arp_send_request  Net_CM3_L.lib(net_arp.o)
    0x0800ae6c   0x0800ae6c   0x00000068   Code   RO         1495    i.arp_sender_valid  Net_CM3_L.lib(net_arp.o)
    0x0800aed4   0x0800aed4   0x00000170   Code   RO         1840    i.chk_post_req      Net_CM3_L.lib(net_http_server.o)
    0x0800b044   0x0800b044   0x00000028   Code   RO         2489    i.crc32_8bit        Net_CM3_L.lib(net_common.o)
    0x0800b06c   0x0800b06c   0x0000009a   Code   RO         1430    i.eth_check_link    Net_CM3_L.lib(net_eth.o)
    0x0800b106   0x0800b106   0x00000002   PAD
    0x0800b108   0x0800b108   0x00000020   Code   RO         1431    i.eth_if_map        Net_CM3_L.lib(net_eth.o)
    0x0800b128   0x0800b128   0x00000268   Code   RO         1432    i.eth_iface_init    Net_CM3_L.lib(net_eth.o)
    0x0800b390   0x0800b390   0x0000022c   Code   RO         1433    i.eth_iface_run     Net_CM3_L.lib(net_eth.o)
    0x0800b5bc   0x0800b5bc   0x00000008   Code   RO         1435    i.eth_lock          Net_CM3_L.lib(net_eth.o)
    0x0800b5c4   0x0800b5c4   0x0000001c   Code   RO         1436    i.eth_mtu_limit     Net_CM3_L.lib(net_eth.o)
    0x0800b5e0   0x0800b5e0   0x00000048   Code   RO         1437    i.eth_opt_len       Net_CM3_L.lib(net_eth.o)
    0x0800b628   0x0800b628   0x00000088   Code   RO         1438    i.eth_receive       Net_CM3_L.lib(net_eth.o)
    0x0800b6b0   0x0800b6b0   0x00000008   Code   RO         1439    i.eth_unlock        Net_CM3_L.lib(net_eth.o)
    0x0800b6b8   0x0800b6b8   0x0000007c   Code   RO         1603    i.frag_map_session  Net_CM3_L.lib(net_ip4_frag.o)
    0x0800b734   0x0800b734   0x00000028   Code   RO         1841    i.get_next_field    Net_CM3_L.lib(net_http_server.o)
    0x0800b75c   0x0800b75c   0x00000032   Code   RO         1842    i.get_next_par      Net_CM3_L.lib(net_http_server.o)
    0x0800b78e   0x0800b78e   0x00000022   Code   RO         1843    i.hex2byte          Net_CM3_L.lib(net_http_server.o)
    0x0800b7b0   0x0800b7b0   0x0000036c   Code   RO         1844    i.http_add_header   Net_CM3_L.lib(net_http_server.o)
    0x0800bb1c   0x0800bb1c   0x00000050   Code   RO         1962    i.http_auth_basic_add  Net_CM3_L.lib(net_http_server_auth.o)
    0x0800bb6c   0x0800bb6c   0x0000007c   Code   RO         1963    i.http_auth_basic_parse  Net_CM3_L.lib(net_http_server_auth.o)
    0x0800bbe8   0x0800bbe8   0x00000002   Code   RO         1969    i.http_auth_dummy   Net_CM3_L.lib(net_http_server_auth.o)
    0x0800bbea   0x0800bbea   0x00000002   PAD
    0x0800bbec   0x0800bbec   0x00000024   Code   RO         1970    i.http_auth_init    Net_CM3_L.lib(net_http_server_auth.o)
    0x0800bc10   0x0800bc10   0x000001cc   Code   RO         1845    i.http_error_msg    Net_CM3_L.lib(net_http_server.o)
    0x0800bddc   0x0800bddc   0x00000078   Code   RO         1846    i.http_get_ftype    Net_CM3_L.lib(net_http_server.o)
    0x0800be54   0x0800be54   0x0000005e   Code   RO         1847    i.http_kill_session  Net_CM3_L.lib(net_http_server.o)
    0x0800beb2   0x0800beb2   0x00000002   PAD
    0x0800beb4   0x0800beb4   0x00000210   Code   RO         1848    i.http_listener     Net_CM3_L.lib(net_http_server.o)
    0x0800c0c4   0x0800c0c4   0x00000118   Code   RO         1849    i.http_open_file    Net_CM3_L.lib(net_http_server.o)
    0x0800c1dc   0x0800c1dc   0x00000108   Code   RO         1850    i.http_parse_header  Net_CM3_L.lib(net_http_server.o)
    0x0800c2e4   0x0800c2e4   0x00000164   Code   RO         1851    i.http_proc_multipart  Net_CM3_L.lib(net_http_server.o)
    0x0800c448   0x0800c448   0x000000f4   Code   RO         1852    i.http_proc_post    Net_CM3_L.lib(net_http_server.o)
    0x0800c53c   0x0800c53c   0x000003c0   Code   RO         1853    i.http_server_run   Net_CM3_L.lib(net_http_server.o)
    0x0800c8fc   0x0800c8fc   0x00000050   Code   RO         1854    i.http_server_start  Net_CM3_L.lib(net_http_server.o)
    0x0800c94c   0x0800c94c   0x00000020   Code   RO         1855    i.http_strcpy       Net_CM3_L.lib(net_http_server.o)
    0x0800c96c   0x0800c96c   0x000000ac   Code   RO         1856    i.http_to_utc       Net_CM3_L.lib(net_http_server.o)
    0x0800ca18   0x0800ca18   0x0000001a   Code   RO         2490    i.i2str             Net_CM3_L.lib(net_common.o)
    0x0800ca32   0x0800ca32   0x00000002   PAD
    0x0800ca34   0x0800ca34   0x00000074   Code   RO         1553    i.igmp_host_run     Net_CM3_L.lib(net_igmp.o)
    0x0800caa8   0x0800caa8   0x00000024   Code   RO         1554    i.igmp_map_group    Net_CM3_L.lib(net_igmp.o)
    0x0800cacc   0x0800cacc   0x00000070   Code   RO         1555    i.igmp_send_report  Net_CM3_L.lib(net_igmp.o)
    0x0800cb3c   0x0800cb3c   0x0000000c   Code   RO         2367    i.ip4_get_chksum    Net_CM3_L.lib(net_ip4.o)
    0x0800cb48   0x0800cb48   0x00000028   Code   RO         2368    i.ip4_get_mtu       Net_CM3_L.lib(net_ip4.o)
    0x0800cb70   0x0800cb70   0x00000040   Code   RO         2065    i.ip4_ntoa          Net_CM3_L.lib(net_addr.o)
    0x0800cbb0   0x0800cbb0   0x000000ca   Code   RO         2066    i.ip6_ntoa          Net_CM3_L.lib(net_addr.o)
    0x0800cc7a   0x0800cc7a   0x00000002   PAD
    0x0800cc7c   0x0800cc7c   0x0000000c   Code   RO         2466    i.mem_lock          Net_CM3_L.lib(net_mem.o)
    0x0800cc88   0x0800cc88   0x0000000c   Code   RO         2467    i.mem_unlock        Net_CM3_L.lib(net_mem.o)
    0x0800cc94   0x0800cc94   0x00000128   Code   RO         1825    i.nbns_listener     Net_CM3_L.lib(net_nbns_client.o)
    0x0800cdbc   0x0800cdbc   0x00000092   Code   RO         2299    i.ndp_cache_add     Net_CM3_L.lib(net_ndp.o)
    0x0800ce4e   0x0800ce4e   0x00000072   Code   RO         2300    i.ndp_cache_alloc   Net_CM3_L.lib(net_ndp.o)
    0x0800cec0   0x0800cec0   0x0000002c   Code   RO         2302    i.ndp_check_frame   Net_CM3_L.lib(net_ndp.o)
    0x0800ceec   0x0800ceec   0x00000012   Code   RO         2303    i.ndp_next_opt      Net_CM3_L.lib(net_ndp.o)
    0x0800cefe   0x0800cefe   0x000000c0   Code   RO         2304    i.ndp_prefix_add    Net_CM3_L.lib(net_ndp.o)
    0x0800cfbe   0x0800cfbe   0x000000ae   Code   RO         2307    i.ndp_proc_response  Net_CM3_L.lib(net_ndp.o)
    0x0800d06c   0x0800d06c   0x0000001a   Code   RO         2308    i.ndp_que_free      Net_CM3_L.lib(net_ndp.o)
    0x0800d086   0x0800d086   0x00000002   PAD
    0x0800d088   0x0800d088   0x00000038   Code   RO         2309    i.ndp_router_remove  Net_CM3_L.lib(net_ndp.o)
    0x0800d0c0   0x0800d0c0   0x00000070   Code   RO         2310    i.ndp_send_reply    Net_CM3_L.lib(net_ndp.o)
    0x0800d130   0x0800d130   0x00000084   Code   RO         2311    i.ndp_send_request  Net_CM3_L.lib(net_ndp.o)
    0x0800d1b4   0x0800d1b4   0x00000004   Code   RO         1857    i.netCGI_Charset    Net_CM3_L.lib(net_http_server.o)
    0x0800d1b8   0x0800d1b8   0x00000004   Code   RO         1858    i.netCGI_ContentType  Net_CM3_L.lib(net_http_server.o)
    0x0800d1bc   0x0800d1bc   0x00000004   Code   RO         1859    i.netCGI_CustomHeader  Net_CM3_L.lib(net_http_server.o)
    0x0800d1c0   0x0800d1c0   0x0000006c   Code   RO         1860    i.netCGI_GetEnvVar  Net_CM3_L.lib(net_http_server.o)
    0x0800d22c   0x0800d22c   0x00000004   Code   RO         1863    i.netCGI_Redirect   Net_CM3_L.lib(net_http_server.o)
    0x0800d230   0x0800d230   0x00000004   Code   RO         1865    i.netCGX_ContentType  Net_CM3_L.lib(net_http_server.o)
    0x0800d234   0x0800d234   0x00000064   Code   RO         2016    i.netCore_Thread    Net_CM3_L.lib(net_sys.o)
    0x0800d298   0x0800d298   0x00000002   Code   RO         1440    i.netETH_Notify     Net_CM3_L.lib(net_eth.o)
    0x0800d29a   0x0800d29a   0x00000002   Code   RO         1441    i.netETH_ReceiveRaw  Net_CM3_L.lib(net_eth.o)
    0x0800d29c   0x0800d29c   0x00000072   Code   RO         1443    i.netETH_Thread     Net_CM3_L.lib(net_eth.o)
    0x0800d30e   0x0800d30e   0x00000004   Code   RO         1866    i.netHTTPs_AcceptClient  Net_CM3_L.lib(net_http_server.o)
    0x0800d312   0x0800d312   0x00000004   Code   RO         1971    i.netHTTPs_CheckAccount  Net_CM3_L.lib(net_http_server_auth.o)
    0x0800d316   0x0800d316   0x00000004   Code   RO         1868    i.netHTTPs_FileAccess  Net_CM3_L.lib(net_http_server.o)
    0x0800d31a   0x0800d31a   0x00000002   PAD
    0x0800d31c   0x0800d31c   0x00000020   Code   RO         1871    i.netHTTPs_GetLanguage  Net_CM3_L.lib(net_http_server.o)
    0x0800d33c   0x0800d33c   0x0000000c   Code   RO         1872    i.netHTTPs_GetPassword  Net_CM3_L.lib(net_http_server.o)
    0x0800d348   0x0800d348   0x0000000c   Code   RO         1878    i.netHTTPs_LoginActive  Net_CM3_L.lib(net_http_server.o)
    0x0800d354   0x0800d354   0x00000044   Code   RO         1881    i.netHTTPs_SetPassword  Net_CM3_L.lib(net_http_server.o)
    0x0800d398   0x0800d398   0x0000007c   Code   RO         2017    i.netIF_GetOption   Net_CM3_L.lib(net_sys.o)
    0x0800d414   0x0800d414   0x00000078   Code   RO         2019    i.netIF_SetOption   Net_CM3_L.lib(net_sys.o)
    0x0800d48c   0x0800d48c   0x0000001a   Code   RO         2068    i.netIP_aton        Net_CM3_L.lib(net_addr.o)
    0x0800d4a6   0x0800d4a6   0x00000032   Code   RO         2069    i.netIP_ntoa        Net_CM3_L.lib(net_addr.o)
    0x0800d4d8   0x0800d4d8   0x00000074   Code   RO         2020    i.netInitialize     Net_CM3_L.lib(net_sys.o)
    0x0800d54c   0x0800d54c   0x0000008c   Code   RO         2070    i.netMAC_aton       Net_CM3_L.lib(net_addr.o)
    0x0800d5d8   0x0800d5d8   0x00000004   Code   RO         1706    i.netTCP_GetLocalPort  Net_CM3_L.lib(net_tcp.o)
    0x0800d5dc   0x0800d5dc   0x00000020   Code   RO         1708    i.netTCP_GetPeer    Net_CM3_L.lib(net_tcp.o)
    0x0800d5fc   0x0800d5fc   0x00000004   Code   RO         1710    i.netTCP_GetState   Net_CM3_L.lib(net_tcp.o)
    0x0800d600   0x0800d600   0x00000004   Code   RO         1711    i.netTCP_GetTimer   Net_CM3_L.lib(net_tcp.o)
    0x0800d604   0x0800d604   0x0000007c   Code   RO         2072    i.net_addr4_aton    Net_CM3_L.lib(net_addr.o)
    0x0800d680   0x0800d680   0x0000001e   Code   RO         2074    i.net_addr4_to_mac  Net_CM3_L.lib(net_addr.o)
    0x0800d69e   0x0800d69e   0x00000002   PAD
    0x0800d6a0   0x0800d6a0   0x000000e6   Code   RO         2075    i.net_addr6_aton    Net_CM3_L.lib(net_addr.o)
    0x0800d786   0x0800d786   0x00000028   Code   RO         2076    i.net_addr6_comp    Net_CM3_L.lib(net_addr.o)
    0x0800d7ae   0x0800d7ae   0x00000012   Code   RO         2077    i.net_addr6_copy    Net_CM3_L.lib(net_addr.o)
    0x0800d7c0   0x0800d7c0   0x0000004c   Code   RO         2078    i.net_addr6_create  Net_CM3_L.lib(net_addr.o)
    0x0800d80c   0x0800d80c   0x00000028   Code   RO         2079    i.net_addr6_get_solicited  Net_CM3_L.lib(net_addr.o)
    0x0800d834   0x0800d834   0x00000018   Code   RO         2080    i.net_addr6_is_linklocal  Net_CM3_L.lib(net_addr.o)
    0x0800d84c   0x0800d84c   0x0000006e   Code   RO         2081    i.net_addr6_is_onlink  Net_CM3_L.lib(net_addr.o)
    0x0800d8ba   0x0800d8ba   0x00000048   Code   RO         2082    i.net_addr6_is_solicited  Net_CM3_L.lib(net_addr.o)
    0x0800d902   0x0800d902   0x00000018   Code   RO         2083    i.net_addr6_is_unspec  Net_CM3_L.lib(net_addr.o)
    0x0800d91a   0x0800d91a   0x0000000e   Code   RO         2085    i.net_addr6_to_mac  Net_CM3_L.lib(net_addr.o)
    0x0800d928   0x0800d928   0x00000026   Code   RO         2087    i.net_addr_copy     Net_CM3_L.lib(net_addr.o)
    0x0800d94e   0x0800d94e   0x0000001a   Code   RO         2088    i.net_addr_find_route  Net_CM3_L.lib(net_addr.o)
    0x0800d968   0x0800d968   0x00000020   Code   RO         2090    i.net_addr_get_local  Net_CM3_L.lib(net_addr.o)
    0x0800d988   0x0800d988   0x00000022   Code   RO         2091    i.net_addr_is_unspec  Net_CM3_L.lib(net_addr.o)
    0x0800d9aa   0x0800d9aa   0x000000a0   Code   RO         1503    i.net_arp_cache_add  Net_CM3_L.lib(net_arp.o)
    0x0800da4a   0x0800da4a   0x00000086   Code   RO         1504    i.net_arp_cache_early  Net_CM3_L.lib(net_arp.o)
    0x0800dad0   0x0800dad0   0x00000080   Code   RO         1505    i.net_arp_cache_find  Net_CM3_L.lib(net_arp.o)
    0x0800db50   0x0800db50   0x00000038   Code   RO         1506    i.net_arp_cache_init  Net_CM3_L.lib(net_arp.o)
    0x0800db88   0x0800db88   0x0000001c   Code   RO         1507    i.net_arp_cache_run  Net_CM3_L.lib(net_arp.o)
    0x0800dba4   0x0800dba4   0x00000066   Code   RO         1509    i.net_arp_enqueue   Net_CM3_L.lib(net_arp.o)
    0x0800dc0a   0x0800dc0a   0x00000020   Code   RO         1511    i.net_arp_notify    Net_CM3_L.lib(net_arp.o)
    0x0800dc2a   0x0800dc2a   0x00000162   Code   RO         1513    i.net_arp_process   Net_CM3_L.lib(net_arp.o)
    0x0800dd8c   0x0800dd8c   0x00000042   Code   RO         2491    i.net_atoi          Net_CM3_L.lib(net_common.o)
    0x0800ddce   0x0800ddce   0x00000002   PAD
    0x0800ddd0   0x0800ddd0   0x00000078   Code   RO         2557    i.net_base64_decode  Net_CM3_L.lib(net_base64.o)
    0x0800de48   0x0800de48   0x00000030   Code   RO         2493    i.net_chksum_buf    Net_CM3_L.lib(net_common.o)
    0x0800de78   0x0800de78   0x0000001e   Code   RO         2494    i.net_crc_buf       Net_CM3_L.lib(net_common.o)
    0x0800de96   0x0800de96   0x0000000e   Code   RO         1444    i.net_eth_callback  Net_CM3_L.lib(net_eth.o)
    0x0800dea4   0x0800dea4   0x00000068   Code   RO         1445    i.net_eth_config_mcast  Net_CM3_L.lib(net_eth.o)
    0x0800df0c   0x0800df0c   0x000000de   Code   RO         1447    i.net_eth_get_option  Net_CM3_L.lib(net_eth.o)
    0x0800dfea   0x0800dfea   0x00000002   PAD
    0x0800dfec   0x0800dfec   0x0000001c   Code   RO         1448    i.net_eth_iface_init  Net_CM3_L.lib(net_eth.o)
    0x0800e008   0x0800e008   0x0000001c   Code   RO         1449    i.net_eth_iface_run  Net_CM3_L.lib(net_eth.o)
    0x0800e024   0x0800e024   0x00000098   Code   RO         1451    i.net_eth_output    Net_CM3_L.lib(net_eth.o)
    0x0800e0bc   0x0800e0bc   0x00000120   Code   RO         1452    i.net_eth_send_frame  Net_CM3_L.lib(net_eth.o)
    0x0800e1dc   0x0800e1dc   0x00000174   Code   RO         1453    i.net_eth_set_option  Net_CM3_L.lib(net_eth.o)
    0x0800e350   0x0800e350   0x000000a8   Code   RO         1887    i.net_http_server_init  Net_CM3_L.lib(net_http_server.o)
    0x0800e3f8   0x0800e3f8   0x00000028   Code   RO         1888    i.net_http_server_run  Net_CM3_L.lib(net_http_server.o)
    0x0800e420   0x0800e420   0x00000018   Code   RO         2439    i.net_icmp6_init    Net_CM3_L.lib(net_icmp6.o)
    0x0800e438   0x0800e438   0x00000148   Code   RO         2440    i.net_icmp6_process  Net_CM3_L.lib(net_icmp6.o)
    0x0800e580   0x0800e580   0x00000064   Code   RO         2441    i.net_icmp6_send    Net_CM3_L.lib(net_icmp6.o)
    0x0800e5e4   0x0800e5e4   0x00000058   Code   RO         2442    i.net_icmp6_send_echo  Net_CM3_L.lib(net_icmp6.o)
    0x0800e63c   0x0800e63c   0x00000018   Code   RO         1625    i.net_icmp_init     Net_CM3_L.lib(net_icmp.o)
    0x0800e654   0x0800e654   0x00000108   Code   RO         1626    i.net_icmp_process  Net_CM3_L.lib(net_icmp.o)
    0x0800e75c   0x0800e75c   0x00000080   Code   RO         1627    i.net_icmp_send_echo  Net_CM3_L.lib(net_icmp.o)
    0x0800e7dc   0x0800e7dc   0x0000000c   Code   RO         2024    i.net_if_map_all    Net_CM3_L.lib(net_sys.o)
    0x0800e7e8   0x0800e7e8   0x0000006c   Code   RO         1558    i.net_igmp_collect_mcast  Net_CM3_L.lib(net_igmp.o)
    0x0800e854   0x0800e854   0x00000038   Code   RO         1559    i.net_igmp_host_init  Net_CM3_L.lib(net_igmp.o)
    0x0800e88c   0x0800e88c   0x0000001c   Code   RO         1560    i.net_igmp_host_run  Net_CM3_L.lib(net_igmp.o)
    0x0800e8a8   0x0800e8a8   0x00000020   Code   RO         1562    i.net_igmp_is_member  Net_CM3_L.lib(net_igmp.o)
    0x0800e8c8   0x0800e8c8   0x000000ec   Code   RO         1563    i.net_igmp_process  Net_CM3_L.lib(net_igmp.o)
    0x0800e9b4   0x0800e9b4   0x00000108   Code   RO         2369    i.net_ip4_chk_frame  Net_CM3_L.lib(net_ip4.o)
    0x0800eabc   0x0800eabc   0x0000002c   Code   RO         2370    i.net_ip4_chksum    Net_CM3_L.lib(net_ip4.o)
    0x0800eae8   0x0800eae8   0x00000006   Code   RO         2371    i.net_ip4_chksum_buf  Net_CM3_L.lib(net_ip4.o)
    0x0800eaee   0x0800eaee   0x00000002   PAD
    0x0800eaf0   0x0800eaf0   0x00000080   Code   RO         2373    i.net_ip4_find_route  Net_CM3_L.lib(net_ip4.o)
    0x0800eb70   0x0800eb70   0x00000124   Code   RO         1604    i.net_ip4_frag_add  Net_CM3_L.lib(net_ip4_frag.o)
    0x0800ec94   0x0800ec94   0x000000ac   Code   RO         1605    i.net_ip4_frag_get  Net_CM3_L.lib(net_ip4_frag.o)
    0x0800ed40   0x0800ed40   0x00000010   Code   RO         1606    i.net_ip4_frag_init  Net_CM3_L.lib(net_ip4_frag.o)
    0x0800ed50   0x0800ed50   0x0000003c   Code   RO         1607    i.net_ip4_frag_run  Net_CM3_L.lib(net_ip4_frag.o)
    0x0800ed8c   0x0800ed8c   0x0000002c   Code   RO         2374    i.net_ip4_get_local  Net_CM3_L.lib(net_ip4.o)
    0x0800edb8   0x0800edb8   0x00000018   Code   RO         2375    i.net_ip4_init      Net_CM3_L.lib(net_ip4.o)
    0x0800edd0   0x0800edd0   0x00000020   Code   RO         2376    i.net_ip4_is_onlink  Net_CM3_L.lib(net_ip4.o)
    0x0800edf0   0x0800edf0   0x00000026   Code   RO         2377    i.net_ip4_is_subcast  Net_CM3_L.lib(net_ip4.o)
    0x0800ee16   0x0800ee16   0x0000000e   Code   RO         2378    i.net_ip4_reass_frame  Net_CM3_L.lib(net_ip4.o)
    0x0800ee24   0x0800ee24   0x00000124   Code   RO         2379    i.net_ip4_send_frame  Net_CM3_L.lib(net_ip4.o)
    0x0800ef48   0x0800ef48   0x0000002a   Code   RO         2381    i.net_ip4_tx_offl_hl  Net_CM3_L.lib(net_ip4.o)
    0x0800ef72   0x0800ef72   0x00000002   PAD
    0x0800ef74   0x0800ef74   0x000000a8   Code   RO         2407    i.net_ip6_chk_frame  Net_CM3_L.lib(net_ip6.o)
    0x0800f01c   0x0800f01c   0x00000032   Code   RO         2408    i.net_ip6_chksum    Net_CM3_L.lib(net_ip6.o)
    0x0800f04e   0x0800f04e   0x00000002   PAD
    0x0800f050   0x0800f050   0x0000007c   Code   RO         2409    i.net_ip6_collect_mcast  Net_CM3_L.lib(net_ip6.o)
    0x0800f0cc   0x0800f0cc   0x00000048   Code   RO         2411    i.net_ip6_find_route  Net_CM3_L.lib(net_ip6.o)
    0x0800f114   0x0800f114   0x00000054   Code   RO         2412    i.net_ip6_get_local  Net_CM3_L.lib(net_ip6.o)
    0x0800f168   0x0800f168   0x00000014   Code   RO         2413    i.net_ip6_init      Net_CM3_L.lib(net_ip6.o)
    0x0800f17c   0x0800f17c   0x00000080   Code   RO         2414    i.net_ip6_send_frame  Net_CM3_L.lib(net_ip6.o)
    0x0800f1fc   0x0800f1fc   0x0000001e   Code   RO         2416    i.net_ip6_tx_offl_hl  Net_CM3_L.lib(net_ip6.o)
    0x0800f21a   0x0800f21a   0x00000008   Code   RO         2495    i.net_itoa          Net_CM3_L.lib(net_common.o)
    0x0800f222   0x0800f222   0x00000006   Code   RO         2497    i.net_itoa_n0       Net_CM3_L.lib(net_common.o)
    0x0800f228   0x0800f228   0x00000024   Code   RO         1586    i.net_loop_iface_init  Net_CM3_L.lib(net_loopback.o)
    0x0800f24c   0x0800f24c   0x000000ac   Code   RO         1587    i.net_loop_iface_run  Net_CM3_L.lib(net_loopback.o)
    0x0800f2f8   0x0800f2f8   0x00000058   Code   RO         1589    i.net_loop_send_frame  Net_CM3_L.lib(net_loopback.o)
    0x0800f350   0x0800f350   0x0000008c   Code   RO         2468    i.net_mem_alloc     Net_CM3_L.lib(net_mem.o)
    0x0800f3dc   0x0800f3dc   0x0000001c   Code   RO         2469    i.net_mem_avail     Net_CM3_L.lib(net_mem.o)
    0x0800f3f8   0x0800f3f8   0x0000007c   Code   RO         2470    i.net_mem_free      Net_CM3_L.lib(net_mem.o)
    0x0800f474   0x0800f474   0x0000005c   Code   RO         2471    i.net_mem_init      Net_CM3_L.lib(net_mem.o)
    0x0800f4d0   0x0800f4d0   0x00000038   Code   RO         2472    i.net_mem_shrink    Net_CM3_L.lib(net_mem.o)
    0x0800f508   0x0800f508   0x00000030   Code   RO         1826    i.net_nbns_client_init  Net_CM3_L.lib(net_nbns_client.o)
    0x0800f538   0x0800f538   0x000000e8   Code   RO         2319    i.net_ndp_cache_find  Net_CM3_L.lib(net_ndp.o)
    0x0800f620   0x0800f620   0x0000004a   Code   RO         2322    i.net_ndp_cache_refresh  Net_CM3_L.lib(net_ndp.o)
    0x0800f66a   0x0800f66a   0x00000060   Code   RO         2325    i.net_ndp_enqueue   Net_CM3_L.lib(net_ndp.o)
    0x0800f6ca   0x0800f6ca   0x00000002   PAD
    0x0800f6cc   0x0800f6cc   0x00000260   Code   RO         2327    i.net_ndp_process   Net_CM3_L.lib(net_ndp.o)
    0x0800f92c   0x0800f92c   0x00000038   Code   RO         2026    i.net_path          Net_CM3_L.lib(net_sys.o)
    0x0800f964   0x0800f964   0x00000010   Code   RO         1997    i.net_ping_client_init  Net_CM3_L.lib(net_ping_core.o)
    0x0800f974   0x0800f974   0x00000040   Code   RO         1998    i.net_ping_client_run  Net_CM3_L.lib(net_ping_core.o)
    0x0800f9b4   0x0800f9b4   0x0000001c   Code   RO         2027    i.net_rand32        Net_CM3_L.lib(net_sys.o)
    0x0800f9d0   0x0800f9d0   0x0000002e   Code   RO         2498    i.net_strcasecmp    Net_CM3_L.lib(net_common.o)
    0x0800f9fe   0x0800f9fe   0x00000016   Code   RO         2499    i.net_strchr        Net_CM3_L.lib(net_common.o)
    0x0800fa14   0x0800fa14   0x0000001a   Code   RO         2500    i.net_strcmp        Net_CM3_L.lib(net_common.o)
    0x0800fa2e   0x0800fa2e   0x00000012   Code   RO         2501    i.net_strcpy        Net_CM3_L.lib(net_common.o)
    0x0800fa40   0x0800fa40   0x0000001c   Code   RO         2503    i.net_strnchr       Net_CM3_L.lib(net_common.o)
    0x0800fa5c   0x0800fa5c   0x0000001a   Code   RO         2504    i.net_strncpy       Net_CM3_L.lib(net_common.o)
    0x0800fa76   0x0800fa76   0x00000020   Code   RO         2505    i.net_strtoupper    Net_CM3_L.lib(net_common.o)
    0x0800fa96   0x0800fa96   0x00000002   PAD
    0x0800fa98   0x0800fa98   0x0000000c   Code   RO         2028    i.net_sys_lock      Net_CM3_L.lib(net_sys.o)
    0x0800faa4   0x0800faa4   0x00000016   Code   RO         2029    i.net_sys_resume    Net_CM3_L.lib(net_sys.o)
    0x0800faba   0x0800faba   0x00000002   PAD
    0x0800fabc   0x0800fabc   0x00000014   Code   RO         2031    i.net_sys_tick      Net_CM3_L.lib(net_sys.o)
    0x0800fad0   0x0800fad0   0x0000000c   Code   RO         2032    i.net_sys_unlock    Net_CM3_L.lib(net_sys.o)
    0x0800fadc   0x0800fadc   0x00000020   Code   RO         2034    i.net_sys_wakeup    Net_CM3_L.lib(net_sys.o)
    0x0800fafc   0x0800fafc   0x0000005c   Code   RO         1718    i.net_tcp_abort     Net_CM3_L.lib(net_tcp.o)
    0x0800fb58   0x0800fb58   0x000000ac   Code   RO         1721    i.net_tcp_close     Net_CM3_L.lib(net_tcp.o)
    0x0800fc04   0x0800fc04   0x0000001e   Code   RO         1724    i.net_tcp_get_buf   Net_CM3_L.lib(net_tcp.o)
    0x0800fc22   0x0800fc22   0x00000002   PAD
    0x0800fc24   0x0800fc24   0x00000034   Code   RO         1726    i.net_tcp_get_local_port  Net_CM3_L.lib(net_tcp.o)
    0x0800fc58   0x0800fc58   0x00000028   Code   RO         1727    i.net_tcp_get_mss   Net_CM3_L.lib(net_tcp.o)
    0x0800fc80   0x0800fc80   0x00000054   Code   RO         1729    i.net_tcp_get_peer  Net_CM3_L.lib(net_tcp.o)
    0x0800fcd4   0x0800fcd4   0x00000044   Code   RO         1731    i.net_tcp_get_socket  Net_CM3_L.lib(net_tcp.o)
    0x0800fd18   0x0800fd18   0x0000002c   Code   RO         1732    i.net_tcp_get_state  Net_CM3_L.lib(net_tcp.o)
    0x0800fd44   0x0800fd44   0x00000034   Code   RO         1733    i.net_tcp_get_timer  Net_CM3_L.lib(net_tcp.o)
    0x0800fd78   0x0800fd78   0x0000007c   Code   RO         1734    i.net_tcp_listen    Net_CM3_L.lib(net_tcp.o)
    0x0800fdf4   0x0800fdf4   0x00000520   Code   RO         1736    i.net_tcp_process   Net_CM3_L.lib(net_tcp.o)
    0x08010314   0x08010314   0x000000e8   Code   RO         1740    i.net_tcp_send      Net_CM3_L.lib(net_tcp.o)
    0x080103fc   0x080103fc   0x000000a4   Code   RO         1742    i.net_tcp_set_option  Net_CM3_L.lib(net_tcp.o)
    0x080104a0   0x080104a0   0x00000014   Code   RO         1743    i.net_tcp_socket_init  Net_CM3_L.lib(net_tcp.o)
    0x080104b4   0x080104b4   0x00000308   Code   RO         1744    i.net_tcp_socket_run  Net_CM3_L.lib(net_tcp.o)
    0x080107bc   0x080107bc   0x0000001e   Code   RO         1655    i.net_udp_get_buf   Net_CM3_L.lib(net_udp.o)
    0x080107da   0x080107da   0x00000002   PAD
    0x080107dc   0x080107dc   0x00000048   Code   RO         1658    i.net_udp_get_socket  Net_CM3_L.lib(net_udp.o)
    0x08010824   0x08010824   0x0000006c   Code   RO         1660    i.net_udp_open      Net_CM3_L.lib(net_udp.o)
    0x08010890   0x08010890   0x00000110   Code   RO         1661    i.net_udp_process   Net_CM3_L.lib(net_udp.o)
    0x080109a0   0x080109a0   0x000001b8   Code   RO         1664    i.net_udp_send_if   Net_CM3_L.lib(net_udp.o)
    0x08010b58   0x08010b58   0x00000010   Code   RO         1666    i.net_udp_socket_init  Net_CM3_L.lib(net_udp.o)
    0x08010b68   0x08010b68   0x00000008   Code   RO         2506    i.net_ultoa         Net_CM3_L.lib(net_common.o)
    0x08010b70   0x08010b70   0x00000030   Code   RO         2509    i.net_ultox         Net_CM3_L.lib(net_common.o)
    0x08010ba0   0x08010ba0   0x0000004c   Code   RO         2510    i.net_xtoul         Net_CM3_L.lib(net_common.o)
    0x08010bec   0x08010bec   0x0000001c   Code   RO         2001    i.ping_send_req     Net_CM3_L.lib(net_ping_core.o)
    0x08010c08   0x08010c08   0x00000058   Code   RO         1891    i.proc_req_line     Net_CM3_L.lib(net_http_server.o)
    0x08010c60   0x08010c60   0x0000001a   Code   RO         1609    i.que_free_list     Net_CM3_L.lib(net_ip4_frag.o)
    0x08010c7a   0x08010c7a   0x000000a0   Code   RO         1892    i.read_script_line  Net_CM3_L.lib(net_http_server.o)
    0x08010d1a   0x08010d1a   0x00000048   Code   RO         1893    i.search_delim      Net_CM3_L.lib(net_http_server.o)
    0x08010d62   0x08010d62   0x00000018   Code   RO         2035    i.sys_map_if        Net_CM3_L.lib(net_sys.o)
    0x08010d7a   0x08010d7a   0x00000002   PAD
    0x08010d7c   0x08010d7c   0x0000004c   Code   RO         2036    i.sys_proc_tick     Net_CM3_L.lib(net_sys.o)
    0x08010dc8   0x08010dc8   0x000000f0   Code   RO         1746    i.tcp_map_socket    Net_CM3_L.lib(net_tcp.o)
    0x08010eb8   0x08010eb8   0x0000005e   Code   RO         1747    i.tcp_parse_opt     Net_CM3_L.lib(net_tcp.o)
    0x08010f16   0x08010f16   0x00000002   PAD
    0x08010f18   0x08010f18   0x000000d4   Code   RO         1748    i.tcp_proc_acknr    Net_CM3_L.lib(net_tcp.o)
    0x08010fec   0x08010fec   0x00000060   Code   RO         1749    i.tcp_proc_dupack   Net_CM3_L.lib(net_tcp.o)
    0x0801104c   0x0801104c   0x0000001a   Code   RO         1750    i.tcp_que_free      Net_CM3_L.lib(net_tcp.o)
    0x08011066   0x08011066   0x0000001a   Code   RO         1751    i.tcp_que_init      Net_CM3_L.lib(net_tcp.o)
    0x08011080   0x08011080   0x00000098   Code   RO         1752    i.tcp_que_resend    Net_CM3_L.lib(net_tcp.o)
    0x08011118   0x08011118   0x0000007e   Code   RO         1753    i.tcp_send_ctrl     Net_CM3_L.lib(net_tcp.o)
    0x08011196   0x08011196   0x00000062   Code   RO         1754    i.tcp_send_data     Net_CM3_L.lib(net_tcp.o)
    0x080111f8   0x080111f8   0x00000080   Code   RO         1755    i.tcp_send_reset    Net_CM3_L.lib(net_tcp.o)
    0x08011278   0x08011278   0x0000002c   Code   RO         1756    i.tcp_set_cwnd      Net_CM3_L.lib(net_tcp.o)
    0x080112a4   0x080112a4   0x00000074   Code   RO         1757    i.tcp_transit       Net_CM3_L.lib(net_tcp.o)
    0x08011318   0x08011318   0x000000fc   Code   RO         1758    i.tcp_write         Net_CM3_L.lib(net_tcp.o)
    0x08011414   0x08011414   0x0000002c   Code   RO         1668    i.udp_port_in_use   Net_CM3_L.lib(net_udp.o)
    0x08011440   0x08011440   0x00000044   Code   RO         2511    i.ul2str            Net_CM3_L.lib(net_common.o)
    0x08011484   0x08011484   0x00000124   Code   RO         1894    i.utc_to_http       Net_CM3_L.lib(net_http_server.o)
    0x080115a8   0x080115a8   0x00000024   Data   RO          148    .constdata          http_server.o
    0x080115cc   0x080115cc   0x00000960   Data   RO          280    .constdata          lcd.o
    0x08011f2c   0x08011f2c   0x00000004   Data   RO          342    .constdata          web.o
    0x08011f30   0x08011f30   0x000064ce   Data   RO          343    .constdata          web.o
    0x080183fe   0x080183fe   0x00000002   PAD
    0x08018400   0x08018400   0x000000a0   Data   RO          344    .constdata          web.o
    0x080184a0   0x080184a0   0x00000024   Data   RO          369    .constdata          rtx_lib.o
    0x080184c4   0x080184c4   0x00000024   Data   RO          370    .constdata          rtx_lib.o
    0x080184e8   0x080184e8   0x00000018   Data   RO          371    .constdata          rtx_lib.o
    0x08018500   0x08018500   0x00000004   Data   RO          373    .constdata          rtx_lib.o
    0x08018504   0x08018504   0x00000004   Data   RO          439    .constdata          phy_lan8742a.o
    0x08018508   0x08018508   0x00000020   Data   RO          440    .constdata          phy_lan8742a.o
    0x08018528   0x08018528   0x00000050   Data   RO          467    .constdata          emac_stm32f4xx.o
    0x08018578   0x08018578   0x00000044   Data   RO          468    .constdata          emac_stm32f4xx.o
    0x080185bc   0x080185bc   0x00000034   Data   RO          516    .constdata          spi_stm32f4xx.o
    0x080185f0   0x080185f0   0x00000010   Data   RO          517    .constdata          spi_stm32f4xx.o
    0x08018600   0x08018600   0x00000010   Data   RO          518    .constdata          spi_stm32f4xx.o
    0x08018610   0x08018610   0x0000002c   Data   RO          519    .constdata          spi_stm32f4xx.o
    0x0801863c   0x0801863c   0x00000008   Data   RO          659    .constdata          stm32f4xx_hal_dma.o
    0x08018644   0x08018644   0x00000010   Data   RO          933    .constdata          system_stm32f4xx.o
    0x08018654   0x08018654   0x00000008   Data   RO          934    .constdata          system_stm32f4xx.o
    0x0801865c   0x0801865c   0x000000a8   Data   RO         1002    .constdata          net_config.o
    0x08018704   0x08018704   0x0000001c   Data   RO         1003    .constdata          net_config.o
    0x08018720   0x08018720   0x00000014   Data   RO         1004    .constdata          net_config.o
    0x08018734   0x08018734   0x0000000c   Data   RO         1005    .constdata          net_config.o
    0x08018740   0x08018740   0x00000010   Data   RO         1006    .constdata          net_config.o
    0x08018750   0x08018750   0x00000028   Data   RO         1007    .constdata          net_config.o
    0x08018778   0x08018778   0x0000002c   Data   RO         1008    .constdata          net_config.o
    0x080187a4   0x080187a4   0x00000008   Data   RO         1009    .constdata          net_config.o
    0x080187ac   0x080187ac   0x00000008   Data   RO         1011    .constdata          net_config.o
    0x080187b4   0x080187b4   0x00000008   Data   RO         1012    .constdata          net_config.o
    0x080187bc   0x080187bc   0x00000008   Data   RO         1013    .constdata          net_config.o
    0x080187c4   0x080187c4   0x00000008   Data   RO         1014    .constdata          net_config.o
    0x080187cc   0x080187cc   0x00000008   Data   RO         1015    .constdata          net_config.o
    0x080187d4   0x080187d4   0x00000008   Data   RO         1016    .constdata          net_config.o
    0x080187dc   0x080187dc   0x00000004   Data   RO         1018    .constdata          net_config.o
    0x080187e0   0x080187e0   0x00000008   Data   RO         1019    .constdata          net_config.o
    0x080187e8   0x080187e8   0x0000000c   Data   RO         1020    .constdata          net_config.o
    0x080187f4   0x080187f4   0x00000018   Data   RO         1021    .constdata          net_config.o
    0x0801880c   0x0801880c   0x00000034   Data   RO         1022    .constdata          net_config.o
    0x08018840   0x08018840   0x0000002c   Data   RO         1023    .constdata          net_config.o
    0x0801886c   0x0801886c   0x00000024   Data   RO         1024    .constdata          net_config.o
    0x08018890   0x08018890   0x00000010   Data   RO         1026    .constdata          net_config.o
    0x080188a0   0x080188a0   0x00000010   Data   RO         1027    .constdata          net_config.o
    0x080188b0   0x080188b0   0x00000008   Data   RO         1564    .constdata          Net_CM3_L.lib(net_igmp.o)
    0x080188b8   0x080188b8   0x0000002c   Data   RO         1590    .constdata          Net_CM3_L.lib(net_loopback.o)
    0x080188e4   0x080188e4   0x0000000c   Data   RO         1591    .constdata          Net_CM3_L.lib(net_loopback.o)
    0x080188f0   0x080188f0   0x00000008   Data   RO         1828    .constdata          Net_CM3_L.lib(net_nbns_client.o)
    0x080188f8   0x080188f8   0x000000fa   Data   RO         1896    .constdata          Net_CM3_L.lib(net_http_server.o)
    0x080189f2   0x080189f2   0x00000002   PAD
    0x080189f4   0x080189f4   0x00000018   Data   RO         1974    .constdata          Net_CM3_L.lib(net_http_server_auth.o)
    0x08018a0c   0x08018a0c   0x00000012   Data   RO         2003    .constdata          Net_CM3_L.lib(net_ping_core.o)
    0x08018a1e   0x08018a1e   0x00000010   Data   RO         2095    .constdata          Net_CM3_L.lib(net_addr.o)
    0x08018a2e   0x08018a2e   0x00000006   Data   RO         2096    .constdata          Net_CM3_L.lib(net_addr.o)
    0x08018a34   0x08018a34   0x00000004   Data   RO         2383    .constdata          Net_CM3_L.lib(net_ip4.o)
    0x08018a38   0x08018a38   0x00000020   Data   RO         2418    .constdata          Net_CM3_L.lib(net_ip6.o)
    0x08018a58   0x08018a58   0x00000018   Data   RO         2458    .constdata          Net_CM3_L.lib(net_http_server_err.o)
    0x08018a70   0x08018a70   0x00000010   Data   RO         2512    .constdata          Net_CM3_L.lib(net_common.o)
    0x08018a80   0x08018a80   0x00000090   Data   RO         2559    .constdata          Net_CM3_L.lib(net_base64.o)
    0x08018b10   0x08018b10   0x00000004   Data   RO         2568    .constdata          Net_CM3_L.lib(net_version.o)
    0x08018b14   0x08018b14   0x000000da   Data   RO          212    .conststring        http_server_cgi.o
    0x08018bee   0x08018bee   0x00000002   PAD
    0x08018bf0   0x08018bf0   0x00000078   Data   RO         1028    .conststring        net_config.o
    0x08018c68   0x08018c68   0x0000000d   Data   RO         1029    .conststring        net_config.o
    0x08018c75   0x08018c75   0x00000003   PAD
    0x08018c78   0x08018c78   0x0000003a   Data   RO         1030    .conststring        net_config.o
    0x08018cb2   0x08018cb2   0x00000002   PAD
    0x08018cb4   0x08018cb4   0x0000001d   Data   RO         1031    .conststring        net_config.o
    0x08018cd1   0x08018cd1   0x00000003   PAD
    0x08018cd4   0x08018cd4   0x00000203   Data   RO         2459    .conststring        Net_CM3_L.lib(net_http_server_err.o)
    0x08018ed7   0x08018ed7   0x00000001   PAD
    0x08018ed8   0x08018ed8   0x000000a8   Data   RO          374    .rodata             rtx_lib.o
    0x08018f80   0x08018f80   0x0000000b   Data   RO         1138    .rodata.str1.4      RTX_CM4F.lib(rtx_kernel.o)
    0x08018f8b   0x08018f8b   0x00000001   PAD
    0x08018f8c   0x08018f8c   0x00000020   Data   RO         2903    Region$$Table       anon$$obj.o


    Execution Region RW_IRAM1 (Exec base: 0x20000000, Load base: 0x08018fac, Size: 0x0000f558, Max: 0x00020000, ABSOLUTE, COMPRESSED[0x00000138])

    Exec Addr    Load Addr    Size         Type   Attr      Idx    E Section Name        Object

    0x20000000   COMPRESSED   0x00008000   Data   RW          361    .bss.os             rtx_lib.o
    0x20008000   COMPRESSED   0x00000040   Data   RW          362    .bss.os             rtx_lib.o
    0x20008040   COMPRESSED   0x00000034   Data   RW          363    .bss.os.msgqueue.cb  rtx_lib.o
    0x20008074   COMPRESSED   0x00000050   Data   RW          364    .bss.os.msgqueue.mem  rtx_lib.o
    0x200080c4   COMPRESSED   0x0000001c   Data   RW          996    .bss.os.mutex.cb    net_config.o
    0x200080e0   COMPRESSED   0x0000001c   Data   RW          997    .bss.os.mutex.cb    net_config.o
    0x200080fc   COMPRESSED   0x00000010   Data   RW          998    .bss.os.semaphore.cb  net_config.o
    0x2000810c   COMPRESSED   0x00000044   Data   RW          365    .bss.os.thread.cb   rtx_lib.o
    0x20008150   COMPRESSED   0x00000044   Data   RW          366    .bss.os.thread.cb   rtx_lib.o
    0x20008194   COMPRESSED   0x00000044   Data   RW          999    .bss.os.thread.cb   net_config.o
    0x200081d8   COMPRESSED   0x00000044   Data   RW         1000    .bss.os.thread.cb   net_config.o
    0x2000821c   COMPRESSED   0x00000004   PAD
    0x20008220   COMPRESSED   0x00000200   Data   RW          367    .bss.os.thread.idle.stack  rtx_lib.o
    0x20008420   COMPRESSED   0x00000200   Data   RW          368    .bss.os.thread.timer.stack  rtx_lib.o
    0x20008620   COMPRESSED   0x00000020   Data   RW         1001    .bss.os.timer.cb    net_config.o
    0x20008640   COMPRESSED   0x00000004   Data   RW            5    .data               main.o
    0x20008644   COMPRESSED   0x0000003a   Data   RW          149    .data               http_server.o
    0x2000867e   COMPRESSED   0x00000002   PAD
    0x20008680   COMPRESSED   0x00000008   Data   RW          213    .data               http_server_cgi.o
    0x20008688   COMPRESSED   0x00000001   Data   RW          250    .data               adc.o
    0x20008689   COMPRESSED   0x00000003   PAD
    0x2000868c   COMPRESSED   0x00000008   Data   RW          281    .data               lcd.o
    0x20008694   COMPRESSED   0x0000000c   Data   RW          553    .data               stm32f4xx_hal.o
    0x200086a0   COMPRESSED   0x00000004   Data   RW          935    .data               system_stm32f4xx.o
    0x200086a4   COMPRESSED   0x00000004   Data   RW         1032    .data               net_config.o
    0x200086a8   COMPRESSED   0x00000006   Data   RW         1033    .data               net_config.o
    0x200086ae   COMPRESSED   0x00000004   Data   RW         1034    .data               net_config.o
    0x200086b2   COMPRESSED   0x00000004   Data   RW         1565    .data               Net_CM3_L.lib(net_igmp.o)
    0x200086b6   COMPRESSED   0x00000002   PAD
    0x200086b8   COMPRESSED   0x00000004   Data   RW         1592    .data               Net_CM3_L.lib(net_loopback.o)
    0x200086bc   COMPRESSED   0x00000004   Data   RW         1610    .data               Net_CM3_L.lib(net_ip4_frag.o)
    0x200086c0   COMPRESSED   0x00000001   Data   RW         1628    .data               Net_CM3_L.lib(net_icmp.o)
    0x200086c1   COMPRESSED   0x00000001   PAD
    0x200086c2   COMPRESSED   0x00000002   Data   RW         1670    .data               Net_CM3_L.lib(net_udp.o)
    0x200086c4   COMPRESSED   0x00000004   Data   RW         1761    .data               Net_CM3_L.lib(net_tcp.o)
    0x200086c8   COMPRESSED   0x00000001   Data   RW         1829    .data               Net_CM3_L.lib(net_nbns_client.o)
    0x200086c9   COMPRESSED   0x00000003   PAD
    0x200086cc   COMPRESSED   0x0000000c   Data   RW         1897    .data               Net_CM3_L.lib(net_http_server.o)
    0x200086d8   COMPRESSED   0x00000008   Data   RW         2384    .data               Net_CM3_L.lib(net_ip4.o)
    0x200086e0   COMPRESSED   0x00000004   Data   RW         2420    .data               Net_CM3_L.lib(net_ip6.o)
    0x200086e4   COMPRESSED   0x000000a4   Data   RW         1139    .data.os            RTX_CM4F.lib(rtx_kernel.o)
    0x20008788        -       0x00000018   Zero   RW          145    .bss                http_server.o
    0x200087a0        -       0x00000400   Zero   RW          146    .bss                http_server.o
    0x20008ba0        -       0x00000038   Zero   RW          211    .bss                http_server_cgi.o
    0x20008bd8        -       0x00000048   Zero   RW          249    .bss                adc.o
    0x20008c20        -       0x00000200   Zero   RW          279    .bss                lcd.o
    0x20008e20        -       0x00000014   Zero   RW          319    .bss                leds.o
    0x20008e34        -       0x0000000c   Zero   RW          438    .bss                phy_lan8742a.o
    0x20008e40        -       0x000024cc   Zero   RW          466    .bss                emac_stm32f4xx.o
    0x2000b30c        -       0x00000010   Zero   RW          514    .bss                spi_stm32f4xx.o
    0x2000b31c        -       0x0000001c   Zero   RW          515    .bss                spi_stm32f4xx.o
    0x2000b338        -       0x00000400   Zero   RW          986    .bss                net_config.o
    0x2000b738        -       0x00000400   Zero   RW          987    .bss                net_config.o
    0x2000bb38        -       0x00002ee0   Zero   RW          988    .bss                net_config.o
    0x2000ea18        -       0x000000c8   Zero   RW          989    .bss                net_config.o
    0x2000eae0        -       0x00000028   Zero   RW          990    .bss                net_config.o
    0x2000eb08        -       0x00000018   Zero   RW          991    .bss                net_config.o
    0x2000eb20        -       0x00000028   Zero   RW          992    .bss                net_config.o
    0x2000eb48        -       0x00000050   Zero   RW          993    .bss                net_config.o
    0x2000eb98        -       0x00000228   Zero   RW          994    .bss                net_config.o
    0x2000edc0        -       0x00000150   Zero   RW          995    .bss                net_config.o
    0x2000ef10        -       0x000000a0   Zero   RW         1454    .bss                Net_CM3_L.lib(net_eth.o)
    0x2000efb0        -       0x00000018   Zero   RW         1514    .bss                Net_CM3_L.lib(net_arp.o)
    0x2000efc8        -       0x0000001c   Zero   RW         1669    .bss                Net_CM3_L.lib(net_udp.o)
    0x2000efe4        -       0x00000098   Zero   RW         1895    .bss                Net_CM3_L.lib(net_http_server.o)
    0x2000f07c        -       0x0000002c   Zero   RW         2002    .bss                Net_CM3_L.lib(net_ping_core.o)
    0x2000f0a8        -       0x00000038   Zero   RW         2037    .bss                Net_CM3_L.lib(net_sys.o)
    0x2000f0e0        -       0x0000005c   Zero   RW         2094    .bss                Net_CM3_L.lib(net_addr.o)
    0x2000f13c        -       0x00000014   Zero   RW         2474    .bss                Net_CM3_L.lib(net_mem.o)
    0x2000f150        -       0x00000001   Zero   RW         2291    .bss.os             RTX_CM4F.lib(os_systick.o)
    0x2000f151   COMPRESSED   0x00000007   PAD
    0x2000f158        -       0x00000400   Zero   RW          922    STACK               startup_stm32f407xx.o


==============================================================================

Image component sizes


      Code (inc. data)   RO Data    RW Data    ZI Data      Debug   Object Name

       280         26          0          1         72       2280   adc.o
      2308        142        148          0       9420      46786   emac_stm32f4xx.o
       272         26         36         58       1048      15646   http_server.o
      1824        408        218          8         56       7593   http_server_cgi.o
      1200         58       2400          8        512       5295   lcd.o
       256         14          0          0         20       1838   leds.o
       268         30          0          4          0     708391   main.o
       360         26        816        254      15320      32298   net_config.o
       408          8         36          0         12       6930   phy_lan8742a.o
         4          0          0          0          0        615   rtx_config.o
         0          0        268      34124          0       9130   rtx_lib.o
      2712         96        128          0         44      43691   spi_stm32f4xx.o
        36          8        392          0       1024        852   startup_stm32f407xx.o
       432         34          0         12          0      11220   stm32f4xx_hal.o
      2612         92          0          0          0       8867   stm32f4xx_hal_adc.o
      1736         46          0          0          0       6666   stm32f4xx_hal_adc_ex.o
       644          8          0          0          0      36178   stm32f4xx_hal_cortex.o
      1720         26          8          0          0       7877   stm32f4xx_hal_dma.o
       852         46          0          0          0       4163   stm32f4xx_hal_gpio.o
      1752         78          0          0          0       5913   stm32f4xx_hal_rcc.o
      8548        158          0          0          0      35402   stm32f4xx_hal_tim.o
      2906         60          0          0          0      13316   stm32f4xx_hal_tim_ex.o
       204         32         24          4          0       1709   system_stm32f4xx.o
        92         10      25970          0          0       1628   web.o

    ----------------------------------------------------------------------
     31428       1432      30488      34482      27528    1014284   Object Totals
         0          0         32          0          0          0   (incl. Generated)
         2          0         12          9          0          0   (incl. Padding)

    ----------------------------------------------------------------------

      Code (inc. data)   RO Data    RW Data    ZI Data      Debug   Library Member Name

      1414         18         22          0         92       1556   net_addr.o
      2066         58          0          0         24       1432   net_arp.o
       120          6        144          0          0         84   net_base64.o
       622         10         16          0          0       1340   net_common.o
      2936         98          0          0        160       1588   net_eth.o
      6122       1226        250         12        152       2852   net_http_server.o
       246         62         24          0          0        368   net_http_server_auth.o
         0          0        539          0          0          0   net_http_server_err.o
       416         26          0          1          0        232   net_icmp.o
       540         36          0          0          0        332   net_icmp6.o
       724         30          8          4          0        664   net_igmp.o
       980         60          4          8          0        948   net_ip4.o
       690         30          0          4          0        476   net_ip4_frag.o
       676         54         32          4          0        636   net_ip6.o
       296         20         56          4          0        256   net_loopback.o
       464         46          0          0         20        556   net_mem.o
       344         22          8          1          0        180   net_nbns_client.o
      2024         22          0          0          0       1232   net_ndp.o
       108         18         18          0         44        212   net_ping_core.o
       754         76          0          0         56       1012   net_sys.o
      4916        180          0          4          0       2620   net_tcp.o
       982         46          0          2         28        588   net_udp.o
         0          0          4          0          0          0   net_version.o
       200         12          0          0          0        634   irq_armv7m.o
       126         32          0          0          1       3200   os_systick.o
        58          4          0          0          0       2791   rtx_delay.o
       660         72         11        164          0      16501   rtx_kernel.o
       228          0          0          0          0       2537   rtx_memory.o
       188          0          0          0          0      16008   rtx_mempool.o
      1318         32          0          0          0      18657   rtx_msgqueue.o
       886         32          0          0          0       9962   rtx_mutex.o
       696         32          0          0          0      10527   rtx_semaphore.o
       376         26          0          0          0       5296   rtx_system.o
      2420        132          0          0          0      31847   rtx_thread.o
       664         44          0          0          0      10397   rtx_timer.o
        86          0          0          0          0          0   __dczerorl2.o
         0          0          0          0          0          0   entry.o
         0          0          0          0          0          0   entry10a.o
         0          0          0          0          0          0   entry11a.o
         4          0          0          0          0          0   entry12b.o
         8          4          0          0          0          0   entry2.o
         4          0          0          0          0          0   entry5.o
         0          0          0          0          0          0   entry7b.o
         0          0          0          0          0          0   entry8b.o
         8          4          0          0          0          0   entry9a.o
        30          0          0          0          0          0   handlers.o
        36          8          0          0          0         68   init.o
         0          0          0          0          0          0   iusefp.o
        30          0          0          0          0         68   llshl.o
        36          0          0          0          0         68   llsshr.o
        32          0          0          0          0         68   llushr.o
        26          0          0          0          0         80   memcmp.o
        36          0          0          0          0         68   memcpya.o
        36          0          0          0          0        108   memseta.o
      2236         86          0          0          0        532   printfa.o
        28          0          0          0          0         76   strcmp.o
        18          0          0          0          0         68   strcpy.o
        14          0          0          0          0         68   strlen.o
        30          0          0          0          0         80   strncmp.o
        44          0          0          0          0         80   uidiv.o
        98          0          0          0          0         92   uldiv.o
        48          0          0          0          0         68   cdrcmple.o
       334          0          0          0          0        148   dadd.o
       222          0          0          0          0        100   ddiv.o
       186          0          0          0          0        176   depilogue.o
        48          0          0          0          0         68   dfixul.o
       228          0          0          0          0         96   dmul.o
        38          0          0          0          0         68   f2d.o

    ----------------------------------------------------------------------
     39260       2664       1140        214        584     149769   Library Totals
        56          0          4          6          7          0   (incl. Padding)

    ----------------------------------------------------------------------

      Code (inc. data)   RO Data    RW Data    ZI Data      Debug   Library Name

     27440       2144       1125         44        576      19164   Net_CM3_L.lib
      7820        418         11        164          1     128357   RTX_CM4F.lib
      2840        102          0          0          0       1524   mc_w.l
      1104          0          0          0          0        724   mf_w.l

    ----------------------------------------------------------------------
     39260       2664       1140        214        584     149769   Library Totals

    ----------------------------------------------------------------------

==============================================================================


      Code (inc. data)   RO Data    RW Data    ZI Data      Debug   

     70688       4096      31628      34696      28112    1145505   Grand Totals
     70688       4096      31628        312      28112    1145505   ELF Image Totals (compressed)
     70688       4096      31628        312          0          0   ROM Totals

==============================================================================

    Total RO  Size (Code + RO Data)               102316 (  99.92kB)
    Total RW  Size (RW Data + ZI Data)             62808 (  61.34kB)
    Total ROM Size (Code + RO Data + RW Data)     102628 ( 100.22kB)

==============================================================================

